Archive member included to satisfy reference by file (symbol)

c:/st/stm32cubeide_1.12.0/stm32cubeide/plugins/com.st.stm32cube.ide.mcu.externaltools.gnu-tools-for-stm32.10.3-2021.10.win32_1.0.200.202301161003/tools/bin/../lib/gcc/arm-none-eabi/10.3.1/../../../../arm-none-eabi/lib/thumb/v7e-m+dp/hard\libc_nano.a(lib_a-errno.o)
                              ./Core/Src/syscalls.o (__errno)
c:/st/stm32cubeide_1.12.0/stm32cubeide/plugins/com.st.stm32cube.ide.mcu.externaltools.gnu-tools-for-stm32.10.3-2021.10.win32_1.0.200.202301161003/tools/bin/../lib/gcc/arm-none-eabi/10.3.1/../../../../arm-none-eabi/lib/thumb/v7e-m+dp/hard\libc_nano.a(lib_a-exit.o)
                              c:/st/stm32cubeide_1.12.0/stm32cubeide/plugins/com.st.stm32cube.ide.mcu.externaltools.gnu-tools-for-stm32.10.3-2021.10.win32_1.0.200.202301161003/tools/bin/../lib/gcc/arm-none-eabi/10.3.1/../../../../arm-none-eabi/lib/thumb/v7e-m+dp/hard/crt0.o (exit)
c:/st/stm32cubeide_1.12.0/stm32cubeide/plugins/com.st.stm32cube.ide.mcu.externaltools.gnu-tools-for-stm32.10.3-2021.10.win32_1.0.200.202301161003/tools/bin/../lib/gcc/arm-none-eabi/10.3.1/../../../../arm-none-eabi/lib/thumb/v7e-m+dp/hard\libc_nano.a(lib_a-impure.o)
                              c:/st/stm32cubeide_1.12.0/stm32cubeide/plugins/com.st.stm32cube.ide.mcu.externaltools.gnu-tools-for-stm32.10.3-2021.10.win32_1.0.200.202301161003/tools/bin/../lib/gcc/arm-none-eabi/10.3.1/../../../../arm-none-eabi/lib/thumb/v7e-m+dp/hard\libc_nano.a(lib_a-exit.o) (_global_impure_ptr)
c:/st/stm32cubeide_1.12.0/stm32cubeide/plugins/com.st.stm32cube.ide.mcu.externaltools.gnu-tools-for-stm32.10.3-2021.10.win32_1.0.200.202301161003/tools/bin/../lib/gcc/arm-none-eabi/10.3.1/../../../../arm-none-eabi/lib/thumb/v7e-m+dp/hard\libc_nano.a(lib_a-init.o)
                              c:/st/stm32cubeide_1.12.0/stm32cubeide/plugins/com.st.stm32cube.ide.mcu.externaltools.gnu-tools-for-stm32.10.3-2021.10.win32_1.0.200.202301161003/tools/bin/../lib/gcc/arm-none-eabi/10.3.1/../../../../arm-none-eabi/lib/thumb/v7e-m+dp/hard/crt0.o (__libc_init_array)
c:/st/stm32cubeide_1.12.0/stm32cubeide/plugins/com.st.stm32cube.ide.mcu.externaltools.gnu-tools-for-stm32.10.3-2021.10.win32_1.0.200.202301161003/tools/bin/../lib/gcc/arm-none-eabi/10.3.1/../../../../arm-none-eabi/lib/thumb/v7e-m+dp/hard\libc_nano.a(lib_a-memcpy-stub.o)
                              ./Drivers/STM32H7xx_HAL_Driver/Src/stm32h7xx_hal_fdcan.o (memcpy)
c:/st/stm32cubeide_1.12.0/stm32cubeide/plugins/com.st.stm32cube.ide.mcu.externaltools.gnu-tools-for-stm32.10.3-2021.10.win32_1.0.200.202301161003/tools/bin/../lib/gcc/arm-none-eabi/10.3.1/../../../../arm-none-eabi/lib/thumb/v7e-m+dp/hard\libc_nano.a(lib_a-memset.o)
                              c:/st/stm32cubeide_1.12.0/stm32cubeide/plugins/com.st.stm32cube.ide.mcu.externaltools.gnu-tools-for-stm32.10.3-2021.10.win32_1.0.200.202301161003/tools/bin/../lib/gcc/arm-none-eabi/10.3.1/../../../../arm-none-eabi/lib/thumb/v7e-m+dp/hard/crt0.o (memset)
c:/st/stm32cubeide_1.12.0/stm32cubeide/plugins/com.st.stm32cube.ide.mcu.externaltools.gnu-tools-for-stm32.10.3-2021.10.win32_1.0.200.202301161003/tools/bin/../lib/gcc/arm-none-eabi/10.3.1/thumb/v7e-m+dp/hard\libgcc.a(_aeabi_uldivmod.o)
                              ./Drivers/STM32H7xx_HAL_Driver/Src/stm32h7xx_hal_uart.o (__aeabi_uldivmod)
c:/st/stm32cubeide_1.12.0/stm32cubeide/plugins/com.st.stm32cube.ide.mcu.externaltools.gnu-tools-for-stm32.10.3-2021.10.win32_1.0.200.202301161003/tools/bin/../lib/gcc/arm-none-eabi/10.3.1/thumb/v7e-m+dp/hard\libgcc.a(_udivmoddi4.o)
                              c:/st/stm32cubeide_1.12.0/stm32cubeide/plugins/com.st.stm32cube.ide.mcu.externaltools.gnu-tools-for-stm32.10.3-2021.10.win32_1.0.200.202301161003/tools/bin/../lib/gcc/arm-none-eabi/10.3.1/thumb/v7e-m+dp/hard\libgcc.a(_aeabi_uldivmod.o) (__udivmoddi4)
c:/st/stm32cubeide_1.12.0/stm32cubeide/plugins/com.st.stm32cube.ide.mcu.externaltools.gnu-tools-for-stm32.10.3-2021.10.win32_1.0.200.202301161003/tools/bin/../lib/gcc/arm-none-eabi/10.3.1/thumb/v7e-m+dp/hard\libgcc.a(_dvmd_tls.o)
                              c:/st/stm32cubeide_1.12.0/stm32cubeide/plugins/com.st.stm32cube.ide.mcu.externaltools.gnu-tools-for-stm32.10.3-2021.10.win32_1.0.200.202301161003/tools/bin/../lib/gcc/arm-none-eabi/10.3.1/thumb/v7e-m+dp/hard\libgcc.a(_aeabi_uldivmod.o) (__aeabi_ldiv0)

Discarded input sections

 .text          0x0000000000000000        0x0 c:/st/stm32cubeide_1.12.0/stm32cubeide/plugins/com.st.stm32cube.ide.mcu.externaltools.gnu-tools-for-stm32.10.3-2021.10.win32_1.0.200.202301161003/tools/bin/../lib/gcc/arm-none-eabi/10.3.1/thumb/v7e-m+dp/hard/crti.o
 .data          0x0000000000000000        0x0 c:/st/stm32cubeide_1.12.0/stm32cubeide/plugins/com.st.stm32cube.ide.mcu.externaltools.gnu-tools-for-stm32.10.3-2021.10.win32_1.0.200.202301161003/tools/bin/../lib/gcc/arm-none-eabi/10.3.1/thumb/v7e-m+dp/hard/crti.o
[...]
Memory Configuration

Name             Origin             Length             Attributes
ITCMRAM          0x0000000000000000 0x0000000000010000 xrw
DTCMRAM          0x0000000020000000 0x0000000000020000 xrw
FLASH            0x0000000008000000 0x0000000000100000 xr
RAM_D1           0x0000000024000000 0x0000000000050000 xrw
RAM_D2           0x0000000030000000 0x0000000000008000 xrw
RAM_D3           0x0000000038000000 0x0000000000004000 xrw
*default*        0x0000000000000000 0xffffffffffffffff

Linker script and memory map

LOAD c:/st/stm32cubeide_1.12.0/stm32cubeide/plugins/com.st.stm32cube.ide.mcu.externaltools.gnu-tools-for-stm32.10.3-2021.10.win32_1.0.200.202301161003/tools/bin/../lib/gcc/arm-none-eabi/10.3.1/thumb/v7e-m+dp/hard/crti.o
LOAD c:/st/stm32cubeide_1.12.0/stm32cubeide/plugins/com.st.stm32cube.ide.mcu.externaltools.gnu-tools-for-stm32.10.3-2021.10.win32_1.0.200.202301161003/tools/bin/../lib/gcc/arm-none-eabi/10.3.1/thumb/v7e-m+dp/hard/crtbegin.o
LOAD c:/st/stm32cubeide_1.12.0/stm32cubeide/plugins/com.st.stm32cube.ide.mcu.externaltools.gnu-tools-for-stm32.10.3-2021.10.win32_1.0.200.202301161003/tools/bin/../lib/gcc/arm-none-eabi/10.3.1/../../../../arm-none-eabi/lib/thumb/v7e-m+dp/hard/crt0.o
LOAD ./Core/Src/main.o
LOAD ./Core/Src/stm32h7xx_hal_msp.o
LOAD ./Core/Src/stm32h7xx_it.o
LOAD ./Core/Src/syscalls.o
LOAD ./Core/Src/sysmem.o
LOAD ./Core/Src/system_stm32h7xx.o
LOAD ./Core/Startup/startup_stm32h723zgtx.o
LOAD ./Drivers/STM32H7xx_HAL_Driver/Src/stm32h7xx_hal.o
LOAD ./Drivers/STM32H7xx_HAL_Driver/Src/stm32h7xx_hal_adc.o
LOAD ./Drivers/STM32H7xx_HAL_Driver/Src/stm32h7xx_hal_adc_ex.o
LOAD ./Drivers/STM32H7xx_HAL_Driver/Src/stm32h7xx_hal_cortex.o
LOAD ./Drivers/STM32H7xx_HAL_Driver/Src/stm32h7xx_hal_dma.o
LOAD ./Drivers/STM32H7xx_HAL_Driver/Src/stm32h7xx_hal_dma_ex.o
LOAD ./Drivers/STM32H7xx_HAL_Driver/Src/stm32h7xx_hal_exti.o
LOAD ./Drivers/STM32H7xx_HAL_Driver/Src/stm32h7xx_hal_fdcan.o
LOAD ./Drivers/STM32H7xx_HAL_Driver/Src/stm32h7xx_hal_flash.o
LOAD ./Drivers/STM32H7xx_HAL_Driver/Src/stm32h7xx_hal_flash_ex.o
LOAD ./Drivers/STM32H7xx_HAL_Driver/Src/stm32h7xx_hal_gpio.o
LOAD ./Drivers/STM32H7xx_HAL_Driver/Src/stm32h7xx_hal_hsem.o
LOAD ./Drivers/STM32H7xx_HAL_Driver/Src/stm32h7xx_hal_i2c.o
LOAD ./Drivers/STM32H7xx_HAL_Driver/Src/stm32h7xx_hal_i2c_ex.o
LOAD ./Drivers/STM32H7xx_HAL_Driver/Src/stm32h7xx_hal_mdma.o
LOAD ./Drivers/STM32H7xx_HAL_Driver/Src/stm32h7xx_hal_pcd.o
LOAD ./Drivers/STM32H7xx_HAL_Driver/Src/stm32h7xx_hal_pcd_ex.o
LOAD ./Drivers/STM32H7xx_HAL_Driver/Src/stm32h7xx_hal_pwr.o
LOAD ./Drivers/STM32H7xx_HAL_Driver/Src/stm32h7xx_hal_pwr_ex.o
LOAD ./Drivers/STM32H7xx_HAL_Driver/Src/stm32h7xx_hal_rcc.o
LOAD ./Drivers/STM32H7xx_HAL_Driver/Src/stm32h7xx_hal_rcc_ex.o
LOAD ./Drivers/STM32H7xx_HAL_Driver/Src/stm32h7xx_hal_spi.o
LOAD ./Drivers/STM32H7xx_HAL_Driver/Src/stm32h7xx_hal_spi_ex.o
LOAD ./Drivers/STM32H7xx_HAL_Driver/Src/stm32h7xx_hal_tim.o
LOAD ./Drivers/STM32H7xx_HAL_Driver/Src/stm32h7xx_hal_tim_ex.o
LOAD ./Drivers/STM32H7xx_HAL_Driver/Src/stm32h7xx_hal_uart.o
LOAD ./Drivers/STM32H7xx_HAL_Driver/Src/stm32h7xx_hal_uart_ex.o
LOAD ./Drivers/STM32H7xx_HAL_Driver/Src/stm32h7xx_ll_usb.o
START GROUP
LOAD c:/st/stm32cubeide_1.12.0/stm32cubeide/plugins/com.st.stm32cube.ide.mcu.externaltools.gnu-tools-for-stm32.10.3-2021.10.win32_1.0.200.202301161003/tools/bin/../lib/gcc/arm-none-eabi/10.3.1/../../../../arm-none-eabi/lib/thumb/v7e-m+dp/hard\libc_nano.a
LOAD c:/st/stm32cubeide_1.12.0/stm32cubeide/plugins/com.st.stm32cube.ide.mcu.externaltools.gnu-tools-for-stm32.10.3-2021.10.win32_1.0.200.202301161003/tools/bin/../lib/gcc/arm-none-eabi/10.3.1/../../../../arm-none-eabi/lib/thumb/v7e-m+dp/hard\libm.a
END GROUP
START GROUP
LOAD c:/st/stm32cubeide_1.12.0/stm32cubeide/plugins/com.st.stm32cube.ide.mcu.externaltools.gnu-tools-for-stm32.10.3-2021.10.win32_1.0.200.202301161003/tools/bin/../lib/gcc/arm-none-eabi/10.3.1/thumb/v7e-m+dp/hard\libgcc.a
LOAD c:/st/stm32cubeide_1.12.0/stm32cubeide/plugins/com.st.stm32cube.ide.mcu.externaltools.gnu-tools-for-stm32.10.3-2021.10.win32_1.0.200.202301161003/tools/bin/../lib/gcc/arm-none-eabi/10.3.1/../../../../arm-none-eabi/lib/thumb/v7e-m+dp/hard\libc_nano.a
END GROUP
START GROUP
LOAD c:/st/stm32cubeide_1.12.0/stm32cubeide/plugins/com.st.stm32cube.ide.mcu.externaltools.gnu-tools-for-stm32.10.3-2021.10.win32_1.0.200.202301161003/tools/bin/../lib/gcc/arm-none-eabi/10.3.1/thumb/v7e-m+dp/hard\libgcc.a
LOAD c:/st/stm32cubeide_1.12.0/stm32cubeide/plugins/com.st.stm32cube.ide.mcu.externaltools.gnu-tools-for-stm32.10.3-2021.10.win32_1.0.200.202301161003/tools/bin/../lib/gcc/arm-none-eabi/10.3.1/../../../../arm-none-eabi/lib/thumb/v7e-m+dp/hard\libc_nano.a
LOAD c:/st/stm32cubeide_1.12.0/stm32cubeide/plugins/com.st.stm32cube.ide.mcu.externaltools.gnu-tools-for-stm32.10.3-2021.10.win32_1.0.200.202301161003/tools/bin/../lib/gcc/arm-none-eabi/10.3.1/../../../../arm-none-eabi/lib/thumb/v7e-m+dp/hard\libnosys.a
END GROUP
START GROUP
LOAD c:/st/stm32cubeide_1.12.0/stm32cubeide/plugins/com.st.stm32cube.ide.mcu.externaltools.gnu-tools-for-stm32.10.3-2021.10.win32_1.0.200.202301161003/tools/bin/../lib/gcc/arm-none-eabi/10.3.1/thumb/v7e-m+dp/hard\libgcc.a
LOAD c:/st/stm32cubeide_1.12.0/stm32cubeide/plugins/com.st.stm32cube.ide.mcu.externaltools.gnu-tools-for-stm32.10.3-2021.10.win32_1.0.200.202301161003/tools/bin/../lib/gcc/arm-none-eabi/10.3.1/../../../../arm-none-eabi/lib/thumb/v7e-m+dp/hard\libc_nano.a
LOAD c:/st/stm32cubeide_1.12.0/stm32cubeide/plugins/com.st.stm32cube.ide.mcu.externaltools.gnu-tools-for-stm32.10.3-2021.10.win32_1.0.200.202301161003/tools/bin/../lib/gcc/arm-none-eabi/10.3.1/../../../../arm-none-eabi/lib/thumb/v7e-m+dp/hard\libnosys.a
END GROUP
LOAD c:/st/stm32cubeide_1.12.0/stm32cubeide/plugins/com.st.stm32cube.ide.mcu.externaltools.gnu-tools-for-stm32.10.3-2021.10.win32_1.0.200.202301161003/tools/bin/../lib/gcc/arm-none-eabi/10.3.1/thumb/v7e-m+dp/hard/crtend.o
LOAD c:/st/stm32cubeide_1.12.0/stm32cubeide/plugins/com.st.stm32cube.ide.mcu.externaltools.gnu-tools-for-stm32.10.3-2021.10.win32_1.0.200.202301161003/tools/bin/../lib/gcc/arm-none-eabi/10.3.1/thumb/v7e-m+dp/hard/crtn.o
                0x0000000024050000                _estack = (ORIGIN (RAM_D1) + LENGTH (RAM_D1))
                0x0000000000000200                _Min_Heap_Size = 0x200
                0x0000000000000400                _Min_Stack_Size = 0x400

.isr_vector     0x0000000008000000      0x2cc
                0x0000000008000000                . = ALIGN (0x4)
 *(.isr_vector)
 .isr_vector    0x0000000008000000      0x2cc ./Core/Startup/startup_stm32h723zgtx.o
                0x0000000008000000                g_pfnVectors
                0x00000000080002cc                . = ALIGN (0x4)

.text           0x00000000080002cc     0xd670
                0x00000000080002cc                . = ALIGN (0x4)
 *(.text)
 .text          0x00000000080002cc       0x40 c:/st/stm32cubeide_1.12.0/stm32cubeide/plugins/com.st.stm32cube.ide.mcu.externaltools.gnu-tools-for-stm32.10.3-2021.10.win32_1.0.200.202301161003/tools/bin/../lib/gcc/arm-none-eabi/10.3.1/thumb/v7e-m+dp/hard/crtbegin.o
 .text          0x000000000800030c       0x30 c:/st/stm32cubeide_1.12.0/stm32cubeide/plugins/com.st.stm32cube.ide.mcu.externaltools.gnu-tools-for-stm32.10.3-2021.10.win32_1.0.200.202301161003/tools/bin/../lib/gcc/arm-none-eabi/10.3.1/thumb/v7e-m+dp/hard\libgcc.a(_aeabi_uldivmod.o)
                0x000000000800030c                __aeabi_uldivmod
 .text          0x000000000800033c      0x2d0 c:/st/stm32cubeide_1.12.0/stm32cubeide/plugins/com.st.stm32cube.ide.mcu.externaltools.gnu-tools-for-stm32.10.3-2021.10.win32_1.0.200.202301161003/tools/bin/../lib/gcc/arm-none-eabi/10.3.1/thumb/v7e-m+dp/hard\libgcc.a(_udivmoddi4.o)
                0x000000000800033c                __udivmoddi4
 .text          0x000000000800060c        0x4 c:/st/stm32cubeide_1.12.0/stm32cubeide/plugins/com.st.stm32cube.ide.mcu.externaltools.gnu-tools-for-stm32.10.3-2021.10.win32_1.0.200.202301161003/tools/bin/../lib/gcc/arm-none-eabi/10.3.1/thumb/v7e-m+dp/hard\libgcc.a(_dvmd_tls.o)
                0x000000000800060c                __aeabi_idiv0
                0x000000000800060c                __aeabi_ldiv0
 *(.text*)
 .text.setLEDs  0x0000000008000610      0x370 ./Core/Src/main.o
                0x0000000008000610                setLEDs
 .text.HAL_TIM_PWM_PulseFinishedCallback
                0x0000000008000980       0x20 ./Core/Src/main.o
                0x0000000008000980                HAL_TIM_PWM_PulseFinishedCallback
 .text.main     0x00000000080009a0       0xcc ./Core/Src/main.o
                0x00000000080009a0                main
 .text.SystemClock_Config
                0x0000000008000a6c       0xf8 ./Core/Src/main.o
                0x0000000008000a6c                SystemClock_Config
 .text.PeriphCommonClock_Config
                0x0000000008000b64       0x64 ./Core/Src/main.o
                0x0000000008000b64                PeriphCommonClock_Config
 .text.MX_ADC1_Init
                0x0000000008000bc8       0xf0 ./Core/Src/main.o
 .text.MX_ADC3_Init
                0x0000000008000cb8       0xdc ./Core/Src/main.o
 .text.MX_FDCAN3_Init
                0x0000000008000d94       0xc8 ./Core/Src/main.o
 .text.MX_I2C2_Init
                0x0000000008000e5c       0x80 ./Core/Src/main.o
 .text.MX_SPI1_Init
                0x0000000008000edc       0xac ./Core/Src/main.o
 .text.MX_SPI2_Init
                0x0000000008000f88       0xac ./Core/Src/main.o
 .text.MX_SPI3_Init
                0x0000000008001034       0xac ./Core/Src/main.o
 .text.MX_TIM2_Init
                0x00000000080010e0       0xb0 ./Core/Src/main.o
 .text.MX_TIM3_Init
                0x0000000008001190       0xc8 ./Core/Src/main.o
 .text.MX_TIM4_Init
                0x0000000008001258       0xb4 ./Core/Src/main.o
 .text.MX_TIM5_Init
                0x000000000800130c       0xb4 ./Core/Src/main.o
 .text.MX_UART4_Init
                0x00000000080013c0       0x98 ./Core/Src/main.o
 .text.MX_USART6_UART_Init
                0x0000000008001458       0x98 ./Core/Src/main.o
 .text.MX_USB_OTG_HS_PCD_Init
                0x00000000080014f0       0x64 ./Core/Src/main.o
 .text.MX_DMA_Init
                0x0000000008001554       0x80 ./Core/Src/main.o
 .text.MX_GPIO_Init
                0x00000000080015d4      0x1d8 ./Core/Src/main.o
 .text.Error_Handler
                0x00000000080017ac        0xa ./Core/Src/main.o
                0x00000000080017ac                Error_Handler
 *fill*         0x00000000080017b6        0x2 
 .text.HAL_MspInit
                0x00000000080017b8       0x34 ./Core/Src/stm32h7xx_hal_msp.o
                0x00000000080017b8                HAL_MspInit
 .text.HAL_ADC_MspInit
                0x00000000080017ec       0xf4 ./Core/Src/stm32h7xx_hal_msp.o
                0x00000000080017ec                HAL_ADC_MspInit
 .text.HAL_FDCAN_MspInit
                0x00000000080018e0       0xd0 ./Core/Src/stm32h7xx_hal_msp.o
                0x00000000080018e0                HAL_FDCAN_MspInit
 .text.HAL_I2C_MspInit
                0x00000000080019b0       0xd0 ./Core/Src/stm32h7xx_hal_msp.o
                0x00000000080019b0                HAL_I2C_MspInit
 .text.HAL_SPI_MspInit
                0x0000000008001a80      0x178 ./Core/Src/stm32h7xx_hal_msp.o
                0x0000000008001a80                HAL_SPI_MspInit
 .text.HAL_TIM_PWM_MspInit
                0x0000000008001bf8      0x374 ./Core/Src/stm32h7xx_hal_msp.o
                0x0000000008001bf8                HAL_TIM_PWM_MspInit
 .text.HAL_TIM_MspPostInit
                0x0000000008001f6c      0x168 ./Core/Src/stm32h7xx_hal_msp.o
                0x0000000008001f6c                HAL_TIM_MspPostInit
 .text.HAL_UART_MspInit
                0x00000000080020d4      0x174 ./Core/Src/stm32h7xx_hal_msp.o
                0x00000000080020d4                HAL_UART_MspInit
 .text.HAL_PCD_MspInit
                0x0000000008002248       0x7c ./Core/Src/stm32h7xx_hal_msp.o
                0x0000000008002248                HAL_PCD_MspInit
 .text.NMI_Handler
                0x00000000080022c4        0x6 ./Core/Src/stm32h7xx_it.o
                0x00000000080022c4                NMI_Handler
 .text.HardFault_Handler
                0x00000000080022ca        0x6 ./Core/Src/stm32h7xx_it.o
                0x00000000080022ca                HardFault_Handler
 .text.MemManage_Handler
                0x00000000080022d0        0x6 ./Core/Src/stm32h7xx_it.o
                0x00000000080022d0                MemManage_Handler
 .text.BusFault_Handler
                0x00000000080022d6        0x6 ./Core/Src/stm32h7xx_it.o
                0x00000000080022d6                BusFault_Handler
 .text.UsageFault_Handler
                0x00000000080022dc        0x6 ./Core/Src/stm32h7xx_it.o
                0x00000000080022dc                UsageFault_Handler
 .text.SVC_Handler
                0x00000000080022e2        0xe ./Core/Src/stm32h7xx_it.o
                0x00000000080022e2                SVC_Handler
 .text.DebugMon_Handler
                0x00000000080022f0        0xe ./Core/Src/stm32h7xx_it.o
                0x00000000080022f0                DebugMon_Handler
 .text.PendSV_Handler
                0x00000000080022fe        0xe ./Core/Src/stm32h7xx_it.o
                0x00000000080022fe                PendSV_Handler
 .text.SysTick_Handler
                0x000000000800230c        0xc ./Core/Src/stm32h7xx_it.o
                0x000000000800230c                SysTick_Handler
 .text.DMA1_Stream0_IRQHandler
                0x0000000008002318       0x14 ./Core/Src/stm32h7xx_it.o
                0x0000000008002318                DMA1_Stream0_IRQHandler
 .text.DMA1_Stream1_IRQHandler
                0x000000000800232c       0x14 ./Core/Src/stm32h7xx_it.o
                0x000000000800232c                DMA1_Stream1_IRQHandler
 .text.DMA1_Stream2_IRQHandler
                0x0000000008002340       0x14 ./Core/Src/stm32h7xx_it.o
                0x0000000008002340                DMA1_Stream2_IRQHandler
 .text.DMA1_Stream3_IRQHandler
                0x0000000008002354       0x14 ./Core/Src/stm32h7xx_it.o
                0x0000000008002354                DMA1_Stream3_IRQHandler
 .text.DMA1_Stream4_IRQHandler
                0x0000000008002368       0x14 ./Core/Src/stm32h7xx_it.o
                0x0000000008002368                DMA1_Stream4_IRQHandler
 .text.TIM4_IRQHandler
                0x000000000800237c       0x14 ./Core/Src/stm32h7xx_it.o
                0x000000000800237c                TIM4_IRQHandler
 .text.SystemInit
                0x0000000008002390       0xf0 ./Core/Src/system_stm32h7xx.o
                0x0000000008002390                SystemInit
 .text.Reset_Handler
                0x0000000008002480       0x50 ./Core/Startup/startup_stm32h723zgtx.o
                0x0000000008002480                Reset_Handler
 .text.Default_Handler
                0x00000000080024d0        0x2 ./Core/Startup/startup_stm32h723zgtx.o
                0x00000000080024d0                RTC_Alarm_IRQHandler
                0x00000000080024d0                EXTI2_IRQHandler
                0x00000000080024d0                TIM8_CC_IRQHandler
                0x00000000080024d0                UART8_IRQHandler
                0x00000000080024d0                SPI4_IRQHandler
                0x00000000080024d0                FDCAN3_IT0_IRQHandler
                0x00000000080024d0                TIM1_CC_IRQHandler
                0x00000000080024d0                BDMA_Channel6_IRQHandler
                0x00000000080024d0                DMA2_Stream5_IRQHandler
                0x00000000080024d0                DMA1_Stream5_IRQHandler
                0x00000000080024d0                CORDIC_IRQHandler
                0x00000000080024d0                BDMA_Channel1_IRQHandler
                0x00000000080024d0                TAMP_STAMP_IRQHandler
                0x00000000080024d0                EXTI3_IRQHandler
                0x00000000080024d0                LPTIM4_IRQHandler
                0x00000000080024d0                TIM8_TRG_COM_TIM14_IRQHandler
                0x00000000080024d0                LPTIM2_IRQHandler
                0x00000000080024d0                DFSDM1_FLT1_IRQHandler
                0x00000000080024d0                DMAMUX2_OVR_IRQHandler
                0x00000000080024d0                TIM8_UP_TIM13_IRQHandler
                0x00000000080024d0                I2C3_ER_IRQHandler
                0x00000000080024d0                DFSDM1_FLT2_IRQHandler
                0x00000000080024d0                I2C5_EV_IRQHandler
                0x00000000080024d0                USART10_IRQHandler
                0x00000000080024d0                MDMA_IRQHandler
                0x00000000080024d0                LPTIM3_IRQHandler
                0x00000000080024d0                HSEM1_IRQHandler
                0x00000000080024d0                EXTI0_IRQHandler
                0x00000000080024d0                I2C2_EV_IRQHandler
                0x00000000080024d0                FPU_IRQHandler
                0x00000000080024d0                OTG_HS_WKUP_IRQHandler
                0x00000000080024d0                FDCAN1_IT1_IRQHandler
                0x00000000080024d0                LTDC_ER_IRQHandler
                0x00000000080024d0                DMA2_Stream2_IRQHandler
                0x00000000080024d0                SPI1_IRQHandler
                0x00000000080024d0                OCTOSPI1_IRQHandler
                0x00000000080024d0                TIM6_DAC_IRQHandler
                0x00000000080024d0                DMA2_Stream3_IRQHandler
                0x00000000080024d0                OCTOSPI2_IRQHandler
                0x00000000080024d0                DFSDM1_FLT3_IRQHandler
                0x00000000080024d0                TIM23_IRQHandler
                0x00000000080024d0                USART6_IRQHandler
                0x00000000080024d0                TIM17_IRQHandler
                0x00000000080024d0                USART3_IRQHandler
                0x00000000080024d0                BDMA_Channel7_IRQHandler
                0x00000000080024d0                LPTIM5_IRQHandler
                0x00000000080024d0                UART5_IRQHandler
                0x00000000080024d0                ADC3_IRQHandler
                0x00000000080024d0                DMA2_Stream0_IRQHandler
                0x00000000080024d0                BDMA_Channel2_IRQHandler
                0x00000000080024d0                I2C1_EV_IRQHandler
                0x00000000080024d0                DMA1_Stream6_IRQHandler
                0x00000000080024d0                DMAMUX1_OVR_IRQHandler
                0x00000000080024d0                TIM16_IRQHandler
                0x00000000080024d0                UART4_IRQHandler
                0x00000000080024d0                BDMA_Channel5_IRQHandler
                0x00000000080024d0                TIM3_IRQHandler
                0x00000000080024d0                RCC_IRQHandler
                0x00000000080024d0                UART9_IRQHandler
                0x00000000080024d0                TIM8_BRK_TIM12_IRQHandler
                0x00000000080024d0                TIM1_TRG_COM_IRQHandler
                0x00000000080024d0                Default_Handler
                0x00000000080024d0                ECC_IRQHandler
                0x00000000080024d0                FMAC_IRQHandler
                0x00000000080024d0                CEC_IRQHandler
                0x00000000080024d0                EXTI15_10_IRQHandler
                0x00000000080024d0                BDMA_Channel0_IRQHandler
                0x00000000080024d0                ADC_IRQHandler
                0x00000000080024d0                I2C5_ER_IRQHandler
                0x00000000080024d0                DMA1_Stream7_IRQHandler
                0x00000000080024d0                SPI5_IRQHandler
                0x00000000080024d0                TIM7_IRQHandler
                0x00000000080024d0                FDCAN3_IT1_IRQHandler
                0x00000000080024d0                SDMMC1_IRQHandler
                0x00000000080024d0                TIM5_IRQHandler
                0x00000000080024d0                DMA2_Stream7_IRQHandler
                0x00000000080024d0                TIM15_IRQHandler
                0x00000000080024d0                PVD_AVD_IRQHandler
                0x00000000080024d0                I2C3_EV_IRQHandler
                0x00000000080024d0                EXTI9_5_IRQHandler
                0x00000000080024d0                RTC_WKUP_IRQHandler
                0x00000000080024d0                LTDC_IRQHandler
                0x00000000080024d0                ETH_WKUP_IRQHandler
                0x00000000080024d0                SPDIF_RX_IRQHandler
                0x00000000080024d0                SPI2_IRQHandler
                0x00000000080024d0                OTG_HS_EP1_IN_IRQHandler
                0x00000000080024d0                TIM24_IRQHandler
                0x00000000080024d0                CRS_IRQHandler
                0x00000000080024d0                EXTI4_IRQHandler
                0x00000000080024d0                RNG_IRQHandler
                0x00000000080024d0                FDCAN2_IT1_IRQHandler
                0x00000000080024d0                ETH_IRQHandler
                0x00000000080024d0                TIM1_UP_IRQHandler
                0x00000000080024d0                BDMA_Channel4_IRQHandler
                0x00000000080024d0                OTG_HS_EP1_OUT_IRQHandler
                0x00000000080024d0                WWDG_IRQHandler
                0x00000000080024d0                SPI6_IRQHandler
                0x00000000080024d0                MDIOS_IRQHandler
                0x00000000080024d0                I2C4_EV_IRQHandler
                0x00000000080024d0                FDCAN2_IT0_IRQHandler
                0x00000000080024d0                LPUART1_IRQHandler
                0x00000000080024d0                FDCAN1_IT0_IRQHandler
                0x00000000080024d0                TIM2_IRQHandler
                0x00000000080024d0                OTG_HS_IRQHandler
                0x00000000080024d0                DMA2D_IRQHandler
                0x00000000080024d0                TIM1_BRK_IRQHandler
                0x00000000080024d0                EXTI1_IRQHandler
                0x00000000080024d0                SDMMC2_IRQHandler
                0x00000000080024d0                BDMA_Channel3_IRQHandler
                0x00000000080024d0                DTS_IRQHandler
                0x00000000080024d0                UART7_IRQHandler
                0x00000000080024d0                MDIOS_WKUP_IRQHandler
                0x00000000080024d0                USART2_IRQHandler
                0x00000000080024d0                DFSDM1_FLT0_IRQHandler
                0x00000000080024d0                SAI4_IRQHandler
                0x00000000080024d0                I2C2_ER_IRQHandler
                0x00000000080024d0                DMA2_Stream1_IRQHandler
                0x00000000080024d0                FLASH_IRQHandler
                0x00000000080024d0                DMA2_Stream4_IRQHandler
                0x00000000080024d0                USART1_IRQHandler
                0x00000000080024d0                SPI3_IRQHandler
                0x00000000080024d0                WAKEUP_PIN_IRQHandler
                0x00000000080024d0                I2C1_ER_IRQHandler
                0x00000000080024d0                FMC_IRQHandler
                0x00000000080024d0                FDCAN_CAL_IRQHandler
                0x00000000080024d0                SWPMI1_IRQHandler
                0x00000000080024d0                COMP1_IRQHandler
                0x00000000080024d0                LPTIM1_IRQHandler
                0x00000000080024d0                DCMI_PSSI_IRQHandler
                0x00000000080024d0                I2C4_ER_IRQHandler
                0x00000000080024d0                DMA2_Stream6_IRQHandler
                0x00000000080024d0                SAI1_IRQHandler
 *fill*         0x00000000080024d2        0x2 
 .text.HAL_Init
                0x00000000080024d4       0x78 ./Drivers/STM32H7xx_HAL_Driver/Src/stm32h7xx_hal.o
                0x00000000080024d4                HAL_Init
 .text.HAL_InitTick
                0x000000000800254c       0x6c ./Drivers/STM32H7xx_HAL_Driver/Src/stm32h7xx_hal.o
                0x000000000800254c                HAL_InitTick
 .text.HAL_IncTick
                0x00000000080025b8       0x28 ./Drivers/STM32H7xx_HAL_Driver/Src/stm32h7xx_hal.o
                0x00000000080025b8                HAL_IncTick
 .text.HAL_GetTick
                0x00000000080025e0       0x18 ./Drivers/STM32H7xx_HAL_Driver/Src/stm32h7xx_hal.o
                0x00000000080025e0                HAL_GetTick
 .text.HAL_Delay
                0x00000000080025f8       0x48 ./Drivers/STM32H7xx_HAL_Driver/Src/stm32h7xx_hal.o
                0x00000000080025f8                HAL_Delay
 .text.LL_ADC_SetCommonClock
                0x0000000008002640       0x26 ./Drivers/STM32H7xx_HAL_Driver/Src/stm32h7xx_hal_adc.o
 .text.LL_ADC_SetCommonPathInternalCh
                0x0000000008002666       0x26 ./Drivers/STM32H7xx_HAL_Driver/Src/stm32h7xx_hal_adc.o
 .text.LL_ADC_GetCommonPathInternalCh
                0x000000000800268c       0x1c ./Drivers/STM32H7xx_HAL_Driver/Src/stm32h7xx_hal_adc.o
 .text.LL_ADC_SetOffset
                0x00000000080026a8       0x64 ./Drivers/STM32H7xx_HAL_Driver/Src/stm32h7xx_hal_adc.o
 .text.LL_ADC_GetOffsetChannel
                0x000000000800270c       0x2c ./Drivers/STM32H7xx_HAL_Driver/Src/stm32h7xx_hal_adc.o
 .text.LL_ADC_SetDataRightShift
                0x0000000008002738       0x32 ./Drivers/STM32H7xx_HAL_Driver/Src/stm32h7xx_hal_adc.o
 *fill*         0x000000000800276a        0x2 
 .text.LL_ADC_SetOffsetSignedSaturation
                0x000000000800276c       0x44 ./Drivers/STM32H7xx_HAL_Driver/Src/stm32h7xx_hal_adc.o
 .text.LL_ADC_SetOffsetSaturation
                0x00000000080027b0       0x44 ./Drivers/STM32H7xx_HAL_Driver/Src/stm32h7xx_hal_adc.o
 .text.LL_ADC_SetOffsetSign
                0x00000000080027f4       0x44 ./Drivers/STM32H7xx_HAL_Driver/Src/stm32h7xx_hal_adc.o
 .text.LL_ADC_SetOffsetState
                0x0000000008002838       0x54 ./Drivers/STM32H7xx_HAL_Driver/Src/stm32h7xx_hal_adc.o
 .text.LL_ADC_REG_SetSequencerRanks
                0x000000000800288c       0x58 ./Drivers/STM32H7xx_HAL_Driver/Src/stm32h7xx_hal_adc.o
 .text.LL_ADC_SetChannelSamplingTime
                0x00000000080028e4       0x56 ./Drivers/STM32H7xx_HAL_Driver/Src/stm32h7xx_hal_adc.o
 *fill*         0x000000000800293a        0x2 
 .text.LL_ADC_SetChannelSingleDiff
                0x000000000800293c       0x80 ./Drivers/STM32H7xx_HAL_Driver/Src/stm32h7xx_hal_adc.o
 .text.LL_ADC_DisableDeepPowerDown
                0x00000000080029bc       0x24 ./Drivers/STM32H7xx_HAL_Driver/Src/stm32h7xx_hal_adc.o
 .text.LL_ADC_IsDeepPowerDownEnabled
                0x00000000080029e0       0x28 ./Drivers/STM32H7xx_HAL_Driver/Src/stm32h7xx_hal_adc.o
 .text.LL_ADC_EnableInternalRegulator
                0x0000000008002a08       0x28 ./Drivers/STM32H7xx_HAL_Driver/Src/stm32h7xx_hal_adc.o
 .text.LL_ADC_IsInternalRegulatorEnabled
                0x0000000008002a30       0x28 ./Drivers/STM32H7xx_HAL_Driver/Src/stm32h7xx_hal_adc.o
 .text.LL_ADC_IsEnabled
                0x0000000008002a58       0x26 ./Drivers/STM32H7xx_HAL_Driver/Src/stm32h7xx_hal_adc.o
 .text.LL_ADC_REG_IsConversionOngoing
                0x0000000008002a7e       0x26 ./Drivers/STM32H7xx_HAL_Driver/Src/stm32h7xx_hal_adc.o
 .text.LL_ADC_INJ_IsConversionOngoing
                0x0000000008002aa4       0x26 ./Drivers/STM32H7xx_HAL_Driver/Src/stm32h7xx_hal_adc.o
 *fill*         0x0000000008002aca        0x2 
 .text.HAL_ADC_Init
                0x0000000008002acc      0x410 ./Drivers/STM32H7xx_HAL_Driver/Src/stm32h7xx_hal_adc.o
                0x0000000008002acc                HAL_ADC_Init
 .text.HAL_ADC_ConfigChannel
                0x0000000008002edc      0xa58 ./Drivers/STM32H7xx_HAL_Driver/Src/stm32h7xx_hal_adc.o
                0x0000000008002edc                HAL_ADC_ConfigChannel
 .text.ADC_ConfigureBoostMode
                0x0000000008003934      0x1dc ./Drivers/STM32H7xx_HAL_Driver/Src/stm32h7xx_hal_adc.o
                0x0000000008003934                ADC_ConfigureBoostMode
 .text.LL_ADC_IsEnabled
                0x0000000008003b10       0x26 ./Drivers/STM32H7xx_HAL_Driver/Src/stm32h7xx_hal_adc_ex.o
 .text.LL_ADC_REG_IsConversionOngoing
                0x0000000008003b36       0x26 ./Drivers/STM32H7xx_HAL_Driver/Src/stm32h7xx_hal_adc_ex.o
 .text.HAL_ADCEx_MultiModeConfigChannel
                0x0000000008003b5c      0x1c4 ./Drivers/STM32H7xx_HAL_Driver/Src/stm32h7xx_hal_adc_ex.o
                0x0000000008003b5c                HAL_ADCEx_MultiModeConfigChannel
 .text.__NVIC_SetPriorityGrouping
                0x0000000008003d20       0x48 ./Drivers/STM32H7xx_HAL_Driver/Src/stm32h7xx_hal_cortex.o
 .text.__NVIC_GetPriorityGrouping
                0x0000000008003d68       0x1c ./Drivers/STM32H7xx_HAL_Driver/Src/stm32h7xx_hal_cortex.o
 .text.__NVIC_EnableIRQ
                0x0000000008003d84       0x3c ./Drivers/STM32H7xx_HAL_Driver/Src/stm32h7xx_hal_cortex.o
 .text.__NVIC_SetPriority
                0x0000000008003dc0       0x54 ./Drivers/STM32H7xx_HAL_Driver/Src/stm32h7xx_hal_cortex.o
 .text.NVIC_EncodePriority
                0x0000000008003e14       0x66 ./Drivers/STM32H7xx_HAL_Driver/Src/stm32h7xx_hal_cortex.o
 *fill*         0x0000000008003e7a        0x2 
 .text.SysTick_Config
                0x0000000008003e7c       0x44 ./Drivers/STM32H7xx_HAL_Driver/Src/stm32h7xx_hal_cortex.o
 .text.HAL_NVIC_SetPriorityGrouping
                0x0000000008003ec0       0x16 ./Drivers/STM32H7xx_HAL_Driver/Src/stm32h7xx_hal_cortex.o
                0x0000000008003ec0                HAL_NVIC_SetPriorityGrouping
 .text.HAL_NVIC_SetPriority
                0x0000000008003ed6       0x34 ./Drivers/STM32H7xx_HAL_Driver/Src/stm32h7xx_hal_cortex.o
                0x0000000008003ed6                HAL_NVIC_SetPriority
 .text.HAL_NVIC_EnableIRQ
                0x0000000008003f0a       0x1c ./Drivers/STM32H7xx_HAL_Driver/Src/stm32h7xx_hal_cortex.o
                0x0000000008003f0a                HAL_NVIC_EnableIRQ
 .text.HAL_SYSTICK_Config
                0x0000000008003f26       0x18 ./Drivers/STM32H7xx_HAL_Driver/Src/stm32h7xx_hal_cortex.o
                0x0000000008003f26                HAL_SYSTICK_Config
 *fill*         0x0000000008003f3e        0x2 
 .text.HAL_DMA_Init
                0x0000000008003f40      0x6b4 ./Drivers/STM32H7xx_HAL_Driver/Src/stm32h7xx_hal_dma.o
                0x0000000008003f40                HAL_DMA_Init
 .text.HAL_DMA_Start_IT
                0x00000000080045f4      0x4d4 ./Drivers/STM32H7xx_HAL_Driver/Src/stm32h7xx_hal_dma.o
                0x00000000080045f4                HAL_DMA_Start_IT
 .text.HAL_DMA_IRQHandler
                0x0000000008004ac8      0xe54 ./Drivers/STM32H7xx_HAL_Driver/Src/stm32h7xx_hal_dma.o
                0x0000000008004ac8                HAL_DMA_IRQHandler
 .text.DMA_SetConfig
                0x000000000800591c      0x358 ./Drivers/STM32H7xx_HAL_Driver/Src/stm32h7xx_hal_dma.o
 .text.DMA_CalcBaseAndBitshift
                0x0000000008005c74      0x164 ./Drivers/STM32H7xx_HAL_Driver/Src/stm32h7xx_hal_dma.o
 .text.DMA_CheckFifoParam
                0x0000000008005dd8       0xf8 ./Drivers/STM32H7xx_HAL_Driver/Src/stm32h7xx_hal_dma.o
 .text.DMA_CalcDMAMUXChannelBaseAndMask
                0x0000000008005ed0      0x134 ./Drivers/STM32H7xx_HAL_Driver/Src/stm32h7xx_hal_dma.o
 .text.DMA_CalcDMAMUXRequestGenBaseAndMask
                0x0000000008006004       0xe8 ./Drivers/STM32H7xx_HAL_Driver/Src/stm32h7xx_hal_dma.o
 .text.HAL_FDCAN_Init
                0x00000000080060ec      0x3bc ./Drivers/STM32H7xx_HAL_Driver/Src/stm32h7xx_hal_fdcan.o
                0x00000000080060ec                HAL_FDCAN_Init
 .text.FDCAN_CalcultateRamBlockAddresses
                0x00000000080064a8      0x30c ./Drivers/STM32H7xx_HAL_Driver/Src/stm32h7xx_hal_fdcan.o
 .text.HAL_GPIO_Init
                0x00000000080067b4      0x350 ./Drivers/STM32H7xx_HAL_Driver/Src/stm32h7xx_hal_gpio.o
                0x00000000080067b4                HAL_GPIO_Init
 .text.HAL_GPIO_WritePin
                0x0000000008006b04       0x32 ./Drivers/STM32H7xx_HAL_Driver/Src/stm32h7xx_hal_gpio.o
                0x0000000008006b04                HAL_GPIO_WritePin
 *fill*         0x0000000008006b36        0x2 
 .text.HAL_I2C_Init
                0x0000000008006b38      0x120 ./Drivers/STM32H7xx_HAL_Driver/Src/stm32h7xx_hal_i2c.o
                0x0000000008006b38                HAL_I2C_Init
 .text.HAL_I2CEx_ConfigAnalogFilter
                0x0000000008006c58       0x96 ./Drivers/STM32H7xx_HAL_Driver/Src/stm32h7xx_hal_i2c_ex.o
                0x0000000008006c58                HAL_I2CEx_ConfigAnalogFilter
 .text.HAL_I2CEx_ConfigDigitalFilter
                0x0000000008006cee       0x98 ./Drivers/STM32H7xx_HAL_Driver/Src/stm32h7xx_hal_i2c_ex.o
                0x0000000008006cee                HAL_I2CEx_ConfigDigitalFilter
 .text.HAL_PCD_Init
                0x0000000008006d86      0x248 ./Drivers/STM32H7xx_HAL_Driver/Src/stm32h7xx_hal_pcd.o
                0x0000000008006d86                HAL_PCD_Init
 *fill*         0x0000000008006fce        0x2 
 .text.HAL_PCDEx_ActivateLPM
                0x0000000008006fd0       0x48 ./Drivers/STM32H7xx_HAL_Driver/Src/stm32h7xx_hal_pcd_ex.o
                0x0000000008006fd0                HAL_PCDEx_ActivateLPM
 .text.HAL_PWREx_ConfigSupply
                0x0000000008007018       0x74 ./Drivers/STM32H7xx_HAL_Driver/Src/stm32h7xx_hal_pwr_ex.o
                0x0000000008007018                HAL_PWREx_ConfigSupply
 .text.HAL_PWREx_EnableUSBVoltageDetector
                0x000000000800708c       0x20 ./Drivers/STM32H7xx_HAL_Driver/Src/stm32h7xx_hal_pwr_ex.o
                0x000000000800708c                HAL_PWREx_EnableUSBVoltageDetector
 .text.HAL_RCC_OscConfig
                0x00000000080070ac      0x7b4 ./Drivers/STM32H7xx_HAL_Driver/Src/stm32h7xx_hal_rcc.o
                0x00000000080070ac                HAL_RCC_OscConfig
 .text.HAL_RCC_ClockConfig
                0x0000000008007860      0x36c ./Drivers/STM32H7xx_HAL_Driver/Src/stm32h7xx_hal_rcc.o
                0x0000000008007860                HAL_RCC_ClockConfig
 .text.HAL_RCC_MCOConfig
                0x0000000008007bcc       0xd4 ./Drivers/STM32H7xx_HAL_Driver/Src/stm32h7xx_hal_rcc.o
                0x0000000008007bcc                HAL_RCC_MCOConfig
 .text.HAL_RCC_GetSysClockFreq
                0x0000000008007ca0      0x2f4 ./Drivers/STM32H7xx_HAL_Driver/Src/stm32h7xx_hal_rcc.o
                0x0000000008007ca0                HAL_RCC_GetSysClockFreq
 .text.HAL_RCC_GetHCLKFreq
                0x0000000008007f94       0x60 ./Drivers/STM32H7xx_HAL_Driver/Src/stm32h7xx_hal_rcc.o
                0x0000000008007f94                HAL_RCC_GetHCLKFreq
 .text.HAL_RCC_GetPCLK1Freq
                0x0000000008007ff4       0x2c ./Drivers/STM32H7xx_HAL_Driver/Src/stm32h7xx_hal_rcc.o
                0x0000000008007ff4                HAL_RCC_GetPCLK1Freq
 .text.HAL_RCC_GetPCLK2Freq
                0x0000000008008020       0x2c ./Drivers/STM32H7xx_HAL_Driver/Src/stm32h7xx_hal_rcc.o
                0x0000000008008020                HAL_RCC_GetPCLK2Freq
 .text.HAL_RCCEx_PeriphCLKConfig
                0x000000000800804c     0x1340 ./Drivers/STM32H7xx_HAL_Driver/Src/stm32h7xx_hal_rcc_ex.o
                0x000000000800804c                HAL_RCCEx_PeriphCLKConfig
 .text.HAL_RCCEx_GetPeriphCLKFreq
                0x000000000800938c      0x9a4 ./Drivers/STM32H7xx_HAL_Driver/Src/stm32h7xx_hal_rcc_ex.o
                0x000000000800938c                HAL_RCCEx_GetPeriphCLKFreq
 .text.HAL_RCCEx_GetD3PCLK1Freq
                0x0000000008009d30       0x2c ./Drivers/STM32H7xx_HAL_Driver/Src/stm32h7xx_hal_rcc_ex.o
                0x0000000008009d30                HAL_RCCEx_GetD3PCLK1Freq
 .text.HAL_RCCEx_GetPLL2ClockFreq
                0x0000000008009d5c      0x2a8 ./Drivers/STM32H7xx_HAL_Driver/Src/stm32h7xx_hal_rcc_ex.o
                0x0000000008009d5c                HAL_RCCEx_GetPLL2ClockFreq
 .text.HAL_RCCEx_GetPLL3ClockFreq
                0x000000000800a004      0x2a8 ./Drivers/STM32H7xx_HAL_Driver/Src/stm32h7xx_hal_rcc_ex.o
                0x000000000800a004                HAL_RCCEx_GetPLL3ClockFreq
 .text.HAL_RCCEx_GetPLL1ClockFreq
                0x000000000800a2ac      0x2a4 ./Drivers/STM32H7xx_HAL_Driver/Src/stm32h7xx_hal_rcc_ex.o
                0x000000000800a2ac                HAL_RCCEx_GetPLL1ClockFreq
 .text.RCCEx_PLL2_Config
                0x000000000800a550      0x164 ./Drivers/STM32H7xx_HAL_Driver/Src/stm32h7xx_hal_rcc_ex.o
 .text.RCCEx_PLL3_Config
                0x000000000800a6b4      0x164 ./Drivers/STM32H7xx_HAL_Driver/Src/stm32h7xx_hal_rcc_ex.o
 .text.HAL_SPI_Init
                0x000000000800a818      0x248 ./Drivers/STM32H7xx_HAL_Driver/Src/stm32h7xx_hal_spi.o
                0x000000000800a818                HAL_SPI_Init
 .text.SPI_GetPacketSize
                0x000000000800aa60       0x36 ./Drivers/STM32H7xx_HAL_Driver/Src/stm32h7xx_hal_spi.o
 .text.HAL_TIM_PWM_Init
                0x000000000800aa96       0xae ./Drivers/STM32H7xx_HAL_Driver/Src/stm32h7xx_hal_tim.o
                0x000000000800aa96                HAL_TIM_PWM_Init
 .text.HAL_TIM_PWM_Start_DMA
                0x000000000800ab44      0x468 ./Drivers/STM32H7xx_HAL_Driver/Src/stm32h7xx_hal_tim.o
                0x000000000800ab44                HAL_TIM_PWM_Start_DMA
 .text.HAL_TIM_IRQHandler
                0x000000000800afac      0x23e ./Drivers/STM32H7xx_HAL_Driver/Src/stm32h7xx_hal_tim.o
                0x000000000800afac                HAL_TIM_IRQHandler
 *fill*         0x000000000800b1ea        0x2 
 .text.HAL_TIM_PWM_ConfigChannel
                0x000000000800b1ec      0x228 ./Drivers/STM32H7xx_HAL_Driver/Src/stm32h7xx_hal_tim.o
                0x000000000800b1ec                HAL_TIM_PWM_ConfigChannel
 .text.HAL_TIM_PeriodElapsedCallback
                0x000000000800b414       0x14 ./Drivers/STM32H7xx_HAL_Driver/Src/stm32h7xx_hal_tim.o
                0x000000000800b414                HAL_TIM_PeriodElapsedCallback
 .text.HAL_TIM_OC_DelayElapsedCallback
                0x000000000800b428       0x14 ./Drivers/STM32H7xx_HAL_Driver/Src/stm32h7xx_hal_tim.o
                0x000000000800b428                HAL_TIM_OC_DelayElapsedCallback
 .text.HAL_TIM_IC_CaptureCallback
                0x000000000800b43c       0x14 ./Drivers/STM32H7xx_HAL_Driver/Src/stm32h7xx_hal_tim.o
                0x000000000800b43c                HAL_TIM_IC_CaptureCallback
 .text.HAL_TIM_PWM_PulseFinishedHalfCpltCallback
                0x000000000800b450       0x14 ./Drivers/STM32H7xx_HAL_Driver/Src/stm32h7xx_hal_tim.o
                0x000000000800b450                HAL_TIM_PWM_PulseFinishedHalfCpltCallback
 .text.HAL_TIM_TriggerCallback
                0x000000000800b464       0x14 ./Drivers/STM32H7xx_HAL_Driver/Src/stm32h7xx_hal_tim.o
                0x000000000800b464                HAL_TIM_TriggerCallback
 .text.HAL_TIM_ErrorCallback
                0x000000000800b478       0x14 ./Drivers/STM32H7xx_HAL_Driver/Src/stm32h7xx_hal_tim.o
                0x000000000800b478                HAL_TIM_ErrorCallback
 .text.TIM_DMAError
                0x000000000800b48c       0x92 ./Drivers/STM32H7xx_HAL_Driver/Src/stm32h7xx_hal_tim.o
                0x000000000800b48c                TIM_DMAError
 .text.TIM_DMADelayPulseCplt
                0x000000000800b51e       0xa8 ./Drivers/STM32H7xx_HAL_Driver/Src/stm32h7xx_hal_tim.o
 .text.TIM_DMADelayPulseHalfCplt
                0x000000000800b5c6       0x68 ./Drivers/STM32H7xx_HAL_Driver/Src/stm32h7xx_hal_tim.o
                0x000000000800b5c6                TIM_DMADelayPulseHalfCplt
 *fill*         0x000000000800b62e        0x2 
 .text.TIM_Base_SetConfig
                0x000000000800b630      0x14c ./Drivers/STM32H7xx_HAL_Driver/Src/stm32h7xx_hal_tim.o
                0x000000000800b630                TIM_Base_SetConfig
 .text.TIM_OC1_SetConfig
                0x000000000800b77c      0x120 ./Drivers/STM32H7xx_HAL_Driver/Src/stm32h7xx_hal_tim.o
 .text.TIM_OC2_SetConfig
                0x000000000800b89c      0x114 ./Drivers/STM32H7xx_HAL_Driver/Src/stm32h7xx_hal_tim.o
                0x000000000800b89c                TIM_OC2_SetConfig
 .text.TIM_OC3_SetConfig
                0x000000000800b9b0      0x110 ./Drivers/STM32H7xx_HAL_Driver/Src/stm32h7xx_hal_tim.o
 .text.TIM_OC4_SetConfig
                0x000000000800bac0       0xd4 ./Drivers/STM32H7xx_HAL_Driver/Src/stm32h7xx_hal_tim.o
 .text.TIM_OC5_SetConfig
                0x000000000800bb94       0xc8 ./Drivers/STM32H7xx_HAL_Driver/Src/stm32h7xx_hal_tim.o
 .text.TIM_OC6_SetConfig
                0x000000000800bc5c       0xcc ./Drivers/STM32H7xx_HAL_Driver/Src/stm32h7xx_hal_tim.o
 .text.TIM_CCxChannelCmd
                0x000000000800bd28       0x4a ./Drivers/STM32H7xx_HAL_Driver/Src/stm32h7xx_hal_tim.o
                0x000000000800bd28                TIM_CCxChannelCmd
 *fill*         0x000000000800bd72        0x2 
 .text.HAL_TIMEx_MasterConfigSynchronization
                0x000000000800bd74      0x138 ./Drivers/STM32H7xx_HAL_Driver/Src/stm32h7xx_hal_tim_ex.o
                0x000000000800bd74                HAL_TIMEx_MasterConfigSynchronization
 .text.HAL_TIMEx_CommutCallback
                0x000000000800beac       0x14 ./Drivers/STM32H7xx_HAL_Driver/Src/stm32h7xx_hal_tim_ex.o
                0x000000000800beac                HAL_TIMEx_CommutCallback
 .text.HAL_TIMEx_BreakCallback
                0x000000000800bec0       0x14 ./Drivers/STM32H7xx_HAL_Driver/Src/stm32h7xx_hal_tim_ex.o
                0x000000000800bec0                HAL_TIMEx_BreakCallback
 .text.HAL_TIMEx_Break2Callback
                0x000000000800bed4       0x14 ./Drivers/STM32H7xx_HAL_Driver/Src/stm32h7xx_hal_tim_ex.o
                0x000000000800bed4                HAL_TIMEx_Break2Callback
 .text.HAL_UART_Init
                0x000000000800bee8       0xa0 ./Drivers/STM32H7xx_HAL_Driver/Src/stm32h7xx_hal_uart.o
                0x000000000800bee8                HAL_UART_Init
 .text.UART_SetConfig
                0x000000000800bf88      0xcd8 ./Drivers/STM32H7xx_HAL_Driver/Src/stm32h7xx_hal_uart.o
                0x000000000800bf88                UART_SetConfig
 .text.UART_AdvFeatureConfig
                0x000000000800cc60      0x144 ./Drivers/STM32H7xx_HAL_Driver/Src/stm32h7xx_hal_uart.o
                0x000000000800cc60                UART_AdvFeatureConfig
 .text.UART_CheckIdleState
                0x000000000800cda4      0x154 ./Drivers/STM32H7xx_HAL_Driver/Src/stm32h7xx_hal_uart.o
                0x000000000800cda4                UART_CheckIdleState
 .text.UART_WaitOnFlagUntilTimeout
                0x000000000800cef8       0xce ./Drivers/STM32H7xx_HAL_Driver/Src/stm32h7xx_hal_uart.o
                0x000000000800cef8                UART_WaitOnFlagUntilTimeout
 *fill*         0x000000000800cfc6        0x2 
 .text.UART_EndRxTransfer
                0x000000000800cfc8       0xcc ./Drivers/STM32H7xx_HAL_Driver/Src/stm32h7xx_hal_uart.o
 .text.HAL_UARTEx_DisableFifoMode
                0x000000000800d094       0x72 ./Drivers/STM32H7xx_HAL_Driver/Src/stm32h7xx_hal_uart_ex.o
                0x000000000800d094                HAL_UARTEx_DisableFifoMode
 .text.HAL_UARTEx_SetTxFifoThreshold
                0x000000000800d106       0x7c ./Drivers/STM32H7xx_HAL_Driver/Src/stm32h7xx_hal_uart_ex.o
                0x000000000800d106                HAL_UARTEx_SetTxFifoThreshold
 .text.HAL_UARTEx_SetRxFifoThreshold
                0x000000000800d182       0x7c ./Drivers/STM32H7xx_HAL_Driver/Src/stm32h7xx_hal_uart_ex.o
                0x000000000800d182                HAL_UARTEx_SetRxFifoThreshold
 *fill*         0x000000000800d1fe        0x2 
 .text.UARTEx_SetNbDataToProcess
                0x000000000800d200       0x9c ./Drivers/STM32H7xx_HAL_Driver/Src/stm32h7xx_hal_uart_ex.o
 .text.USB_CoreInit
                0x000000000800d29c       0xdc ./Drivers/STM32H7xx_HAL_Driver/Src/stm32h7xx_ll_usb.o
                0x000000000800d29c                USB_CoreInit
 .text.USB_DisableGlobalInt
                0x000000000800d378       0x22 ./Drivers/STM32H7xx_HAL_Driver/Src/stm32h7xx_ll_usb.o
                0x000000000800d378                USB_DisableGlobalInt
 .text.USB_SetCurrentMode
                0x000000000800d39a       0x98 ./Drivers/STM32H7xx_HAL_Driver/Src/stm32h7xx_ll_usb.o
                0x000000000800d39a                USB_SetCurrentMode
 *fill*         0x000000000800d432        0x2 
 .text.USB_DevInit
                0x000000000800d434      0x2bc ./Drivers/STM32H7xx_HAL_Driver/Src/stm32h7xx_ll_usb.o
                0x000000000800d434                USB_DevInit
 .text.USB_FlushTxFifo
                0x000000000800d6f0       0x68 ./Drivers/STM32H7xx_HAL_Driver/Src/stm32h7xx_ll_usb.o
                0x000000000800d6f0                USB_FlushTxFifo
 .text.USB_FlushRxFifo
                0x000000000800d758       0x60 ./Drivers/STM32H7xx_HAL_Driver/Src/stm32h7xx_ll_usb.o
                0x000000000800d758                USB_FlushRxFifo
 .text.USB_SetDevSpeed
                0x000000000800d7b8       0x32 ./Drivers/STM32H7xx_HAL_Driver/Src/stm32h7xx_ll_usb.o
                0x000000000800d7b8                USB_SetDevSpeed
 .text.USB_DevDisconnect
                0x000000000800d7ea       0x42 ./Drivers/STM32H7xx_HAL_Driver/Src/stm32h7xx_ll_usb.o
                0x000000000800d7ea                USB_DevDisconnect
 .text.USB_GetMode
                0x000000000800d82c       0x1c ./Drivers/STM32H7xx_HAL_Driver/Src/stm32h7xx_ll_usb.o
                0x000000000800d82c                USB_GetMode
 .text.USB_CoreReset
                0x000000000800d848       0x68 ./Drivers/STM32H7xx_HAL_Driver/Src/stm32h7xx_ll_usb.o
 .text.__libc_init_array
                0x000000000800d8b0       0x48 c:/st/stm32cubeide_1.12.0/stm32cubeide/plugins/com.st.stm32cube.ide.mcu.externaltools.gnu-tools-for-stm32.10.3-2021.10.win32_1.0.200.202301161003/tools/bin/../lib/gcc/arm-none-eabi/10.3.1/../../../../arm-none-eabi/lib/thumb/v7e-m+dp/hard\libc_nano.a(lib_a-init.o)
                0x000000000800d8b0                __libc_init_array
 .text.memcpy   0x000000000800d8f8       0x1c c:/st/stm32cubeide_1.12.0/stm32cubeide/plugins/com.st.stm32cube.ide.mcu.externaltools.gnu-tools-for-stm32.10.3-2021.10.win32_1.0.200.202301161003/tools/bin/../lib/gcc/arm-none-eabi/10.3.1/../../../../arm-none-eabi/lib/thumb/v7e-m+dp/hard\libc_nano.a(lib_a-memcpy-stub.o)
                0x000000000800d8f8                memcpy
 .text.memset   0x000000000800d914       0x10 c:/st/stm32cubeide_1.12.0/stm32cubeide/plugins/com.st.stm32cube.ide.mcu.externaltools.gnu-tools-for-stm32.10.3-2021.10.win32_1.0.200.202301161003/tools/bin/../lib/gcc/arm-none-eabi/10.3.1/../../../../arm-none-eabi/lib/thumb/v7e-m+dp/hard\libc_nano.a(lib_a-memset.o)
                0x000000000800d914                memset
 *(.glue_7)
 .glue_7        0x000000000800d924        0x0 linker stubs
 *(.glue_7t)
 .glue_7t       0x000000000800d924        0x0 linker stubs
 *(.eh_frame)
 .eh_frame      0x000000000800d924        0x0 c:/st/stm32cubeide_1.12.0/stm32cubeide/plugins/com.st.stm32cube.ide.mcu.externaltools.gnu-tools-for-stm32.10.3-2021.10.win32_1.0.200.202301161003/tools/bin/../lib/gcc/arm-none-eabi/10.3.1/thumb/v7e-m+dp/hard/crtbegin.o
 *(.init)
 .init          0x000000000800d924        0x4 c:/st/stm32cubeide_1.12.0/stm32cubeide/plugins/com.st.stm32cube.ide.mcu.externaltools.gnu-tools-for-stm32.10.3-2021.10.win32_1.0.200.202301161003/tools/bin/../lib/gcc/arm-none-eabi/10.3.1/thumb/v7e-m+dp/hard/crti.o
                0x000000000800d924                _init
 .init          0x000000000800d928        0x8 c:/st/stm32cubeide_1.12.0/stm32cubeide/plugins/com.st.stm32cube.ide.mcu.externaltools.gnu-tools-for-stm32.10.3-2021.10.win32_1.0.200.202301161003/tools/bin/../lib/gcc/arm-none-eabi/10.3.1/thumb/v7e-m+dp/hard/crtn.o
 *(.fini)
 .fini          0x000000000800d930        0x4 c:/st/stm32cubeide_1.12.0/stm32cubeide/plugins/com.st.stm32cube.ide.mcu.externaltools.gnu-tools-for-stm32.10.3-2021.10.win32_1.0.200.202301161003/tools/bin/../lib/gcc/arm-none-eabi/10.3.1/thumb/v7e-m+dp/hard/crti.o
                0x000000000800d930                _fini
 .fini          0x000000000800d934        0x8 c:/st/stm32cubeide_1.12.0/stm32cubeide/plugins/com.st.stm32cube.ide.mcu.externaltools.gnu-tools-for-stm32.10.3-2021.10.win32_1.0.200.202301161003/tools/bin/../lib/gcc/arm-none-eabi/10.3.1/thumb/v7e-m+dp/hard/crtn.o
                0x000000000800d93c                . = ALIGN (0x4)
                0x000000000800d93c                _etext = .

.vfp11_veneer   0x000000000800d93c        0x0
 .vfp11_veneer  0x000000000800d93c        0x0 linker stubs

.v4_bx          0x000000000800d93c        0x0
 .v4_bx         0x000000000800d93c        0x0 linker stubs

.iplt           0x000000000800d93c        0x0
 .iplt          0x000000000800d93c        0x0 c:/st/stm32cubeide_1.12.0/stm32cubeide/plugins/com.st.stm32cube.ide.mcu.externaltools.gnu-tools-for-stm32.10.3-2021.10.win32_1.0.200.202301161003/tools/bin/../lib/gcc/arm-none-eabi/10.3.1/thumb/v7e-m+dp/hard/crtbegin.o

.rodata         0x000000000800d93c       0xfc
                0x000000000800d93c                . = ALIGN (0x4)
 *(.rodata)
 .rodata        0x000000000800d93c       0x4c ./Drivers/STM32H7xx_HAL_Driver/Src/stm32h7xx_hal_fdcan.o
 *(.rodata*)
 .rodata.LEDS_lookup
                0x000000000800d988       0x70 ./Core/Src/main.o
                0x000000000800d988                LEDS_lookup
 .rodata.D1CorePrescTable
                0x000000000800d9f8       0x10 ./Core/Src/system_stm32h7xx.o
                0x000000000800d9f8                D1CorePrescTable
 .rodata.flagBitshiftOffset.0
                0x000000000800da08        0x8 ./Drivers/STM32H7xx_HAL_Driver/Src/stm32h7xx_hal_dma.o
 .rodata.UARTPrescTable
                0x000000000800da10       0x18 ./Drivers/STM32H7xx_HAL_Driver/Src/stm32h7xx_hal_uart.o
                0x000000000800da10                UARTPrescTable
 .rodata.numerator.1
                0x000000000800da28        0x8 ./Drivers/STM32H7xx_HAL_Driver/Src/stm32h7xx_hal_uart_ex.o
 .rodata.denominator.0
                0x000000000800da30        0x8 ./Drivers/STM32H7xx_HAL_Driver/Src/stm32h7xx_hal_uart_ex.o
                0x000000000800da38                . = ALIGN (0x4)

.ARM.extab
 *(.ARM.extab* .gnu.linkonce.armextab.*)

.ARM            0x000000000800da38        0x8
                0x000000000800da38                __exidx_start = .
 *(.ARM.exidx*)
 .ARM.exidx     0x000000000800da38        0x8 c:/st/stm32cubeide_1.12.0/stm32cubeide/plugins/com.st.stm32cube.ide.mcu.externaltools.gnu-tools-for-stm32.10.3-2021.10.win32_1.0.200.202301161003/tools/bin/../lib/gcc/arm-none-eabi/10.3.1/thumb/v7e-m+dp/hard\libgcc.a(_udivmoddi4.o)
                0x000000000800da40                __exidx_end = .

.rel.dyn        0x000000000800da40        0x0
 .rel.iplt      0x000000000800da40        0x0 c:/st/stm32cubeide_1.12.0/stm32cubeide/plugins/com.st.stm32cube.ide.mcu.externaltools.gnu-tools-for-stm32.10.3-2021.10.win32_1.0.200.202301161003/tools/bin/../lib/gcc/arm-none-eabi/10.3.1/thumb/v7e-m+dp/hard/crtbegin.o

.preinit_array  0x000000000800da40        0x0
                0x000000000800da40                PROVIDE (__preinit_array_start = .)
 *(.preinit_array*)
                0x000000000800da40                PROVIDE (__preinit_array_end = .)

.init_array     0x000000000800da40        0x4
                0x000000000800da40                PROVIDE (__init_array_start = .)
 *(SORT_BY_NAME(.init_array.*))
 *(.init_array*)
 .init_array    0x000000000800da40        0x4 c:/st/stm32cubeide_1.12.0/stm32cubeide/plugins/com.st.stm32cube.ide.mcu.externaltools.gnu-tools-for-stm32.10.3-2021.10.win32_1.0.200.202301161003/tools/bin/../lib/gcc/arm-none-eabi/10.3.1/thumb/v7e-m+dp/hard/crtbegin.o
                0x000000000800da44                PROVIDE (__init_array_end = .)

.fini_array     0x000000000800da44        0x4
                [!provide]                        PROVIDE (__fini_array_start = .)
 *(SORT_BY_NAME(.fini_array.*))
 *(.fini_array*)
 .fini_array    0x000000000800da44        0x4 c:/st/stm32cubeide_1.12.0/stm32cubeide/plugins/com.st.stm32cube.ide.mcu.externaltools.gnu-tools-for-stm32.10.3-2021.10.win32_1.0.200.202301161003/tools/bin/../lib/gcc/arm-none-eabi/10.3.1/thumb/v7e-m+dp/hard/crtbegin.o
                [!provide]                        PROVIDE (__fini_array_end = .)
                0x000000000800da48                _sidata = LOADADDR (.data)

.data           0x0000000024000000       0x10 load address 0x000000000800da48
                0x0000000024000000                . = ALIGN (0x4)
                0x0000000024000000                _sdata = .
 *(.data)
 *(.data*)
 .data.SystemCoreClock
                0x0000000024000000        0x4 ./Core/Src/system_stm32h7xx.o
                0x0000000024000000                SystemCoreClock
 .data.SystemD2Clock
                0x0000000024000004        0x4 ./Core/Src/system_stm32h7xx.o
                0x0000000024000004                SystemD2Clock
 .data.uwTickPrio
                0x0000000024000008        0x4 ./Drivers/STM32H7xx_HAL_Driver/Src/stm32h7xx_hal.o
                0x0000000024000008                uwTickPrio
 .data.uwTickFreq
                0x000000002400000c        0x1 ./Drivers/STM32H7xx_HAL_Driver/Src/stm32h7xx_hal.o
                0x000000002400000c                uwTickFreq
 *(.RamFunc)
 *(.RamFunc*)
                0x0000000024000010                . = ALIGN (0x4)
 *fill*         0x000000002400000d        0x3 
                0x0000000024000010                _edata = .

.igot.plt       0x0000000024000010        0x0 load address 0x000000000800da58
 .igot.plt      0x0000000024000010        0x0 c:/st/stm32cubeide_1.12.0/stm32cubeide/plugins/com.st.stm32cube.ide.mcu.externaltools.gnu-tools-for-stm32.10.3-2021.10.win32_1.0.200.202301161003/tools/bin/../lib/gcc/arm-none-eabi/10.3.1/thumb/v7e-m+dp/hard/crtbegin.o
                0x0000000024000010                . = ALIGN (0x4)

.bss            0x0000000024000010     0x1710 load address 0x000000000800da58
                0x0000000024000010                _sbss = .
                0x0000000024000010                __bss_start__ = _sbss
 *(.bss)
 .bss           0x0000000024000010       0x1c c:/st/stm32cubeide_1.12.0/stm32cubeide/plugins/com.st.stm32cube.ide.mcu.externaltools.gnu-tools-for-stm32.10.3-2021.10.win32_1.0.200.202301161003/tools/bin/../lib/gcc/arm-none-eabi/10.3.1/thumb/v7e-m+dp/hard/crtbegin.o
 *(.bss*)
 .bss.LED_PWM_Data_0
                0x000000002400002c      0x2c8 ./Core/Src/main.o
                0x000000002400002c                LED_PWM_Data_0
 .bss.LED_PWM_Data_1
                0x00000000240002f4      0x2c8 ./Core/Src/main.o
                0x00000000240002f4                LED_PWM_Data_1
 .bss.LED_PWM_Data_2
                0x00000000240005bc      0x1a8 ./Core/Src/main.o
                0x00000000240005bc                LED_PWM_Data_2
 .bss.LED_PWM_Data_3
                0x0000000024000764      0x1a8 ./Core/Src/main.o
                0x0000000024000764                LED_PWM_Data_3
 .bss.LED_Color_Data
                0x000000002400090c       0xa8 ./Core/Src/main.o
                0x000000002400090c                LED_Color_Data
 .bss.hadc1     0x00000000240009b4       0x70 ./Core/Src/main.o
                0x00000000240009b4                hadc1
 .bss.hadc3     0x0000000024000a24       0x70 ./Core/Src/main.o
                0x0000000024000a24                hadc3
 .bss.hfdcan3   0x0000000024000a94       0xa0 ./Core/Src/main.o
                0x0000000024000a94                hfdcan3
 .bss.hi2c2     0x0000000024000b34       0x54 ./Core/Src/main.o
                0x0000000024000b34                hi2c2
 .bss.hspi1     0x0000000024000b88       0x88 ./Core/Src/main.o
                0x0000000024000b88                hspi1
 .bss.hspi2     0x0000000024000c10       0x88 ./Core/Src/main.o
                0x0000000024000c10                hspi2
 .bss.hspi3     0x0000000024000c98       0x88 ./Core/Src/main.o
                0x0000000024000c98                hspi3
 .bss.htim2     0x0000000024000d20       0x4c ./Core/Src/main.o
                0x0000000024000d20                htim2
 .bss.htim3     0x0000000024000d6c       0x4c ./Core/Src/main.o
                0x0000000024000d6c                htim3
 .bss.htim4     0x0000000024000db8       0x4c ./Core/Src/main.o
                0x0000000024000db8                htim4
 .bss.htim5     0x0000000024000e04       0x4c ./Core/Src/main.o
                0x0000000024000e04                htim5
 .bss.hdma_tim2_ch3
                0x0000000024000e50       0x78 ./Core/Src/main.o
                0x0000000024000e50                hdma_tim2_ch3
 .bss.hdma_tim3_ch2
                0x0000000024000ec8       0x78 ./Core/Src/main.o
                0x0000000024000ec8                hdma_tim3_ch2
 .bss.hdma_tim3_ch1
                0x0000000024000f40       0x78 ./Core/Src/main.o
                0x0000000024000f40                hdma_tim3_ch1
 .bss.hdma_tim4_ch3
                0x0000000024000fb8       0x78 ./Core/Src/main.o
                0x0000000024000fb8                hdma_tim4_ch3
 .bss.hdma_tim5_ch4
                0x0000000024001030       0x78 ./Core/Src/main.o
                0x0000000024001030                hdma_tim5_ch4
 .bss.huart4    0x00000000240010a8       0x94 ./Core/Src/main.o
                0x00000000240010a8                huart4
 .bss.huart6    0x000000002400113c       0x94 ./Core/Src/main.o
                0x000000002400113c                huart6
 .bss.hpcd_USB_OTG_HS
                0x00000000240011d0      0x50c ./Core/Src/main.o
                0x00000000240011d0                hpcd_USB_OTG_HS
 .bss.LED_Data_2
                0x00000000240016dc       0x3c ./Core/Src/main.o
                0x00000000240016dc                LED_Data_2
 .bss.datasentflag
                0x0000000024001718        0x4 ./Core/Src/main.o
                0x0000000024001718                datasentflag
 .bss.uwTick    0x000000002400171c        0x4 ./Drivers/STM32H7xx_HAL_Driver/Src/stm32h7xx_hal.o
                0x000000002400171c                uwTick
 *(COMMON)
                0x0000000024001720                . = ALIGN (0x4)
                0x0000000024001720                _ebss = .
                0x0000000024001720                __bss_end__ = _ebss

._user_heap_stack
                0x0000000024001720      0x600 load address 0x000000000800da58
                0x0000000024001720                . = ALIGN (0x8)
                [!provide]                        PROVIDE (end = .)
                0x0000000024001720                PROVIDE (_end = .)
                0x0000000024001920                . = (. + _Min_Heap_Size)
 *fill*         0x0000000024001720      0x200 
                0x0000000024001d20                . = (. + _Min_Stack_Size)
 *fill*         0x0000000024001920      0x400 
                0x0000000024001d20                . = ALIGN (0x8)

/DISCARD/
 libc.a(*)
 libm.a(*)
 libgcc.a(*)

.ARM.attributes
                0x0000000000000000       0x2e
 *(.ARM.attributes)
 .ARM.attributes
                0x0000000000000000       0x1e c:/st/stm32cubeide_1.12.0/stm32cubeide/plugins/com.st.stm32cube.ide.mcu.externaltools.gnu-tools-for-stm32.10.3-2021.10.win32_1.0.200.202301161003/tools/bin/../lib/gcc/arm-none-eabi/10.3.1/thumb/v7e-m+dp/hard/crti.o
 .ARM.attributes
                0x000000000000001e       0x32 c:/st/stm32cubeide_1.12.0/stm32cubeide/plugins/com.st.stm32cube.ide.mcu.externaltools.gnu-tools-for-stm32.10.3-2021.10.win32_1.0.200.202301161003/tools/bin/../lib/gcc/arm-none-eabi/10.3.1/thumb/v7e-m+dp/hard/crtbegin.o
 .ARM.attributes
                0x0000000000000050       0x32 ./Core/Src/main.o
 .ARM.attributes
                0x0000000000000082       0x32 ./Core/Src/stm32h7xx_hal_msp.o
 .ARM.attributes
                0x00000000000000b4       0x32 ./Core/Src/stm32h7xx_it.o
 .ARM.attributes
                0x00000000000000e6       0x32 ./Core/Src/system_stm32h7xx.o
 .ARM.attributes
                0x0000000000000118       0x21 ./Core/Startup/startup_stm32h723zgtx.o
 .ARM.attributes
                0x0000000000000139       0x32 ./Drivers/STM32H7xx_HAL_Driver/Src/stm32h7xx_hal.o
 .ARM.attributes
                0x000000000000016b       0x32 ./Drivers/STM32H7xx_HAL_Driver/Src/stm32h7xx_hal_adc.o
 .ARM.attributes
                0x000000000000019d       0x32 ./Drivers/STM32H7xx_HAL_Driver/Src/stm32h7xx_hal_adc_ex.o
 .ARM.attributes
                0x00000000000001cf       0x32 ./Drivers/STM32H7xx_HAL_Driver/Src/stm32h7xx_hal_cortex.o
 .ARM.attributes
                0x0000000000000201       0x32 ./Drivers/STM32H7xx_HAL_Driver/Src/stm32h7xx_hal_dma.o
 .ARM.attributes
                0x0000000000000233       0x32 ./Drivers/STM32H7xx_HAL_Driver/Src/stm32h7xx_hal_fdcan.o
 .ARM.attributes
                0x0000000000000265       0x32 ./Drivers/STM32H7xx_HAL_Driver/Src/stm32h7xx_hal_gpio.o
 .ARM.attributes
                0x0000000000000297       0x32 ./Drivers/STM32H7xx_HAL_Driver/Src/stm32h7xx_hal_i2c.o
 .ARM.attributes
                0x00000000000002c9       0x32 ./Drivers/STM32H7xx_HAL_Driver/Src/stm32h7xx_hal_i2c_ex.o
 .ARM.attributes
                0x00000000000002fb       0x32 ./Drivers/STM32H7xx_HAL_Driver/Src/stm32h7xx_hal_pcd.o
 .ARM.attributes
                0x000000000000032d       0x32 ./Drivers/STM32H7xx_HAL_Driver/Src/stm32h7xx_hal_pcd_ex.o
 .ARM.attributes
                0x000000000000035f       0x32 ./Drivers/STM32H7xx_HAL_Driver/Src/stm32h7xx_hal_pwr_ex.o
 .ARM.attributes
                0x0000000000000391       0x32 ./Drivers/STM32H7xx_HAL_Driver/Src/stm32h7xx_hal_rcc.o
 .ARM.attributes
                0x00000000000003c3       0x32 ./Drivers/STM32H7xx_HAL_Driver/Src/stm32h7xx_hal_rcc_ex.o
 .ARM.attributes
                0x00000000000003f5       0x32 ./Drivers/STM32H7xx_HAL_Driver/Src/stm32h7xx_hal_spi.o
 .ARM.attributes
                0x0000000000000427       0x32 ./Drivers/STM32H7xx_HAL_Driver/Src/stm32h7xx_hal_tim.o
 .ARM.attributes
                0x0000000000000459       0x32 ./Drivers/STM32H7xx_HAL_Driver/Src/stm32h7xx_hal_tim_ex.o
 .ARM.attributes
                0x000000000000048b       0x32 ./Drivers/STM32H7xx_HAL_Driver/Src/stm32h7xx_hal_uart.o
 .ARM.attributes
                0x00000000000004bd       0x32 ./Drivers/STM32H7xx_HAL_Driver/Src/stm32h7xx_hal_uart_ex.o
 .ARM.attributes
                0x00000000000004ef       0x32 ./Drivers/STM32H7xx_HAL_Driver/Src/stm32h7xx_ll_usb.o
 .ARM.attributes
                0x0000000000000521       0x32 c:/st/stm32cubeide_1.12.0/stm32cubeide/plugins/com.st.stm32cube.ide.mcu.externaltools.gnu-tools-for-stm32.10.3-2021.10.win32_1.0.200.202301161003/tools/bin/../lib/gcc/arm-none-eabi/10.3.1/../../../../arm-none-eabi/lib/thumb/v7e-m+dp/hard\libc_nano.a(lib_a-init.o)
 .ARM.attributes
                0x0000000000000553       0x32 c:/st/stm32cubeide_1.12.0/stm32cubeide/plugins/com.st.stm32cube.ide.mcu.externaltools.gnu-tools-for-stm32.10.3-2021.10.win32_1.0.200.202301161003/tools/bin/../lib/gcc/arm-none-eabi/10.3.1/../../../../arm-none-eabi/lib/thumb/v7e-m+dp/hard\libc_nano.a(lib_a-memcpy-stub.o)
 .ARM.attributes
                0x0000000000000585       0x32 c:/st/stm32cubeide_1.12.0/stm32cubeide/plugins/com.st.stm32cube.ide.mcu.externaltools.gnu-tools-for-stm32.10.3-2021.10.win32_1.0.200.202301161003/tools/bin/../lib/gcc/arm-none-eabi/10.3.1/../../../../arm-none-eabi/lib/thumb/v7e-m+dp/hard\libc_nano.a(lib_a-memset.o)
 .ARM.attributes
                0x00000000000005b7       0x1e c:/st/stm32cubeide_1.12.0/stm32cubeide/plugins/com.st.stm32cube.ide.mcu.externaltools.gnu-tools-for-stm32.10.3-2021.10.win32_1.0.200.202301161003/tools/bin/../lib/gcc/arm-none-eabi/10.3.1/thumb/v7e-m+dp/hard\libgcc.a(_aeabi_uldivmod.o)
 .ARM.attributes
                0x00000000000005d5       0x32 c:/st/stm32cubeide_1.12.0/stm32cubeide/plugins/com.st.stm32cube.ide.mcu.externaltools.gnu-tools-for-stm32.10.3-2021.10.win32_1.0.200.202301161003/tools/bin/../lib/gcc/arm-none-eabi/10.3.1/thumb/v7e-m+dp/hard\libgcc.a(_udivmoddi4.o)
 .ARM.attributes
                0x0000000000000607       0x1e c:/st/stm32cubeide_1.12.0/stm32cubeide/plugins/com.st.stm32cube.ide.mcu.externaltools.gnu-tools-for-stm32.10.3-2021.10.win32_1.0.200.202301161003/tools/bin/../lib/gcc/arm-none-eabi/10.3.1/thumb/v7e-m+dp/hard\libgcc.a(_dvmd_tls.o)
 .ARM.attributes
                0x0000000000000625       0x1e c:/st/stm32cubeide_1.12.0/stm32cubeide/plugins/com.st.stm32cube.ide.mcu.externaltools.gnu-tools-for-stm32.10.3-2021.10.win32_1.0.200.202301161003/tools/bin/../lib/gcc/arm-none-eabi/10.3.1/thumb/v7e-m+dp/hard/crtn.o
OUTPUT(AvioNEXT.elf elf32-littlearm)
LOAD linker stubs
LOAD c:/st/stm32cubeide_1.12.0/stm32cubeide/plugins/com.st.stm32cube.ide.mcu.externaltools.gnu-tools-for-stm32.10.3-2021.10.win32_1.0.200.202301161003/tools/bin/../lib/gcc/arm-none-eabi/10.3.1/../../../../arm-none-eabi/lib/thumb/v7e-m+dp/hard\libc.a
LOAD c:/st/stm32cubeide_1.12.0/stm32cubeide/plugins/com.st.stm32cube.ide.mcu.externaltools.gnu-tools-for-stm32.10.3-2021.10.win32_1.0.200.202301161003/tools/bin/../lib/gcc/arm-none-eabi/10.3.1/../../../../arm-none-eabi/lib/thumb/v7e-m+dp/hard\libm.a
LOAD c:/st/stm32cubeide_1.12.0/stm32cubeide/plugins/com.st.stm32cube.ide.mcu.externaltools.gnu-tools-for-stm32.10.3-2021.10.win32_1.0.200.202301161003/tools/bin/../lib/gcc/arm-none-eabi/10.3.1/thumb/v7e-m+dp/hard\libgcc.a

.debug_info     0x0000000000000000    0x29b3b
 .debug_info    0x0000000000000000     0x3d5e ./Core/Src/main.o
 .debug_info    0x0000000000003d5e     0x3626 ./Core/Src/stm32h7xx_hal_msp.o
 .debug_info    0x0000000000007384      0x910 ./Core/Src/stm32h7xx_it.o
 .debug_info    0x0000000000007c94      0xb45 ./Core/Src/system_stm32h7xx.o
 .debug_info    0x00000000000087d9       0x22 ./Core/Startup/startup_stm32h723zgtx.o
 .debug_info    0x00000000000087fb     0x1746 ./Drivers/STM32H7xx_HAL_Driver/Src/stm32h7xx_hal.o
 .debug_info    0x0000000000009f41     0x2571 ./Drivers/STM32H7xx_HAL_Driver/Src/stm32h7xx_hal_adc.o
 .debug_info    0x000000000000c4b2     0x253c ./Drivers/STM32H7xx_HAL_Driver/Src/stm32h7xx_hal_adc_ex.o
 .debug_info    0x000000000000e9ee     0x1161 ./Drivers/STM32H7xx_HAL_Driver/Src/stm32h7xx_hal_cortex.o
 .debug_info    0x000000000000fb4f      0xc06 ./Drivers/STM32H7xx_HAL_Driver/Src/stm32h7xx_hal_dma.o
 .debug_info    0x0000000000010755     0x2dae ./Drivers/STM32H7xx_HAL_Driver/Src/stm32h7xx_hal_fdcan.o
 .debug_info    0x0000000000013503      0xd37 ./Drivers/STM32H7xx_HAL_Driver/Src/stm32h7xx_hal_gpio.o
 .debug_info    0x000000000001423a     0x2455 ./Drivers/STM32H7xx_HAL_Driver/Src/stm32h7xx_hal_i2c.o
 .debug_info    0x000000000001668f      0xe62 ./Drivers/STM32H7xx_HAL_Driver/Src/stm32h7xx_hal_i2c_ex.o
 .debug_info    0x00000000000174f1     0x169e ./Drivers/STM32H7xx_HAL_Driver/Src/stm32h7xx_hal_pcd.o
 .debug_info    0x0000000000018b8f      0x913 ./Drivers/STM32H7xx_HAL_Driver/Src/stm32h7xx_hal_pcd_ex.o
 .debug_info    0x00000000000194a2      0xe71 ./Drivers/STM32H7xx_HAL_Driver/Src/stm32h7xx_hal_pwr_ex.o
 .debug_info    0x000000000001a313      0xe4a ./Drivers/STM32H7xx_HAL_Driver/Src/stm32h7xx_hal_rcc.o
 .debug_info    0x000000000001b15d     0x12be ./Drivers/STM32H7xx_HAL_Driver/Src/stm32h7xx_hal_rcc_ex.o
 .debug_info    0x000000000001c41b     0x159c ./Drivers/STM32H7xx_HAL_Driver/Src/stm32h7xx_hal_spi.o
 .debug_info    0x000000000001d9b7     0x2e05 ./Drivers/STM32H7xx_HAL_Driver/Src/stm32h7xx_hal_tim.o
 .debug_info    0x00000000000207bc     0x1a09 ./Drivers/STM32H7xx_HAL_Driver/Src/stm32h7xx_hal_tim_ex.o
 .debug_info    0x00000000000221c5     0x4dca ./Drivers/STM32H7xx_HAL_Driver/Src/stm32h7xx_hal_uart.o
 .debug_info    0x0000000000026f8f     0x105a ./Drivers/STM32H7xx_HAL_Driver/Src/stm32h7xx_hal_uart_ex.o
 .debug_info    0x0000000000027fe9     0x1b52 ./Drivers/STM32H7xx_HAL_Driver/Src/stm32h7xx_ll_usb.o

.debug_abbrev   0x0000000000000000     0x3bff
 .debug_abbrev  0x0000000000000000      0x31f ./Core/Src/main.o
 .debug_abbrev  0x000000000000031f      0x2c1 ./Core/Src/stm32h7xx_hal_msp.o
 .debug_abbrev  0x00000000000005e0      0x19e ./Core/Src/stm32h7xx_it.o
 .debug_abbrev  0x000000000000077e      0x136 ./Core/Src/system_stm32h7xx.o
 .debug_abbrev  0x00000000000008b4       0x12 ./Core/Startup/startup_stm32h723zgtx.o
 .debug_abbrev  0x00000000000008c6      0x292 ./Drivers/STM32H7xx_HAL_Driver/Src/stm32h7xx_hal.o
 .debug_abbrev  0x0000000000000b58      0x2f3 ./Drivers/STM32H7xx_HAL_Driver/Src/stm32h7xx_hal_adc.o
 .debug_abbrev  0x0000000000000e4b      0x32e ./Drivers/STM32H7xx_HAL_Driver/Src/stm32h7xx_hal_adc_ex.o
 .debug_abbrev  0x0000000000001179      0x329 ./Drivers/STM32H7xx_HAL_Driver/Src/stm32h7xx_hal_cortex.o
 .debug_abbrev  0x00000000000014a2      0x239 ./Drivers/STM32H7xx_HAL_Driver/Src/stm32h7xx_hal_dma.o
 .debug_abbrev  0x00000000000016db      0x278 ./Drivers/STM32H7xx_HAL_Driver/Src/stm32h7xx_hal_fdcan.o
 .debug_abbrev  0x0000000000001953      0x1ec ./Drivers/STM32H7xx_HAL_Driver/Src/stm32h7xx_hal_gpio.o
 .debug_abbrev  0x0000000000001b3f      0x243 ./Drivers/STM32H7xx_HAL_Driver/Src/stm32h7xx_hal_i2c.o
 .debug_abbrev  0x0000000000001d82      0x1e1 ./Drivers/STM32H7xx_HAL_Driver/Src/stm32h7xx_hal_i2c_ex.o
 .debug_abbrev  0x0000000000001f63      0x2d2 ./Drivers/STM32H7xx_HAL_Driver/Src/stm32h7xx_hal_pcd.o
 .debug_abbrev  0x0000000000002235      0x24a ./Drivers/STM32H7xx_HAL_Driver/Src/stm32h7xx_hal_pcd_ex.o
 .debug_abbrev  0x000000000000247f      0x27e ./Drivers/STM32H7xx_HAL_Driver/Src/stm32h7xx_hal_pwr_ex.o
 .debug_abbrev  0x00000000000026fd      0x2a7 ./Drivers/STM32H7xx_HAL_Driver/Src/stm32h7xx_hal_rcc.o
 .debug_abbrev  0x00000000000029a4      0x25c ./Drivers/STM32H7xx_HAL_Driver/Src/stm32h7xx_hal_rcc_ex.o
 .debug_abbrev  0x0000000000002c00      0x2a2 ./Drivers/STM32H7xx_HAL_Driver/Src/stm32h7xx_hal_spi.o
 .debug_abbrev  0x0000000000002ea2      0x264 ./Drivers/STM32H7xx_HAL_Driver/Src/stm32h7xx_hal_tim.o
 .debug_abbrev  0x0000000000003106      0x281 ./Drivers/STM32H7xx_HAL_Driver/Src/stm32h7xx_hal_tim_ex.o
 .debug_abbrev  0x0000000000003387      0x325 ./Drivers/STM32H7xx_HAL_Driver/Src/stm32h7xx_hal_uart.o
 .debug_abbrev  0x00000000000036ac      0x2bd ./Drivers/STM32H7xx_HAL_Driver/Src/stm32h7xx_hal_uart_ex.o
 .debug_abbrev  0x0000000000003969      0x296 ./Drivers/STM32H7xx_HAL_Driver/Src/stm32h7xx_ll_usb.o

.debug_aranges  0x0000000000000000     0x20a8
 .debug_aranges
                0x0000000000000000       0xc8 ./Core/Src/main.o
 .debug_aranges
                0x00000000000000c8       0x98 ./Core/Src/stm32h7xx_hal_msp.o
 .debug_aranges
                0x0000000000000160       0x90 ./Core/Src/stm32h7xx_it.o
 .debug_aranges
                0x00000000000001f0       0x28 ./Core/Src/system_stm32h7xx.o
 .debug_aranges
                0x0000000000000218       0x28 ./Core/Startup/startup_stm32h723zgtx.o
 .debug_aranges
                0x0000000000000240      0x1c8 ./Drivers/STM32H7xx_HAL_Driver/Src/stm32h7xx_hal.o
 .debug_aranges
                0x0000000000000408      0x260 ./Drivers/STM32H7xx_HAL_Driver/Src/stm32h7xx_hal_adc.o
 .debug_aranges
                0x0000000000000668      0x1f0 ./Drivers/STM32H7xx_HAL_Driver/Src/stm32h7xx_hal_adc_ex.o
 .debug_aranges
                0x0000000000000858      0x120 ./Drivers/STM32H7xx_HAL_Driver/Src/stm32h7xx_hal_cortex.o
 .debug_aranges
                0x0000000000000978       0xa0 ./Drivers/STM32H7xx_HAL_Driver/Src/stm32h7xx_hal_dma.o
 .debug_aranges
                0x0000000000000a18      0x338 ./Drivers/STM32H7xx_HAL_Driver/Src/stm32h7xx_hal_fdcan.o
 .debug_aranges
                0x0000000000000d50       0x58 ./Drivers/STM32H7xx_HAL_Driver/Src/stm32h7xx_hal_gpio.o
 .debug_aranges
                0x0000000000000da8      0x2a0 ./Drivers/STM32H7xx_HAL_Driver/Src/stm32h7xx_hal_i2c.o
 .debug_aranges
                0x0000000000001048       0x48 ./Drivers/STM32H7xx_HAL_Driver/Src/stm32h7xx_hal_i2c_ex.o
 .debug_aranges
                0x0000000000001090      0x140 ./Drivers/STM32H7xx_HAL_Driver/Src/stm32h7xx_hal_pcd.o
 .debug_aranges
                0x00000000000011d0       0x60 ./Drivers/STM32H7xx_HAL_Driver/Src/stm32h7xx_hal_pcd_ex.o
 .debug_aranges
                0x0000000000001230      0x148 ./Drivers/STM32H7xx_HAL_Driver/Src/stm32h7xx_hal_pwr_ex.o
 .debug_aranges
                0x0000000000001378       0x88 ./Drivers/STM32H7xx_HAL_Driver/Src/stm32h7xx_hal_rcc.o
 .debug_aranges
                0x0000000000001400       0xf8 ./Drivers/STM32H7xx_HAL_Driver/Src/stm32h7xx_hal_rcc_ex.o
 .debug_aranges
                0x00000000000014f8      0x1a8 ./Drivers/STM32H7xx_HAL_Driver/Src/stm32h7xx_hal_spi.o
 .debug_aranges
                0x00000000000016a0      0x3e0 ./Drivers/STM32H7xx_HAL_Driver/Src/stm32h7xx_hal_tim.o
 .debug_aranges
                0x0000000000001a80      0x198 ./Drivers/STM32H7xx_HAL_Driver/Src/stm32h7xx_hal_tim_ex.o
 .debug_aranges
                0x0000000000001c18      0x248 ./Drivers/STM32H7xx_HAL_Driver/Src/stm32h7xx_hal_uart.o
 .debug_aranges
                0x0000000000001e60       0xa8 ./Drivers/STM32H7xx_HAL_Driver/Src/stm32h7xx_hal_uart_ex.o
 .debug_aranges
                0x0000000000001f08      0x1a0 ./Drivers/STM32H7xx_HAL_Driver/Src/stm32h7xx_ll_usb.o

.debug_ranges   0x0000000000000000     0x1f50
 .debug_ranges  0x0000000000000000       0xb8 ./Core/Src/main.o
 .debug_ranges  0x00000000000000b8       0x88 ./Core/Src/stm32h7xx_hal_msp.o
 .debug_ranges  0x0000000000000140       0x80 ./Core/Src/stm32h7xx_it.o
 .debug_ranges  0x00000000000001c0       0x18 ./Core/Src/system_stm32h7xx.o
 .debug_ranges  0x00000000000001d8       0x20 ./Core/Startup/startup_stm32h723zgtx.o
 .debug_ranges  0x00000000000001f8      0x1b8 ./Drivers/STM32H7xx_HAL_Driver/Src/stm32h7xx_hal.o
 .debug_ranges  0x00000000000003b0      0x250 ./Drivers/STM32H7xx_HAL_Driver/Src/stm32h7xx_hal_adc.o
 .debug_ranges  0x0000000000000600      0x1e0 ./Drivers/STM32H7xx_HAL_Driver/Src/stm32h7xx_hal_adc_ex.o
 .debug_ranges  0x00000000000007e0      0x110 ./Drivers/STM32H7xx_HAL_Driver/Src/stm32h7xx_hal_cortex.o
 .debug_ranges  0x00000000000008f0       0x90 ./Drivers/STM32H7xx_HAL_Driver/Src/stm32h7xx_hal_dma.o
 .debug_ranges  0x0000000000000980      0x328 ./Drivers/STM32H7xx_HAL_Driver/Src/stm32h7xx_hal_fdcan.o
 .debug_ranges  0x0000000000000ca8       0x48 ./Drivers/STM32H7xx_HAL_Driver/Src/stm32h7xx_hal_gpio.o
 .debug_ranges  0x0000000000000cf0      0x290 ./Drivers/STM32H7xx_HAL_Driver/Src/stm32h7xx_hal_i2c.o
 .debug_ranges  0x0000000000000f80       0x38 ./Drivers/STM32H7xx_HAL_Driver/Src/stm32h7xx_hal_i2c_ex.o
 .debug_ranges  0x0000000000000fb8      0x130 ./Drivers/STM32H7xx_HAL_Driver/Src/stm32h7xx_hal_pcd.o
 .debug_ranges  0x00000000000010e8       0x50 ./Drivers/STM32H7xx_HAL_Driver/Src/stm32h7xx_hal_pcd_ex.o
 .debug_ranges  0x0000000000001138      0x138 ./Drivers/STM32H7xx_HAL_Driver/Src/stm32h7xx_hal_pwr_ex.o
 .debug_ranges  0x0000000000001270       0x78 ./Drivers/STM32H7xx_HAL_Driver/Src/stm32h7xx_hal_rcc.o
 .debug_ranges  0x00000000000012e8       0xe8 ./Drivers/STM32H7xx_HAL_Driver/Src/stm32h7xx_hal_rcc_ex.o
 .debug_ranges  0x00000000000013d0      0x198 ./Drivers/STM32H7xx_HAL_Driver/Src/stm32h7xx_hal_spi.o
 .debug_ranges  0x0000000000001568      0x3d0 ./Drivers/STM32H7xx_HAL_Driver/Src/stm32h7xx_hal_tim.o
 .debug_ranges  0x0000000000001938      0x188 ./Drivers/STM32H7xx_HAL_Driver/Src/stm32h7xx_hal_tim_ex.o
 .debug_ranges  0x0000000000001ac0      0x268 ./Drivers/STM32H7xx_HAL_Driver/Src/stm32h7xx_hal_uart.o
 .debug_ranges  0x0000000000001d28       0x98 ./Drivers/STM32H7xx_HAL_Driver/Src/stm32h7xx_hal_uart_ex.o
 .debug_ranges  0x0000000000001dc0      0x190 ./Drivers/STM32H7xx_HAL_Driver/Src/stm32h7xx_ll_usb.o

.debug_macro    0x0000000000000000    0x37da0
 .debug_macro   0x0000000000000000      0x335 ./Core/Src/main.o
 .debug_macro   0x0000000000000335      0xa90 ./Core/Src/main.o
 .debug_macro   0x0000000000000dc5      0x250 ./Core/Src/main.o
 .debug_macro   0x0000000000001015       0x2e ./Core/Src/main.o
 .debug_macro   0x0000000000001043       0x3b ./Core/Src/main.o
 .debug_macro   0x000000000000107e       0x22 ./Core/Src/main.o
 .debug_macro   0x00000000000010a0       0x8e ./Core/Src/main.o
 .debug_macro   0x000000000000112e       0x51 ./Core/Src/main.o
 .debug_macro   0x000000000000117f      0x103 ./Core/Src/main.o
 .debug_macro   0x0000000000001282       0x6a ./Core/Src/main.o
 .debug_macro   0x00000000000012ec      0x1df ./Core/Src/main.o
 .debug_macro   0x00000000000014cb       0x1c ./Core/Src/main.o
 .debug_macro   0x00000000000014e7       0x22 ./Core/Src/main.o
 .debug_macro   0x0000000000001509       0xfb ./Core/Src/main.o
 .debug_macro   0x0000000000001604     0x1305 ./Core/Src/main.o
 .debug_macro   0x0000000000002909      0x11f ./Core/Src/main.o
 .debug_macro   0x0000000000002a28       0x27 ./Core/Src/main.o
 .debug_macro   0x0000000000002a4f    0x211d1 ./Core/Src/main.o
 .debug_macro   0x0000000000023c20       0x6d ./Core/Src/main.o
 .debug_macro   0x0000000000023c8d     0x3d48 ./Core/Src/main.o
 .debug_macro   0x00000000000279d5      0x174 ./Core/Src/main.o
 .debug_macro   0x0000000000027b49       0x52 ./Core/Src/main.o
 .debug_macro   0x0000000000027b9b       0x1d ./Core/Src/main.o
 .debug_macro   0x0000000000027bb8       0x3c ./Core/Src/main.o
 .debug_macro   0x0000000000027bf4       0x34 ./Core/Src/main.o
 .debug_macro   0x0000000000027c28       0x16 ./Core/Src/main.o
 .debug_macro   0x0000000000027c3e       0x43 ./Core/Src/main.o
 .debug_macro   0x0000000000027c81       0x34 ./Core/Src/main.o
 .debug_macro   0x0000000000027cb5       0x10 ./Core/Src/main.o
 .debug_macro   0x0000000000027cc5       0x58 ./Core/Src/main.o
 .debug_macro   0x0000000000027d1d       0x71 ./Core/Src/main.o
 .debug_macro   0x0000000000027d8e       0x1c ./Core/Src/main.o
 .debug_macro   0x0000000000027daa      0x12a ./Core/Src/main.o
 .debug_macro   0x0000000000027ed4      0x341 ./Core/Src/main.o
 .debug_macro   0x0000000000028215      0x19b ./Core/Src/main.o
 .debug_macro   0x00000000000283b0       0x5d ./Core/Src/main.o
 .debug_macro   0x000000000002840d     0x2462 ./Core/Src/main.o
 .debug_macro   0x000000000002a86f     0x1079 ./Core/Src/main.o
 .debug_macro   0x000000000002b8e8      0x154 ./Core/Src/main.o
 .debug_macro   0x000000000002ba3c      0x114 ./Core/Src/main.o
 .debug_macro   0x000000000002bb50      0x3f8 ./Core/Src/main.o
 .debug_macro   0x000000000002bf48       0xac ./Core/Src/main.o
 .debug_macro   0x000000000002bff4      0x788 ./Core/Src/main.o
 .debug_macro   0x000000000002c77c      0x228 ./Core/Src/main.o
 .debug_macro   0x000000000002c9a4       0x66 ./Core/Src/main.o
 .debug_macro   0x000000000002ca0a      0x3a6 ./Core/Src/main.o
 .debug_macro   0x000000000002cdb0      0x3f9 ./Core/Src/main.o
 .debug_macro   0x000000000002d1a9      0x275 ./Core/Src/main.o
 .debug_macro   0x000000000002d41e     0x1178 ./Core/Src/main.o
 .debug_macro   0x000000000002e596      0x7c8 ./Core/Src/main.o
 .debug_macro   0x000000000002ed5e      0x398 ./Core/Src/main.o
 .debug_macro   0x000000000002f0f6      0xe42 ./Core/Src/main.o
 .debug_macro   0x000000000002ff38      0x3ca ./Core/Src/main.o
 .debug_macro   0x0000000000030302      0x45c ./Core/Src/main.o
 .debug_macro   0x000000000003075e       0x3c ./Core/Src/main.o
 .debug_macro   0x000000000003079a       0x4a ./Core/Src/main.o
 .debug_macro   0x00000000000307e4      0x22c ./Core/Src/main.o
 .debug_macro   0x0000000000030a10       0x67 ./Core/Src/main.o
 .debug_macro   0x0000000000030a77       0xa5 ./Core/Src/main.o
 .debug_macro   0x0000000000030b1c      0x1c4 ./Core/Src/main.o
 .debug_macro   0x0000000000030ce0      0x22a ./Core/Src/main.o
 .debug_macro   0x0000000000030f0a       0x35 ./Core/Src/main.o
 .debug_macro   0x0000000000030f3f      0x5e4 ./Core/Src/main.o
 .debug_macro   0x0000000000031523       0xba ./Core/Src/main.o
 .debug_macro   0x00000000000315dd      0xb1d ./Core/Src/main.o
 .debug_macro   0x00000000000320fa      0x29f ./Core/Src/main.o
 .debug_macro   0x0000000000032399      0x693 ./Core/Src/main.o
 .debug_macro   0x0000000000032a2c       0xa6 ./Core/Src/main.o
 .debug_macro   0x0000000000032ad2      0x264 ./Core/Src/main.o
 .debug_macro   0x0000000000032d36       0x90 ./Core/Src/main.o
 .debug_macro   0x0000000000032dc6      0x5e6 ./Core/Src/main.o
 .debug_macro   0x00000000000333ac      0x31d ./Core/Src/stm32h7xx_hal_msp.o
 .debug_macro   0x00000000000336c9      0x327 ./Core/Src/stm32h7xx_it.o
 .debug_macro   0x00000000000339f0      0x313 ./Core/Src/system_stm32h7xx.o
 .debug_macro   0x0000000000033d03      0x33d ./Drivers/STM32H7xx_HAL_Driver/Src/stm32h7xx_hal.o
 .debug_macro   0x0000000000034040      0x33e ./Drivers/STM32H7xx_HAL_Driver/Src/stm32h7xx_hal_adc.o
 .debug_macro   0x000000000003437e      0x31f ./Drivers/STM32H7xx_HAL_Driver/Src/stm32h7xx_hal_adc_ex.o
 .debug_macro   0x000000000003469d      0x313 ./Drivers/STM32H7xx_HAL_Driver/Src/stm32h7xx_hal_cortex.o
 .debug_macro   0x00000000000349b0      0x367 ./Drivers/STM32H7xx_HAL_Driver/Src/stm32h7xx_hal_dma.o
 .debug_macro   0x0000000000034d17      0x3d8 ./Drivers/STM32H7xx_HAL_Driver/Src/stm32h7xx_hal_fdcan.o
 .debug_macro   0x00000000000350ef      0x31a ./Drivers/STM32H7xx_HAL_Driver/Src/stm32h7xx_hal_gpio.o
 .debug_macro   0x0000000000035409      0x3df ./Drivers/STM32H7xx_HAL_Driver/Src/stm32h7xx_hal_i2c.o
 .debug_macro   0x00000000000357e8      0x313 ./Drivers/STM32H7xx_HAL_Driver/Src/stm32h7xx_hal_i2c_ex.o
 .debug_macro   0x0000000000035afb      0x31f ./Drivers/STM32H7xx_HAL_Driver/Src/stm32h7xx_hal_pcd.o
 .debug_macro   0x0000000000035e1a      0x313 ./Drivers/STM32H7xx_HAL_Driver/Src/stm32h7xx_hal_pcd_ex.o
 .debug_macro   0x000000000003612d      0x34c ./Drivers/STM32H7xx_HAL_Driver/Src/stm32h7xx_hal_pwr_ex.o
 .debug_macro   0x0000000000036479      0x337 ./Drivers/STM32H7xx_HAL_Driver/Src/stm32h7xx_hal_rcc.o
 .debug_macro   0x00000000000367b0      0x331 ./Drivers/STM32H7xx_HAL_Driver/Src/stm32h7xx_hal_rcc_ex.o
 .debug_macro   0x0000000000036ae1      0x322 ./Drivers/STM32H7xx_HAL_Driver/Src/stm32h7xx_hal_spi.o
 .debug_macro   0x0000000000036e03      0x314 ./Drivers/STM32H7xx_HAL_Driver/Src/stm32h7xx_hal_tim.o
 .debug_macro   0x0000000000037117      0x319 ./Drivers/STM32H7xx_HAL_Driver/Src/stm32h7xx_hal_tim_ex.o
 .debug_macro   0x0000000000037430      0x33e ./Drivers/STM32H7xx_HAL_Driver/Src/stm32h7xx_hal_uart.o
 .debug_macro   0x000000000003776e      0x31f ./Drivers/STM32H7xx_HAL_Driver/Src/stm32h7xx_hal_uart_ex.o
 .debug_macro   0x0000000000037a8d      0x313 ./Drivers/STM32H7xx_HAL_Driver/Src/stm32h7xx_ll_usb.o

.debug_line     0x0000000000000000    0x292b1
 .debug_line    0x0000000000000000     0x1230 ./Core/Src/main.o
 .debug_line    0x0000000000001230      0xe1d ./Core/Src/stm32h7xx_hal_msp.o
 .debug_line    0x000000000000204d      0xa80 ./Core/Src/stm32h7xx_it.o
 .debug_line    0x0000000000002acd      0xad2 ./Core/Src/system_stm32h7xx.o
 .debug_line    0x000000000000359f       0x88 ./Core/Startup/startup_stm32h723zgtx.o
 .debug_line    0x0000000000003627      0xf6c ./Drivers/STM32H7xx_HAL_Driver/Src/stm32h7xx_hal.o
 .debug_line    0x0000000000004593     0x2810 ./Drivers/STM32H7xx_HAL_Driver/Src/stm32h7xx_hal_adc.o
 .debug_line    0x0000000000006da3     0x22be ./Drivers/STM32H7xx_HAL_Driver/Src/stm32h7xx_hal_adc_ex.o
 .debug_line    0x0000000000009061      0xee1 ./Drivers/STM32H7xx_HAL_Driver/Src/stm32h7xx_hal_cortex.o
 .debug_line    0x0000000000009f42     0x282d ./Drivers/STM32H7xx_HAL_Driver/Src/stm32h7xx_hal_dma.o
 .debug_line    0x000000000000c76f     0x283c ./Drivers/STM32H7xx_HAL_Driver/Src/stm32h7xx_hal_fdcan.o
 .debug_line    0x000000000000efab      0xd8a ./Drivers/STM32H7xx_HAL_Driver/Src/stm32h7xx_hal_gpio.o
 .debug_line    0x000000000000fd35     0x3cc4 ./Drivers/STM32H7xx_HAL_Driver/Src/stm32h7xx_hal_i2c.o
 .debug_line    0x00000000000139f9      0xb4b ./Drivers/STM32H7xx_HAL_Driver/Src/stm32h7xx_hal_i2c_ex.o
 .debug_line    0x0000000000014544     0x16b3 ./Drivers/STM32H7xx_HAL_Driver/Src/stm32h7xx_hal_pcd.o
 .debug_line    0x0000000000015bf7      0xafd ./Drivers/STM32H7xx_HAL_Driver/Src/stm32h7xx_hal_pcd_ex.o
 .debug_line    0x00000000000166f4      0xf50 ./Drivers/STM32H7xx_HAL_Driver/Src/stm32h7xx_hal_pwr_ex.o
 .debug_line    0x0000000000017644     0x1402 ./Drivers/STM32H7xx_HAL_Driver/Src/stm32h7xx_hal_rcc.o
 .debug_line    0x0000000000018a46     0x1c98 ./Drivers/STM32H7xx_HAL_Driver/Src/stm32h7xx_hal_rcc_ex.o
 .debug_line    0x000000000001a6de     0x1fea ./Drivers/STM32H7xx_HAL_Driver/Src/stm32h7xx_hal_spi.o
 .debug_line    0x000000000001c6c8     0x4058 ./Drivers/STM32H7xx_HAL_Driver/Src/stm32h7xx_hal_tim.o
 .debug_line    0x0000000000020720     0x1fef ./Drivers/STM32H7xx_HAL_Driver/Src/stm32h7xx_hal_tim_ex.o
 .debug_line    0x000000000002270f     0x3fa9 ./Drivers/STM32H7xx_HAL_Driver/Src/stm32h7xx_hal_uart.o
 .debug_line    0x00000000000266b8      0xf79 ./Drivers/STM32H7xx_HAL_Driver/Src/stm32h7xx_hal_uart_ex.o
 .debug_line    0x0000000000027631     0x1c80 ./Drivers/STM32H7xx_HAL_Driver/Src/stm32h7xx_ll_usb.o

.debug_str      0x0000000000000000   0x172c35
 .debug_str     0x0000000000000000   0x1690c7 ./Core/Src/main.o
                                     0x169b0f (size before relaxing)
 .debug_str     0x00000000001690c7      0x1c8 ./Core/Src/stm32h7xx_hal_msp.o
                                     0x169505 (size before relaxing)
 .debug_str     0x000000000016928f      0x177 ./Core/Src/stm32h7xx_it.o
                                     0x1673c9 (size before relaxing)
 .debug_str     0x0000000000169406      0x2a4 ./Core/Src/system_stm32h7xx.o
                                     0x1670bf (size before relaxing)
 .debug_str     0x00000000001696aa       0x36 ./Core/Startup/startup_stm32h723zgtx.o
                                         0x72 (size before relaxing)
 .debug_str     0x00000000001696e0      0x99f ./Drivers/STM32H7xx_HAL_Driver/Src/stm32h7xx_hal.o
                                     0x168149 (size before relaxing)
 .debug_str     0x000000000016a07f      0xcac ./Drivers/STM32H7xx_HAL_Driver/Src/stm32h7xx_hal_adc.o
                                     0x168150 (size before relaxing)
 .debug_str     0x000000000016ad2b      0x7d8 ./Drivers/STM32H7xx_HAL_Driver/Src/stm32h7xx_hal_adc_ex.o
                                     0x168070 (size before relaxing)
 .debug_str     0x000000000016b503      0x32c ./Drivers/STM32H7xx_HAL_Driver/Src/stm32h7xx_hal_cortex.o
                                     0x167a2b (size before relaxing)
 .debug_str     0x000000000016b82f      0x883 ./Drivers/STM32H7xx_HAL_Driver/Src/stm32h7xx_hal_dma.o
                                     0x167874 (size before relaxing)
 .debug_str     0x000000000016c0b2     0x1ba5 ./Drivers/STM32H7xx_HAL_Driver/Src/stm32h7xx_hal_fdcan.o
                                     0x168e3f (size before relaxing)
 .debug_str     0x000000000016dc57       0xec ./Drivers/STM32H7xx_HAL_Driver/Src/stm32h7xx_hal_gpio.o
                                     0x16710a (size before relaxing)
 .debug_str     0x000000000016dd43      0xda4 ./Drivers/STM32H7xx_HAL_Driver/Src/stm32h7xx_hal_i2c.o
                                     0x1681ac (size before relaxing)
 .debug_str     0x000000000016eae7       0xb8 ./Drivers/STM32H7xx_HAL_Driver/Src/stm32h7xx_hal_i2c_ex.o
                                     0x167579 (size before relaxing)
 .debug_str     0x000000000016eb9f      0x805 ./Drivers/STM32H7xx_HAL_Driver/Src/stm32h7xx_hal_pcd.o
                                     0x1678bc (size before relaxing)
 .debug_str     0x000000000016f3a4      0x174 ./Drivers/STM32H7xx_HAL_Driver/Src/stm32h7xx_hal_pcd_ex.o
                                     0x16725a (size before relaxing)
 .debug_str     0x000000000016f518      0x5ad ./Drivers/STM32H7xx_HAL_Driver/Src/stm32h7xx_hal_pwr_ex.o
                                     0x167512 (size before relaxing)
 .debug_str     0x000000000016fac5      0x208 ./Drivers/STM32H7xx_HAL_Driver/Src/stm32h7xx_hal_rcc.o
                                     0x16748d (size before relaxing)
 .debug_str     0x000000000016fccd      0x61e ./Drivers/STM32H7xx_HAL_Driver/Src/stm32h7xx_hal_rcc_ex.o
                                     0x1679a5 (size before relaxing)
 .debug_str     0x00000000001702eb      0x4fe ./Drivers/STM32H7xx_HAL_Driver/Src/stm32h7xx_hal_spi.o
                                     0x1677f7 (size before relaxing)
 .debug_str     0x00000000001707e9      0xdba ./Drivers/STM32H7xx_HAL_Driver/Src/stm32h7xx_hal_tim.o
                                     0x16827b (size before relaxing)
 .debug_str     0x00000000001715a3      0x5f6 ./Drivers/STM32H7xx_HAL_Driver/Src/stm32h7xx_hal_tim_ex.o
                                     0x167c38 (size before relaxing)
 .debug_str     0x0000000000171b99      0x9d0 ./Drivers/STM32H7xx_HAL_Driver/Src/stm32h7xx_hal_uart.o
                                     0x16802d (size before relaxing)
 .debug_str     0x0000000000172569      0x266 ./Drivers/STM32H7xx_HAL_Driver/Src/stm32h7xx_hal_uart_ex.o
                                     0x1675ed (size before relaxing)
 .debug_str     0x00000000001727cf      0x466 ./Drivers/STM32H7xx_HAL_Driver/Src/stm32h7xx_ll_usb.o
                                     0x167765 (size before relaxing)

.comment        0x0000000000000000       0x50
 .comment       0x0000000000000000       0x50 ./Core/Src/main.o
                                         0x51 (size before relaxing)
 .comment       0x0000000000000050       0x51 ./Core/Src/stm32h7xx_hal_msp.o
 .comment       0x0000000000000050       0x51 ./Core/Src/stm32h7xx_it.o
 .comment       0x0000000000000050       0x51 ./Core/Src/system_stm32h7xx.o
 .comment       0x0000000000000050       0x51 ./Drivers/STM32H7xx_HAL_Driver/Src/stm32h7xx_hal.o
 .comment       0x0000000000000050       0x51 ./Drivers/STM32H7xx_HAL_Driver/Src/stm32h7xx_hal_adc.o
 .comment       0x0000000000000050       0x51 ./Drivers/STM32H7xx_HAL_Driver/Src/stm32h7xx_hal_adc_ex.o
 .comment       0x0000000000000050       0x51 ./Drivers/STM32H7xx_HAL_Driver/Src/stm32h7xx_hal_cortex.o
 .comment       0x0000000000000050       0x51 ./Drivers/STM32H7xx_HAL_Driver/Src/stm32h7xx_hal_dma.o
 .comment       0x0000000000000050       0x51 ./Drivers/STM32H7xx_HAL_Driver/Src/stm32h7xx_hal_fdcan.o
 .comment       0x0000000000000050       0x51 ./Drivers/STM32H7xx_HAL_Driver/Src/stm32h7xx_hal_gpio.o
 .comment       0x0000000000000050       0x51 ./Drivers/STM32H7xx_HAL_Driver/Src/stm32h7xx_hal_i2c.o
 .comment       0x0000000000000050       0x51 ./Drivers/STM32H7xx_HAL_Driver/Src/stm32h7xx_hal_i2c_ex.o
 .comment       0x0000000000000050       0x51 ./Drivers/STM32H7xx_HAL_Driver/Src/stm32h7xx_hal_pcd.o
 .comment       0x0000000000000050       0x51 ./Drivers/STM32H7xx_HAL_Driver/Src/stm32h7xx_hal_pcd_ex.o
 .comment       0x0000000000000050       0x51 ./Drivers/STM32H7xx_HAL_Driver/Src/stm32h7xx_hal_pwr_ex.o
 .comment       0x0000000000000050       0x51 ./Drivers/STM32H7xx_HAL_Driver/Src/stm32h7xx_hal_rcc.o
 .comment       0x0000000000000050       0x51 ./Drivers/STM32H7xx_HAL_Driver/Src/stm32h7xx_hal_rcc_ex.o
 .comment       0x0000000000000050       0x51 ./Drivers/STM32H7xx_HAL_Driver/Src/stm32h7xx_hal_spi.o
 .comment       0x0000000000000050       0x51 ./Drivers/STM32H7xx_HAL_Driver/Src/stm32h7xx_hal_tim.o
 .comment       0x0000000000000050       0x51 ./Drivers/STM32H7xx_HAL_Driver/Src/stm32h7xx_hal_tim_ex.o
 .comment       0x0000000000000050       0x51 ./Drivers/STM32H7xx_HAL_Driver/Src/stm32h7xx_hal_uart.o
 .comment       0x0000000000000050       0x51 ./Drivers/STM32H7xx_HAL_Driver/Src/stm32h7xx_hal_uart_ex.o
 .comment       0x0000000000000050       0x51 ./Drivers/STM32H7xx_HAL_Driver/Src/stm32h7xx_ll_usb.o

.debug_frame    0x0000000000000000     0x91ac
 .debug_frame   0x0000000000000000      0x2e0 ./Core/Src/main.o
 .debug_frame   0x00000000000002e0      0x268 ./Core/Src/stm32h7xx_hal_msp.o
 .debug_frame   0x0000000000000548      0x1ac ./Core/Src/stm32h7xx_it.o
 .debug_frame   0x00000000000006f4       0x58 ./Core/Src/system_stm32h7xx.o
 .debug_frame   0x000000000000074c      0x760 ./Drivers/STM32H7xx_HAL_Driver/Src/stm32h7xx_hal.o
 .debug_frame   0x0000000000000eac      0xb40 ./Drivers/STM32H7xx_HAL_Driver/Src/stm32h7xx_hal_adc.o
 .debug_frame   0x00000000000019ec      0x904 ./Drivers/STM32H7xx_HAL_Driver/Src/stm32h7xx_hal_adc_ex.o
 .debug_frame   0x00000000000022f0      0x4b8 ./Drivers/STM32H7xx_HAL_Driver/Src/stm32h7xx_hal_cortex.o
 .debug_frame   0x00000000000027a8      0x2b4 ./Drivers/STM32H7xx_HAL_Driver/Src/stm32h7xx_hal_dma.o
 .debug_frame   0x0000000000002a5c      0xf9c ./Drivers/STM32H7xx_HAL_Driver/Src/stm32h7xx_hal_fdcan.o
 .debug_frame   0x00000000000039f8      0x14c ./Drivers/STM32H7xx_HAL_Driver/Src/stm32h7xx_hal_gpio.o
 .debug_frame   0x0000000000003b44      0xc40 ./Drivers/STM32H7xx_HAL_Driver/Src/stm32h7xx_hal_i2c.o
 .debug_frame   0x0000000000004784      0x100 ./Drivers/STM32H7xx_HAL_Driver/Src/stm32h7xx_hal_i2c_ex.o
 .debug_frame   0x0000000000004884      0x594 ./Drivers/STM32H7xx_HAL_Driver/Src/stm32h7xx_hal_pcd.o
 .debug_frame   0x0000000000004e18      0x174 ./Drivers/STM32H7xx_HAL_Driver/Src/stm32h7xx_hal_pcd_ex.o
 .debug_frame   0x0000000000004f8c      0x540 ./Drivers/STM32H7xx_HAL_Driver/Src/stm32h7xx_hal_pwr_ex.o
 .debug_frame   0x00000000000054cc      0x1fc ./Drivers/STM32H7xx_HAL_Driver/Src/stm32h7xx_hal_rcc.o
 .debug_frame   0x00000000000056c8      0x414 ./Drivers/STM32H7xx_HAL_Driver/Src/stm32h7xx_hal_rcc_ex.o
 .debug_frame   0x0000000000005adc      0x7a8 ./Drivers/STM32H7xx_HAL_Driver/Src/stm32h7xx_hal_spi.o
 .debug_frame   0x0000000000006284     0x121c ./Drivers/STM32H7xx_HAL_Driver/Src/stm32h7xx_hal_tim.o
 .debug_frame   0x00000000000074a0      0x724 ./Drivers/STM32H7xx_HAL_Driver/Src/stm32h7xx_hal_tim_ex.o
 .debug_frame   0x0000000000007bc4      0xa94 ./Drivers/STM32H7xx_HAL_Driver/Src/stm32h7xx_hal_uart.o
 .debug_frame   0x0000000000008658      0x2c0 ./Drivers/STM32H7xx_HAL_Driver/Src/stm32h7xx_hal_uart_ex.o
 .debug_frame   0x0000000000008918      0x7c0 ./Drivers/STM32H7xx_HAL_Driver/Src/stm32h7xx_ll_usb.o
 .debug_frame   0x00000000000090d8       0x2c c:/st/stm32cubeide_1.12.0/stm32cubeide/plugins/com.st.stm32cube.ide.mcu.externaltools.gnu-tools-for-stm32.10.3-2021.10.win32_1.0.200.202301161003/tools/bin/../lib/gcc/arm-none-eabi/10.3.1/../../../../arm-none-eabi/lib/thumb/v7e-m+dp/hard\libc_nano.a(lib_a-init.o)