Archive member included to satisfy reference by file (symbol)

c:/st/stm32cubeide_1.12.0/stm32cubeide/plugins/com.st.stm32cube.ide.mcu.externaltools.gnu-tools-for-stm32.10.3-2021.10.win32_1.0.200.202301161003/tools/bin/../lib/gcc/arm-none-eabi/10.3.1/../../../../arm-none-eabi/lib/thumb/v7e-m+dp/hard\libc_nano.a(lib_a-errno.o)
                              ./Core/Src/syscalls.o (__errno)
c:/st/stm32cubeide_1.12.0/stm32cubeide/plugins/com.st.stm32cube.ide.mcu.externaltools.gnu-tools-for-stm32.10.3-2021.10.win32_1.0.200.202301161003/tools/bin/../lib/gcc/arm-none-eabi/10.3.1/../../../../arm-none-eabi/lib/thumb/v7e-m+dp/hard\libc_nano.a(lib_a-exit.o)
                              c:/st/stm32cubeide_1.12.0/stm32cubeide/plugins/com.st.stm32cube.ide.mcu.externaltools.gnu-tools-for-stm32.10.3-2021.10.win32_1.0.200.202301161003/tools/bin/../lib/gcc/arm-none-eabi/10.3.1/../../../../arm-none-eabi/lib/thumb/v7e-m+dp/hard/crt0.o (exit)
c:/st/stm32cubeide_1.12.0/stm32cubeide/plugins/com.st.stm32cube.ide.mcu.externaltools.gnu-tools-for-stm32.10.3-2021.10.win32_1.0.200.202301161003/tools/bin/../lib/gcc/arm-none-eabi/10.3.1/../../../../arm-none-eabi/lib/thumb/v7e-m+dp/hard\libc_nano.a(lib_a-impure.o)
                              c:/st/stm32cubeide_1.12.0/stm32cubeide/plugins/com.st.stm32cube.ide.mcu.externaltools.gnu-tools-for-stm32.10.3-2021.10.win32_1.0.200.202301161003/tools/bin/../lib/gcc/arm-none-eabi/10.3.1/../../../../arm-none-eabi/lib/thumb/v7e-m+dp/hard\libc_nano.a(lib_a-exit.o) (_global_impure_ptr)
c:/st/stm32cubeide_1.12.0/stm32cubeide/plugins/com.st.stm32cube.ide.mcu.externaltools.gnu-tools-for-stm32.10.3-2021.10.win32_1.0.200.202301161003/tools/bin/../lib/gcc/arm-none-eabi/10.3.1/../../../../arm-none-eabi/lib/thumb/v7e-m+dp/hard\libc_nano.a(lib_a-init.o)
                              c:/st/stm32cubeide_1.12.0/stm32cubeide/plugins/com.st.stm32cube.ide.mcu.externaltools.gnu-tools-for-stm32.10.3-2021.10.win32_1.0.200.202301161003/tools/bin/../lib/gcc/arm-none-eabi/10.3.1/../../../../arm-none-eabi/lib/thumb/v7e-m+dp/hard/crt0.o (__libc_init_array)
c:/st/stm32cubeide_1.12.0/stm32cubeide/plugins/com.st.stm32cube.ide.mcu.externaltools.gnu-tools-for-stm32.10.3-2021.10.win32_1.0.200.202301161003/tools/bin/../lib/gcc/arm-none-eabi/10.3.1/../../../../arm-none-eabi/lib/thumb/v7e-m+dp/hard\libc_nano.a(lib_a-memcpy-stub.o)
                              ./Drivers/STM32H7xx_HAL_Driver/Src/stm32h7xx_hal_fdcan.o (memcpy)
c:/st/stm32cubeide_1.12.0/stm32cubeide/plugins/com.st.stm32cube.ide.mcu.externaltools.gnu-tools-for-stm32.10.3-2021.10.win32_1.0.200.202301161003/tools/bin/../lib/gcc/arm-none-eabi/10.3.1/../../../../arm-none-eabi/lib/thumb/v7e-m+dp/hard\libc_nano.a(lib_a-memset.o)
                              c:/st/stm32cubeide_1.12.0/stm32cubeide/plugins/com.st.stm32cube.ide.mcu.externaltools.gnu-tools-for-stm32.10.3-2021.10.win32_1.0.200.202301161003/tools/bin/../lib/gcc/arm-none-eabi/10.3.1/../../../../arm-none-eabi/lib/thumb/v7e-m+dp/hard/crt0.o (memset)
c:/st/stm32cubeide_1.12.0/stm32cubeide/plugins/com.st.stm32cube.ide.mcu.externaltools.gnu-tools-for-stm32.10.3-2021.10.win32_1.0.200.202301161003/tools/bin/../lib/gcc/arm-none-eabi/10.3.1/../../../../arm-none-eabi/lib/thumb/v7e-m+dp/hard\libc_nano.a(lib_a-sprintf.o)
                              ./Core/Src/main.o (sprintf)
c:/st/stm32cubeide_1.12.0/stm32cubeide/plugins/com.st.stm32cube.ide.mcu.externaltools.gnu-tools-for-stm32.10.3-2021.10.win32_1.0.200.202301161003/tools/bin/../lib/gcc/arm-none-eabi/10.3.1/../../../../arm-none-eabi/lib/thumb/v7e-m+dp/hard\libc_nano.a(lib_a-strlen.o)
                              ./Core/Src/main.o (strlen)
c:/st/stm32cubeide_1.12.0/stm32cubeide/plugins/com.st.stm32cube.ide.mcu.externaltools.gnu-tools-for-stm32.10.3-2021.10.win32_1.0.200.202301161003/tools/bin/../lib/gcc/arm-none-eabi/10.3.1/../../../../arm-none-eabi/lib/thumb/v7e-m+dp/hard\libc_nano.a(lib_a-nano-svfprintf.o)
                              c:/st/stm32cubeide_1.12.0/stm32cubeide/plugins/com.st.stm32cube.ide.mcu.externaltools.gnu-tools-for-stm32.10.3-2021.10.win32_1.0.200.202301161003/tools/bin/../lib/gcc/arm-none-eabi/10.3.1/../../../../arm-none-eabi/lib/thumb/v7e-m+dp/hard\libc_nano.a(lib_a-sprintf.o) (_svfprintf_r)
c:/st/stm32cubeide_1.12.0/stm32cubeide/plugins/com.st.stm32cube.ide.mcu.externaltools.gnu-tools-for-stm32.10.3-2021.10.win32_1.0.200.202301161003/tools/bin/../lib/gcc/arm-none-eabi/10.3.1/../../../../arm-none-eabi/lib/thumb/v7e-m+dp/hard\libc_nano.a(lib_a-nano-vfprintf_i.o)
                              c:/st/stm32cubeide_1.12.0/stm32cubeide/plugins/com.st.stm32cube.ide.mcu.externaltools.gnu-tools-for-stm32.10.3-2021.10.win32_1.0.200.202301161003/tools/bin/../lib/gcc/arm-none-eabi/10.3.1/../../../../arm-none-eabi/lib/thumb/v7e-m+dp/hard\libc_nano.a(lib_a-nano-svfprintf.o) (_printf_i)
[...]
Memory Configuration

Name             Origin             Length             Attributes
ITCMRAM          0x0000000000000000 0x0000000000010000 xrw
DTCMRAM          0x0000000020000000 0x0000000000020000 xrw
FLASH            0x0000000008000000 0x0000000000100000 xr
RAM_D1           0x0000000024000000 0x0000000000050000 xrw
RAM_D2           0x0000000030000000 0x0000000000008000 xrw
RAM_D3           0x0000000038000000 0x0000000000004000 xrw
*default*        0x0000000000000000 0xffffffffffffffff

Linker script and memory map

LOAD c:/st/stm32cubeide_1.12.0/stm32cubeide/plugins/com.st.stm32cube.ide.mcu.externaltools.gnu-tools-for-stm32.10.3-2021.10.win32_1.0.200.202301161003/tools/bin/../lib/gcc/arm-none-eabi/10.3.1/thumb/v7e-m+dp/hard/crti.o
LOAD c:/st/stm32cubeide_1.12.0/stm32cubeide/plugins/com.st.stm32cube.ide.mcu.externaltools.gnu-tools-for-stm32.10.3-2021.10.win32_1.0.200.202301161003/tools/bin/../lib/gcc/arm-none-eabi/10.3.1/thumb/v7e-m+dp/hard/crtbegin.o
LOAD c:/st/stm32cubeide_1.12.0/stm32cubeide/plugins/com.st.stm32cube.ide.mcu.externaltools.gnu-tools-for-stm32.10.3-2021.10.win32_1.0.200.202301161003/tools/bin/../lib/gcc/arm-none-eabi/10.3.1/../../../../arm-none-eabi/lib/thumb/v7e-m+dp/hard/crt0.o
LOAD ./Core/Src/add.o
LOAD ./Core/Src/ism330dhcx.o
LOAD ./Core/Src/ism330dhcx_reg.o
LOAD ./Core/Src/main.o
LOAD ./Core/Src/stm32h7xx_hal_msp.o
LOAD ./Core/Src/stm32h7xx_it.o
LOAD ./Core/Src/syscalls.o
LOAD ./Core/Src/sysmem.o
LOAD ./Core/Src/system_stm32h7xx.o
LOAD ./Core/Startup/startup_stm32h723zgtx.o
LOAD ./Drivers/STM32H7xx_HAL_Driver/Src/stm32h7xx_hal.o
LOAD ./Drivers/STM32H7xx_HAL_Driver/Src/stm32h7xx_hal_adc.o
LOAD ./Drivers/STM32H7xx_HAL_Driver/Src/stm32h7xx_hal_adc_ex.o
LOAD ./Drivers/STM32H7xx_HAL_Driver/Src/stm32h7xx_hal_cortex.o
LOAD ./Drivers/STM32H7xx_HAL_Driver/Src/stm32h7xx_hal_dma.o
LOAD ./Drivers/STM32H7xx_HAL_Driver/Src/stm32h7xx_hal_dma_ex.o
LOAD ./Drivers/STM32H7xx_HAL_Driver/Src/stm32h7xx_hal_exti.o
LOAD ./Drivers/STM32H7xx_HAL_Driver/Src/stm32h7xx_hal_fdcan.o
LOAD ./Drivers/STM32H7xx_HAL_Driver/Src/stm32h7xx_hal_flash.o
LOAD ./Drivers/STM32H7xx_HAL_Driver/Src/stm32h7xx_hal_flash_ex.o
LOAD ./Drivers/STM32H7xx_HAL_Driver/Src/stm32h7xx_hal_gpio.o
LOAD ./Drivers/STM32H7xx_HAL_Driver/Src/stm32h7xx_hal_hsem.o
LOAD ./Drivers/STM32H7xx_HAL_Driver/Src/stm32h7xx_hal_i2c.o
LOAD ./Drivers/STM32H7xx_HAL_Driver/Src/stm32h7xx_hal_i2c_ex.o
LOAD ./Drivers/STM32H7xx_HAL_Driver/Src/stm32h7xx_hal_mdma.o
LOAD ./Drivers/STM32H7xx_HAL_Driver/Src/stm32h7xx_hal_pcd.o
LOAD ./Drivers/STM32H7xx_HAL_Driver/Src/stm32h7xx_hal_pcd_ex.o
LOAD ./Drivers/STM32H7xx_HAL_Driver/Src/stm32h7xx_hal_pwr.o
LOAD ./Drivers/STM32H7xx_HAL_Driver/Src/stm32h7xx_hal_pwr_ex.o
LOAD ./Drivers/STM32H7xx_HAL_Driver/Src/stm32h7xx_hal_rcc.o
LOAD ./Drivers/STM32H7xx_HAL_Driver/Src/stm32h7xx_hal_rcc_ex.o
LOAD ./Drivers/STM32H7xx_HAL_Driver/Src/stm32h7xx_hal_spi.o
LOAD ./Drivers/STM32H7xx_HAL_Driver/Src/stm32h7xx_hal_spi_ex.o
LOAD ./Drivers/STM32H7xx_HAL_Driver/Src/stm32h7xx_hal_tim.o
LOAD ./Drivers/STM32H7xx_HAL_Driver/Src/stm32h7xx_hal_tim_ex.o
LOAD ./Drivers/STM32H7xx_HAL_Driver/Src/stm32h7xx_hal_uart.o
LOAD ./Drivers/STM32H7xx_HAL_Driver/Src/stm32h7xx_hal_uart_ex.o
LOAD ./Drivers/STM32H7xx_HAL_Driver/Src/stm32h7xx_ll_usb.o
LOAD ./Middlewares/ST/STM32_USB_Device_Library/Class/CDC/Src/usbd_cdc.o
LOAD ./Middlewares/ST/STM32_USB_Device_Library/Core/Src/usbd_core.o
LOAD ./Middlewares/ST/STM32_USB_Device_Library/Core/Src/usbd_ctlreq.o
LOAD ./Middlewares/ST/STM32_USB_Device_Library/Core/Src/usbd_ioreq.o
LOAD ./USB_DEVICE/App/usb_device.o
LOAD ./USB_DEVICE/App/usbd_cdc_if.o
LOAD ./USB_DEVICE/App/usbd_desc.o
LOAD ./USB_DEVICE/Target/usbd_conf.o
START GROUP
LOAD c:/st/stm32cubeide_1.12.0/stm32cubeide/plugins/com.st.stm32cube.ide.mcu.externaltools.gnu-tools-for-stm32.10.3-2021.10.win32_1.0.200.202301161003/tools/bin/../lib/gcc/arm-none-eabi/10.3.1/../../../../arm-none-eabi/lib/thumb/v7e-m+dp/hard\libc_nano.a
LOAD c:/st/stm32cubeide_1.12.0/stm32cubeide/plugins/com.st.stm32cube.ide.mcu.externaltools.gnu-tools-for-stm32.10.3-2021.10.win32_1.0.200.202301161003/tools/bin/../lib/gcc/arm-none-eabi/10.3.1/../../../../arm-none-eabi/lib/thumb/v7e-m+dp/hard\libm.a
END GROUP
START GROUP
LOAD c:/st/stm32cubeide_1.12.0/stm32cubeide/plugins/com.st.stm32cube.ide.mcu.externaltools.gnu-tools-for-stm32.10.3-2021.10.win32_1.0.200.202301161003/tools/bin/../lib/gcc/arm-none-eabi/10.3.1/thumb/v7e-m+dp/hard\libgcc.a
LOAD c:/st/stm32cubeide_1.12.0/stm32cubeide/plugins/com.st.stm32cube.ide.mcu.externaltools.gnu-tools-for-stm32.10.3-2021.10.win32_1.0.200.202301161003/tools/bin/../lib/gcc/arm-none-eabi/10.3.1/../../../../arm-none-eabi/lib/thumb/v7e-m+dp/hard\libc_nano.a
END GROUP
START GROUP
LOAD c:/st/stm32cubeide_1.12.0/stm32cubeide/plugins/com.st.stm32cube.ide.mcu.externaltools.gnu-tools-for-stm32.10.3-2021.10.win32_1.0.200.202301161003/tools/bin/../lib/gcc/arm-none-eabi/10.3.1/thumb/v7e-m+dp/hard\libgcc.a
LOAD c:/st/stm32cubeide_1.12.0/stm32cubeide/plugins/com.st.stm32cube.ide.mcu.externaltools.gnu-tools-for-stm32.10.3-2021.10.win32_1.0.200.202301161003/tools/bin/../lib/gcc/arm-none-eabi/10.3.1/../../../../arm-none-eabi/lib/thumb/v7e-m+dp/hard\libc_nano.a
LOAD c:/st/stm32cubeide_1.12.0/stm32cubeide/plugins/com.st.stm32cube.ide.mcu.externaltools.gnu-tools-for-stm32.10.3-2021.10.win32_1.0.200.202301161003/tools/bin/../lib/gcc/arm-none-eabi/10.3.1/../../../../arm-none-eabi/lib/thumb/v7e-m+dp/hard\libnosys.a
END GROUP
START GROUP
LOAD c:/st/stm32cubeide_1.12.0/stm32cubeide/plugins/com.st.stm32cube.ide.mcu.externaltools.gnu-tools-for-stm32.10.3-2021.10.win32_1.0.200.202301161003/tools/bin/../lib/gcc/arm-none-eabi/10.3.1/thumb/v7e-m+dp/hard\libgcc.a
LOAD c:/st/stm32cubeide_1.12.0/stm32cubeide/plugins/com.st.stm32cube.ide.mcu.externaltools.gnu-tools-for-stm32.10.3-2021.10.win32_1.0.200.202301161003/tools/bin/../lib/gcc/arm-none-eabi/10.3.1/../../../../arm-none-eabi/lib/thumb/v7e-m+dp/hard\libc_nano.a
LOAD c:/st/stm32cubeide_1.12.0/stm32cubeide/plugins/com.st.stm32cube.ide.mcu.externaltools.gnu-tools-for-stm32.10.3-2021.10.win32_1.0.200.202301161003/tools/bin/../lib/gcc/arm-none-eabi/10.3.1/../../../../arm-none-eabi/lib/thumb/v7e-m+dp/hard\libnosys.a
END GROUP
LOAD c:/st/stm32cubeide_1.12.0/stm32cubeide/plugins/com.st.stm32cube.ide.mcu.externaltools.gnu-tools-for-stm32.10.3-2021.10.win32_1.0.200.202301161003/tools/bin/../lib/gcc/arm-none-eabi/10.3.1/thumb/v7e-m+dp/hard/crtend.o
LOAD c:/st/stm32cubeide_1.12.0/stm32cubeide/plugins/com.st.stm32cube.ide.mcu.externaltools.gnu-tools-for-stm32.10.3-2021.10.win32_1.0.200.202301161003/tools/bin/../lib/gcc/arm-none-eabi/10.3.1/thumb/v7e-m+dp/hard/crtn.o
                0x0000000024050000                _estack = (ORIGIN (RAM_D1) + LENGTH (RAM_D1))
                0x0000000000000200                _Min_Heap_Size = 0x200
                0x0000000000000400                _Min_Stack_Size = 0x400

.isr_vector     0x0000000008000000      0x2cc
                0x0000000008000000                . = ALIGN (0x4)
 *(.isr_vector)
 .isr_vector    0x0000000008000000      0x2cc ./Core/Startup/startup_stm32h723zgtx.o
                0x0000000008000000                g_pfnVectors
                0x00000000080002cc                . = ALIGN (0x4)

.text           0x00000000080002d0    0x142dc
                0x00000000080002d0                . = ALIGN (0x4)
 *(.text)
 .text          0x00000000080002d0       0x40 c:/st/stm32cubeide_1.12.0/stm32cubeide/plugins/com.st.stm32cube.ide.mcu.externaltools.gnu-tools-for-stm32.10.3-2021.10.win32_1.0.200.202301161003/tools/bin/../lib/gcc/arm-none-eabi/10.3.1/thumb/v7e-m+dp/hard/crtbegin.o
 .text          0x0000000008000310       0x10 c:/st/stm32cubeide_1.12.0/stm32cubeide/plugins/com.st.stm32cube.ide.mcu.externaltools.gnu-tools-for-stm32.10.3-2021.10.win32_1.0.200.202301161003/tools/bin/../lib/gcc/arm-none-eabi/10.3.1/../../../../arm-none-eabi/lib/thumb/v7e-m+dp/hard\libc_nano.a(lib_a-strlen.o)
                0x0000000008000310                strlen
 .text          0x0000000008000320       0xa0 c:/st/stm32cubeide_1.12.0/stm32cubeide/plugins/com.st.stm32cube.ide.mcu.externaltools.gnu-tools-for-stm32.10.3-2021.10.win32_1.0.200.202301161003/tools/bin/../lib/gcc/arm-none-eabi/10.3.1/../../../../arm-none-eabi/lib/thumb/v7e-m+dp/hard\libc_nano.a(lib_a-memchr.o)
                0x0000000008000320                memchr
 .text          0x00000000080003c0       0x30 c:/st/stm32cubeide_1.12.0/stm32cubeide/plugins/com.st.stm32cube.ide.mcu.externaltools.gnu-tools-for-stm32.10.3-2021.10.win32_1.0.200.202301161003/tools/bin/../lib/gcc/arm-none-eabi/10.3.1/thumb/v7e-m+dp/hard\libgcc.a(_aeabi_uldivmod.o)
                0x00000000080003c0                __aeabi_uldivmod
 .text          0x00000000080003f0      0x2d0 c:/st/stm32cubeide_1.12.0/stm32cubeide/plugins/com.st.stm32cube.ide.mcu.externaltools.gnu-tools-for-stm32.10.3-2021.10.win32_1.0.200.202301161003/tools/bin/../lib/gcc/arm-none-eabi/10.3.1/thumb/v7e-m+dp/hard\libgcc.a(_udivmoddi4.o)
                0x00000000080003f0                __udivmoddi4
 .text          0x00000000080006c0        0x4 c:/st/stm32cubeide_1.12.0/stm32cubeide/plugins/com.st.stm32cube.ide.mcu.externaltools.gnu-tools-for-stm32.10.3-2021.10.win32_1.0.200.202301161003/tools/bin/../lib/gcc/arm-none-eabi/10.3.1/thumb/v7e-m+dp/hard\libgcc.a(_dvmd_tls.o)
                0x00000000080006c0                __aeabi_idiv0
                0x00000000080006c0                __aeabi_ldiv0
 *(.text*)
 .text.add      0x00000000080006c4       0x1c ./Core/Src/add.o
                0x00000000080006c4                add
 .text.setServo
                0x00000000080006e0       0x8c ./Core/Src/main.o
                0x00000000080006e0                setServo
 .text.setLEDs  0x000000000800076c      0x370 ./Core/Src/main.o
                0x000000000800076c                setLEDs
 .text.HAL_TIM_PWM_PulseFinishedCallback
                0x0000000008000adc       0x20 ./Core/Src/main.o
                0x0000000008000adc                HAL_TIM_PWM_PulseFinishedCallback
 *fill*         0x0000000008000afc        0x4 
 .text.triangle_space
                0x0000000008000b00       0xb4 ./Core/Src/main.o
                0x0000000008000b00                triangle_space
 .text.LG2_Read_Register
                0x0000000008000bb4       0x58 ./Core/Src/main.o
                0x0000000008000bb4                LG2_Read_Register
 .text.LG2_Write_Register
                0x0000000008000c0c       0x50 ./Core/Src/main.o
                0x0000000008000c0c                LG2_Write_Register
 .text.HG2_Write_Register
                0x0000000008000c5c       0x50 ./Core/Src/main.o
                0x0000000008000c5c                HG2_Write_Register
 .text.LG2_Get_Gyro_X
                0x0000000008000cac       0x60 ./Core/Src/main.o
                0x0000000008000cac                LG2_Get_Gyro_X
 .text.LG2_Get_Gyro_Y
                0x0000000008000d0c       0x60 ./Core/Src/main.o
                0x0000000008000d0c                LG2_Get_Gyro_Y
 .text.LG2_Get_Gyro_Z
                0x0000000008000d6c       0x60 ./Core/Src/main.o
                0x0000000008000d6c                LG2_Get_Gyro_Z
 *fill*         0x0000000008000dcc        0x4 
 .text.LG2_Get_Acc_X
                0x0000000008000dd0       0x74 ./Core/Src/main.o
                0x0000000008000dd0                LG2_Get_Acc_X
 *fill*         0x0000000008000e44        0x4 
 .text.LG2_Get_Acc_Y
                0x0000000008000e48       0x74 ./Core/Src/main.o
                0x0000000008000e48                LG2_Get_Acc_Y
 *fill*         0x0000000008000ebc        0x4 
 .text.LG2_Get_Acc_Z
                0x0000000008000ec0       0x74 ./Core/Src/main.o
                0x0000000008000ec0                LG2_Get_Acc_Z
 *fill*         0x0000000008000f34        0x4 
 .text.main     0x0000000008000f38      0x414 ./Core/Src/main.o
                0x0000000008000f38                main
 .text.SystemClock_Config
                0x000000000800134c       0xf8 ./Core/Src/main.o
                0x000000000800134c                SystemClock_Config
 .text.PeriphCommonClock_Config
                0x0000000008001444       0x64 ./Core/Src/main.o
                0x0000000008001444                PeriphCommonClock_Config
 .text.MX_ADC1_Init
                0x00000000080014a8       0xf0 ./Core/Src/main.o
 .text.MX_ADC3_Init
                0x0000000008001598       0xdc ./Core/Src/main.o
 .text.MX_FDCAN3_Init
                0x0000000008001674       0xc8 ./Core/Src/main.o
 .text.MX_I2C2_Init
                0x000000000800173c       0x80 ./Core/Src/main.o
 .text.MX_SPI1_Init
                0x00000000080017bc       0xac ./Core/Src/main.o
 .text.MX_SPI2_Init
                0x0000000008001868       0xac ./Core/Src/main.o
 .text.MX_SPI3_Init
                0x0000000008001914       0xac ./Core/Src/main.o
 .text.MX_TIM2_Init
                0x00000000080019c0       0xb0 ./Core/Src/main.o
 .text.MX_TIM3_Init
                0x0000000008001a70       0xc8 ./Core/Src/main.o
 .text.MX_TIM4_Init
                0x0000000008001b38       0xf8 ./Core/Src/main.o
 .text.MX_TIM5_Init
                0x0000000008001c30       0xb4 ./Core/Src/main.o
 .text.MX_UART4_Init
                0x0000000008001ce4       0x98 ./Core/Src/main.o
 .text.MX_USART6_UART_Init
                0x0000000008001d7c       0x98 ./Core/Src/main.o
 .text.MX_DMA_Init
                0x0000000008001e14       0x80 ./Core/Src/main.o
 .text.MX_GPIO_Init
                0x0000000008001e94      0x258 ./Core/Src/main.o
 .text.Error_Handler
                0x00000000080020ec        0xa ./Core/Src/main.o
                0x00000000080020ec                Error_Handler
 *fill*         0x00000000080020f6        0x2 
 .text.HAL_MspInit
                0x00000000080020f8       0x34 ./Core/Src/stm32h7xx_hal_msp.o
                0x00000000080020f8                HAL_MspInit
 .text.HAL_ADC_MspInit
                0x000000000800212c       0xf4 ./Core/Src/stm32h7xx_hal_msp.o
                0x000000000800212c                HAL_ADC_MspInit
 .text.HAL_FDCAN_MspInit
                0x0000000008002220       0xd0 ./Core/Src/stm32h7xx_hal_msp.o
                0x0000000008002220                HAL_FDCAN_MspInit
 .text.HAL_I2C_MspInit
                0x00000000080022f0       0xd0 ./Core/Src/stm32h7xx_hal_msp.o
                0x00000000080022f0                HAL_I2C_MspInit
 .text.HAL_SPI_MspInit
                0x00000000080023c0      0x178 ./Core/Src/stm32h7xx_hal_msp.o
                0x00000000080023c0                HAL_SPI_MspInit
 .text.HAL_TIM_PWM_MspInit
                0x0000000008002538      0x32c ./Core/Src/stm32h7xx_hal_msp.o
                0x0000000008002538                HAL_TIM_PWM_MspInit
 .text.HAL_TIM_MspPostInit
                0x0000000008002864      0x188 ./Core/Src/stm32h7xx_hal_msp.o
                0x0000000008002864                HAL_TIM_MspPostInit
 .text.HAL_UART_MspInit
                0x00000000080029ec      0x174 ./Core/Src/stm32h7xx_hal_msp.o
                0x00000000080029ec                HAL_UART_MspInit
 .text.NMI_Handler
                0x0000000008002b60        0x6 ./Core/Src/stm32h7xx_it.o
                0x0000000008002b60                NMI_Handler
 .text.HardFault_Handler
                0x0000000008002b66        0x6 ./Core/Src/stm32h7xx_it.o
                0x0000000008002b66                HardFault_Handler
 .text.MemManage_Handler
                0x0000000008002b6c        0x6 ./Core/Src/stm32h7xx_it.o
                0x0000000008002b6c                MemManage_Handler
 .text.BusFault_Handler
                0x0000000008002b72        0x6 ./Core/Src/stm32h7xx_it.o
                0x0000000008002b72                BusFault_Handler
 .text.UsageFault_Handler
                0x0000000008002b78        0x6 ./Core/Src/stm32h7xx_it.o
                0x0000000008002b78                UsageFault_Handler
 .text.SVC_Handler
                0x0000000008002b7e        0xe ./Core/Src/stm32h7xx_it.o
                0x0000000008002b7e                SVC_Handler
 .text.DebugMon_Handler
                0x0000000008002b8c        0xe ./Core/Src/stm32h7xx_it.o
                0x0000000008002b8c                DebugMon_Handler
 .text.PendSV_Handler
                0x0000000008002b9a        0xe ./Core/Src/stm32h7xx_it.o
                0x0000000008002b9a                PendSV_Handler
 .text.SysTick_Handler
                0x0000000008002ba8        0xc ./Core/Src/stm32h7xx_it.o
                0x0000000008002ba8                SysTick_Handler
 .text.DMA1_Stream0_IRQHandler
                0x0000000008002bb4       0x14 ./Core/Src/stm32h7xx_it.o
                0x0000000008002bb4                DMA1_Stream0_IRQHandler
 .text.DMA1_Stream1_IRQHandler
                0x0000000008002bc8       0x14 ./Core/Src/stm32h7xx_it.o
                0x0000000008002bc8                DMA1_Stream1_IRQHandler
 .text.DMA1_Stream2_IRQHandler
                0x0000000008002bdc       0x14 ./Core/Src/stm32h7xx_it.o
                0x0000000008002bdc                DMA1_Stream2_IRQHandler
 .text.DMA1_Stream3_IRQHandler
                0x0000000008002bf0       0x14 ./Core/Src/stm32h7xx_it.o
                0x0000000008002bf0                DMA1_Stream3_IRQHandler
 .text.DMA1_Stream4_IRQHandler
                0x0000000008002c04       0x14 ./Core/Src/stm32h7xx_it.o
                0x0000000008002c04                DMA1_Stream4_IRQHandler
 .text.TIM4_IRQHandler
                0x0000000008002c18       0x14 ./Core/Src/stm32h7xx_it.o
                0x0000000008002c18                TIM4_IRQHandler
 .text.OTG_HS_IRQHandler
                0x0000000008002c2c       0x14 ./Core/Src/stm32h7xx_it.o
                0x0000000008002c2c                OTG_HS_IRQHandler
 .text._sbrk    0x0000000008002c40       0x6c ./Core/Src/sysmem.o
                0x0000000008002c40                _sbrk
 .text.SystemInit
                0x0000000008002cac       0xf0 ./Core/Src/system_stm32h7xx.o
                0x0000000008002cac                SystemInit
 .text.Reset_Handler
                0x0000000008002d9c       0x50 ./Core/Startup/startup_stm32h723zgtx.o
                0x0000000008002d9c                Reset_Handler
 .text.Default_Handler
                0x0000000008002dec        0x2 ./Core/Startup/startup_stm32h723zgtx.o
                0x0000000008002dec                RTC_Alarm_IRQHandler
                0x0000000008002dec                EXTI2_IRQHandler
                0x0000000008002dec                TIM8_CC_IRQHandler
                0x0000000008002dec                UART8_IRQHandler
                0x0000000008002dec                SPI4_IRQHandler
                0x0000000008002dec                FDCAN3_IT0_IRQHandler
                0x0000000008002dec                TIM1_CC_IRQHandler
                0x0000000008002dec                BDMA_Channel6_IRQHandler
                0x0000000008002dec                DMA2_Stream5_IRQHandler
                0x0000000008002dec                DMA1_Stream5_IRQHandler
                0x0000000008002dec                CORDIC_IRQHandler
                0x0000000008002dec                BDMA_Channel1_IRQHandler
                0x0000000008002dec                TAMP_STAMP_IRQHandler
                0x0000000008002dec                EXTI3_IRQHandler
                0x0000000008002dec                LPTIM4_IRQHandler
                0x0000000008002dec                TIM8_TRG_COM_TIM14_IRQHandler
                0x0000000008002dec                LPTIM2_IRQHandler
                0x0000000008002dec                DFSDM1_FLT1_IRQHandler
                0x0000000008002dec                DMAMUX2_OVR_IRQHandler
                0x0000000008002dec                TIM8_UP_TIM13_IRQHandler
                0x0000000008002dec                I2C3_ER_IRQHandler
                0x0000000008002dec                DFSDM1_FLT2_IRQHandler
                0x0000000008002dec                I2C5_EV_IRQHandler
                0x0000000008002dec                USART10_IRQHandler
                0x0000000008002dec                MDMA_IRQHandler
                0x0000000008002dec                LPTIM3_IRQHandler
                0x0000000008002dec                HSEM1_IRQHandler
                0x0000000008002dec                EXTI0_IRQHandler
                0x0000000008002dec                I2C2_EV_IRQHandler
                0x0000000008002dec                FPU_IRQHandler
                0x0000000008002dec                OTG_HS_WKUP_IRQHandler
                0x0000000008002dec                FDCAN1_IT1_IRQHandler
                0x0000000008002dec                LTDC_ER_IRQHandler
                0x0000000008002dec                DMA2_Stream2_IRQHandler
                0x0000000008002dec                SPI1_IRQHandler
                0x0000000008002dec                OCTOSPI1_IRQHandler
                0x0000000008002dec                TIM6_DAC_IRQHandler
                0x0000000008002dec                DMA2_Stream3_IRQHandler
                0x0000000008002dec                OCTOSPI2_IRQHandler
                0x0000000008002dec                DFSDM1_FLT3_IRQHandler
                0x0000000008002dec                TIM23_IRQHandler
                0x0000000008002dec                USART6_IRQHandler
                0x0000000008002dec                TIM17_IRQHandler
                0x0000000008002dec                USART3_IRQHandler
                0x0000000008002dec                BDMA_Channel7_IRQHandler
                0x0000000008002dec                LPTIM5_IRQHandler
                0x0000000008002dec                UART5_IRQHandler
                0x0000000008002dec                ADC3_IRQHandler
                0x0000000008002dec                DMA2_Stream0_IRQHandler
                0x0000000008002dec                BDMA_Channel2_IRQHandler
                0x0000000008002dec                I2C1_EV_IRQHandler
                0x0000000008002dec                DMA1_Stream6_IRQHandler
                0x0000000008002dec                DMAMUX1_OVR_IRQHandler
                0x0000000008002dec                TIM16_IRQHandler
                0x0000000008002dec                UART4_IRQHandler
                0x0000000008002dec                BDMA_Channel5_IRQHandler
                0x0000000008002dec                TIM3_IRQHandler
                0x0000000008002dec                RCC_IRQHandler
                0x0000000008002dec                UART9_IRQHandler
                0x0000000008002dec                TIM8_BRK_TIM12_IRQHandler
                0x0000000008002dec                TIM1_TRG_COM_IRQHandler
                0x0000000008002dec                Default_Handler
                0x0000000008002dec                ECC_IRQHandler
                0x0000000008002dec                FMAC_IRQHandler
                0x0000000008002dec                CEC_IRQHandler
                0x0000000008002dec                EXTI15_10_IRQHandler
                0x0000000008002dec                BDMA_Channel0_IRQHandler
                0x0000000008002dec                ADC_IRQHandler
                0x0000000008002dec                I2C5_ER_IRQHandler
                0x0000000008002dec                DMA1_Stream7_IRQHandler
                0x0000000008002dec                SPI5_IRQHandler
                0x0000000008002dec                TIM7_IRQHandler
                0x0000000008002dec                FDCAN3_IT1_IRQHandler
                0x0000000008002dec                SDMMC1_IRQHandler
                0x0000000008002dec                TIM5_IRQHandler
                0x0000000008002dec                DMA2_Stream7_IRQHandler
                0x0000000008002dec                TIM15_IRQHandler
                0x0000000008002dec                PVD_AVD_IRQHandler
                0x0000000008002dec                I2C3_EV_IRQHandler
                0x0000000008002dec                EXTI9_5_IRQHandler
                0x0000000008002dec                RTC_WKUP_IRQHandler
                0x0000000008002dec                LTDC_IRQHandler
                0x0000000008002dec                ETH_WKUP_IRQHandler
                0x0000000008002dec                SPDIF_RX_IRQHandler
                0x0000000008002dec                SPI2_IRQHandler
                0x0000000008002dec                OTG_HS_EP1_IN_IRQHandler
                0x0000000008002dec                TIM24_IRQHandler
                0x0000000008002dec                CRS_IRQHandler
                0x0000000008002dec                EXTI4_IRQHandler
                0x0000000008002dec                RNG_IRQHandler
                0x0000000008002dec                FDCAN2_IT1_IRQHandler
                0x0000000008002dec                ETH_IRQHandler
                0x0000000008002dec                TIM1_UP_IRQHandler
                0x0000000008002dec                BDMA_Channel4_IRQHandler
                0x0000000008002dec                OTG_HS_EP1_OUT_IRQHandler
                0x0000000008002dec                WWDG_IRQHandler
                0x0000000008002dec                SPI6_IRQHandler
                0x0000000008002dec                MDIOS_IRQHandler
                0x0000000008002dec                I2C4_EV_IRQHandler
                0x0000000008002dec                FDCAN2_IT0_IRQHandler
                0x0000000008002dec                LPUART1_IRQHandler
                0x0000000008002dec                FDCAN1_IT0_IRQHandler
                0x0000000008002dec                TIM2_IRQHandler
                0x0000000008002dec                DMA2D_IRQHandler
                0x0000000008002dec                TIM1_BRK_IRQHandler
                0x0000000008002dec                EXTI1_IRQHandler
                0x0000000008002dec                SDMMC2_IRQHandler
                0x0000000008002dec                BDMA_Channel3_IRQHandler
                0x0000000008002dec                DTS_IRQHandler
                0x0000000008002dec                UART7_IRQHandler
                0x0000000008002dec                MDIOS_WKUP_IRQHandler
                0x0000000008002dec                USART2_IRQHandler
                0x0000000008002dec                DFSDM1_FLT0_IRQHandler
                0x0000000008002dec                SAI4_IRQHandler
                0x0000000008002dec                I2C2_ER_IRQHandler
                0x0000000008002dec                DMA2_Stream1_IRQHandler
                0x0000000008002dec                FLASH_IRQHandler
                0x0000000008002dec                DMA2_Stream4_IRQHandler
                0x0000000008002dec                USART1_IRQHandler
                0x0000000008002dec                SPI3_IRQHandler
                0x0000000008002dec                WAKEUP_PIN_IRQHandler
                0x0000000008002dec                I2C1_ER_IRQHandler
                0x0000000008002dec                FMC_IRQHandler
                0x0000000008002dec                FDCAN_CAL_IRQHandler
                0x0000000008002dec                SWPMI1_IRQHandler
                0x0000000008002dec                COMP1_IRQHandler
                0x0000000008002dec                LPTIM1_IRQHandler
                0x0000000008002dec                DCMI_PSSI_IRQHandler
                0x0000000008002dec                I2C4_ER_IRQHandler
                0x0000000008002dec                DMA2_Stream6_IRQHandler
                0x0000000008002dec                SAI1_IRQHandler
 *fill*         0x0000000008002dee        0x2 
 .text.HAL_Init
                0x0000000008002df0       0x78 ./Drivers/STM32H7xx_HAL_Driver/Src/stm32h7xx_hal.o
                0x0000000008002df0                HAL_Init
 .text.HAL_InitTick
                0x0000000008002e68       0x6c ./Drivers/STM32H7xx_HAL_Driver/Src/stm32h7xx_hal.o
                0x0000000008002e68                HAL_InitTick
 .text.HAL_IncTick
                0x0000000008002ed4       0x28 ./Drivers/STM32H7xx_HAL_Driver/Src/stm32h7xx_hal.o
                0x0000000008002ed4                HAL_IncTick
 .text.HAL_GetTick
                0x0000000008002efc       0x18 ./Drivers/STM32H7xx_HAL_Driver/Src/stm32h7xx_hal.o
                0x0000000008002efc                HAL_GetTick
 .text.HAL_Delay
                0x0000000008002f14       0x48 ./Drivers/STM32H7xx_HAL_Driver/Src/stm32h7xx_hal.o
                0x0000000008002f14                HAL_Delay
 .text.LL_ADC_SetCommonClock
                0x0000000008002f5c       0x26 ./Drivers/STM32H7xx_HAL_Driver/Src/stm32h7xx_hal_adc.o
 .text.LL_ADC_SetCommonPathInternalCh
                0x0000000008002f82       0x26 ./Drivers/STM32H7xx_HAL_Driver/Src/stm32h7xx_hal_adc.o
 .text.LL_ADC_GetCommonPathInternalCh
                0x0000000008002fa8       0x1c ./Drivers/STM32H7xx_HAL_Driver/Src/stm32h7xx_hal_adc.o
 .text.LL_ADC_SetOffset
                0x0000000008002fc4       0x64 ./Drivers/STM32H7xx_HAL_Driver/Src/stm32h7xx_hal_adc.o
 .text.LL_ADC_GetOffsetChannel
                0x0000000008003028       0x2c ./Drivers/STM32H7xx_HAL_Driver/Src/stm32h7xx_hal_adc.o
 .text.LL_ADC_SetDataRightShift
                0x0000000008003054       0x32 ./Drivers/STM32H7xx_HAL_Driver/Src/stm32h7xx_hal_adc.o
 *fill*         0x0000000008003086        0x2 
 .text.LL_ADC_SetOffsetSignedSaturation
                0x0000000008003088       0x44 ./Drivers/STM32H7xx_HAL_Driver/Src/stm32h7xx_hal_adc.o
 .text.LL_ADC_SetOffsetSaturation
                0x00000000080030cc       0x44 ./Drivers/STM32H7xx_HAL_Driver/Src/stm32h7xx_hal_adc.o
 .text.LL_ADC_SetOffsetSign
                0x0000000008003110       0x44 ./Drivers/STM32H7xx_HAL_Driver/Src/stm32h7xx_hal_adc.o
 .text.LL_ADC_SetOffsetState
                0x0000000008003154       0x54 ./Drivers/STM32H7xx_HAL_Driver/Src/stm32h7xx_hal_adc.o
 .text.LL_ADC_REG_SetSequencerRanks
                0x00000000080031a8       0x58 ./Drivers/STM32H7xx_HAL_Driver/Src/stm32h7xx_hal_adc.o
 .text.LL_ADC_SetChannelSamplingTime
                0x0000000008003200       0x56 ./Drivers/STM32H7xx_HAL_Driver/Src/stm32h7xx_hal_adc.o
 *fill*         0x0000000008003256        0x2 
 .text.LL_ADC_SetChannelSingleDiff
                0x0000000008003258       0x80 ./Drivers/STM32H7xx_HAL_Driver/Src/stm32h7xx_hal_adc.o
 .text.LL_ADC_DisableDeepPowerDown
                0x00000000080032d8       0x24 ./Drivers/STM32H7xx_HAL_Driver/Src/stm32h7xx_hal_adc.o
 .text.LL_ADC_IsDeepPowerDownEnabled
                0x00000000080032fc       0x28 ./Drivers/STM32H7xx_HAL_Driver/Src/stm32h7xx_hal_adc.o
 .text.LL_ADC_EnableInternalRegulator
                0x0000000008003324       0x28 ./Drivers/STM32H7xx_HAL_Driver/Src/stm32h7xx_hal_adc.o
 .text.LL_ADC_IsInternalRegulatorEnabled
                0x000000000800334c       0x28 ./Drivers/STM32H7xx_HAL_Driver/Src/stm32h7xx_hal_adc.o
 .text.LL_ADC_IsEnabled
                0x0000000008003374       0x26 ./Drivers/STM32H7xx_HAL_Driver/Src/stm32h7xx_hal_adc.o
 .text.LL_ADC_REG_IsConversionOngoing
                0x000000000800339a       0x26 ./Drivers/STM32H7xx_HAL_Driver/Src/stm32h7xx_hal_adc.o
 .text.LL_ADC_INJ_IsConversionOngoing
                0x00000000080033c0       0x26 ./Drivers/STM32H7xx_HAL_Driver/Src/stm32h7xx_hal_adc.o
 *fill*         0x00000000080033e6        0x2 
 .text.HAL_ADC_Init
                0x00000000080033e8      0x410 ./Drivers/STM32H7xx_HAL_Driver/Src/stm32h7xx_hal_adc.o
                0x00000000080033e8                HAL_ADC_Init
 .text.HAL_ADC_ConfigChannel
                0x00000000080037f8      0xa58 ./Drivers/STM32H7xx_HAL_Driver/Src/stm32h7xx_hal_adc.o
                0x00000000080037f8                HAL_ADC_ConfigChannel
 .text.ADC_ConfigureBoostMode
                0x0000000008004250      0x1dc ./Drivers/STM32H7xx_HAL_Driver/Src/stm32h7xx_hal_adc.o
                0x0000000008004250                ADC_ConfigureBoostMode
 .text.LL_ADC_IsEnabled
                0x000000000800442c       0x26 ./Drivers/STM32H7xx_HAL_Driver/Src/stm32h7xx_hal_adc_ex.o
 .text.LL_ADC_REG_IsConversionOngoing
                0x0000000008004452       0x26 ./Drivers/STM32H7xx_HAL_Driver/Src/stm32h7xx_hal_adc_ex.o
 .text.HAL_ADCEx_MultiModeConfigChannel
                0x0000000008004478      0x1c4 ./Drivers/STM32H7xx_HAL_Driver/Src/stm32h7xx_hal_adc_ex.o
                0x0000000008004478                HAL_ADCEx_MultiModeConfigChannel
 .text.__NVIC_SetPriorityGrouping
                0x000000000800463c       0x48 ./Drivers/STM32H7xx_HAL_Driver/Src/stm32h7xx_hal_cortex.o
 .text.__NVIC_GetPriorityGrouping
                0x0000000008004684       0x1c ./Drivers/STM32H7xx_HAL_Driver/Src/stm32h7xx_hal_cortex.o
 .text.__NVIC_EnableIRQ
                0x00000000080046a0       0x3c ./Drivers/STM32H7xx_HAL_Driver/Src/stm32h7xx_hal_cortex.o
 .text.__NVIC_SetPriority
                0x00000000080046dc       0x54 ./Drivers/STM32H7xx_HAL_Driver/Src/stm32h7xx_hal_cortex.o
 .text.NVIC_EncodePriority
                0x0000000008004730       0x66 ./Drivers/STM32H7xx_HAL_Driver/Src/stm32h7xx_hal_cortex.o
 *fill*         0x0000000008004796        0x2 
 .text.SysTick_Config
                0x0000000008004798       0x44 ./Drivers/STM32H7xx_HAL_Driver/Src/stm32h7xx_hal_cortex.o
 .text.HAL_NVIC_SetPriorityGrouping
                0x00000000080047dc       0x16 ./Drivers/STM32H7xx_HAL_Driver/Src/stm32h7xx_hal_cortex.o
                0x00000000080047dc                HAL_NVIC_SetPriorityGrouping
 .text.HAL_NVIC_SetPriority
                0x00000000080047f2       0x34 ./Drivers/STM32H7xx_HAL_Driver/Src/stm32h7xx_hal_cortex.o
                0x00000000080047f2                HAL_NVIC_SetPriority
 .text.HAL_NVIC_EnableIRQ
                0x0000000008004826       0x1c ./Drivers/STM32H7xx_HAL_Driver/Src/stm32h7xx_hal_cortex.o
                0x0000000008004826                HAL_NVIC_EnableIRQ
 .text.HAL_SYSTICK_Config
                0x0000000008004842       0x18 ./Drivers/STM32H7xx_HAL_Driver/Src/stm32h7xx_hal_cortex.o
                0x0000000008004842                HAL_SYSTICK_Config
 *fill*         0x000000000800485a        0x2 
 .text.HAL_DMA_Init
                0x000000000800485c      0x6b4 ./Drivers/STM32H7xx_HAL_Driver/Src/stm32h7xx_hal_dma.o
                0x000000000800485c                HAL_DMA_Init
 .text.HAL_DMA_Start_IT
                0x0000000008004f10      0x4d4 ./Drivers/STM32H7xx_HAL_Driver/Src/stm32h7xx_hal_dma.o
                0x0000000008004f10                HAL_DMA_Start_IT
 .text.HAL_DMA_IRQHandler
                0x00000000080053e4      0xe54 ./Drivers/STM32H7xx_HAL_Driver/Src/stm32h7xx_hal_dma.o
                0x00000000080053e4                HAL_DMA_IRQHandler
 .text.DMA_SetConfig
                0x0000000008006238      0x358 ./Drivers/STM32H7xx_HAL_Driver/Src/stm32h7xx_hal_dma.o
 .text.DMA_CalcBaseAndBitshift
                0x0000000008006590      0x164 ./Drivers/STM32H7xx_HAL_Driver/Src/stm32h7xx_hal_dma.o
 .text.DMA_CheckFifoParam
                0x00000000080066f4       0xf8 ./Drivers/STM32H7xx_HAL_Driver/Src/stm32h7xx_hal_dma.o
 .text.DMA_CalcDMAMUXChannelBaseAndMask
                0x00000000080067ec      0x134 ./Drivers/STM32H7xx_HAL_Driver/Src/stm32h7xx_hal_dma.o
 .text.DMA_CalcDMAMUXRequestGenBaseAndMask
                0x0000000008006920       0xe8 ./Drivers/STM32H7xx_HAL_Driver/Src/stm32h7xx_hal_dma.o
 .text.HAL_FDCAN_Init
                0x0000000008006a08      0x3bc ./Drivers/STM32H7xx_HAL_Driver/Src/stm32h7xx_hal_fdcan.o
                0x0000000008006a08                HAL_FDCAN_Init
 .text.FDCAN_CalcultateRamBlockAddresses
                0x0000000008006dc4      0x30c ./Drivers/STM32H7xx_HAL_Driver/Src/stm32h7xx_hal_fdcan.o
 .text.HAL_GPIO_Init
                0x00000000080070d0      0x350 ./Drivers/STM32H7xx_HAL_Driver/Src/stm32h7xx_hal_gpio.o
                0x00000000080070d0                HAL_GPIO_Init
 .text.HAL_GPIO_WritePin
                0x0000000008007420       0x32 ./Drivers/STM32H7xx_HAL_Driver/Src/stm32h7xx_hal_gpio.o
                0x0000000008007420                HAL_GPIO_WritePin
 *fill*         0x0000000008007452        0x2 
 .text.HAL_I2C_Init
                0x0000000008007454      0x120 ./Drivers/STM32H7xx_HAL_Driver/Src/stm32h7xx_hal_i2c.o
                0x0000000008007454                HAL_I2C_Init
 .text.HAL_I2CEx_ConfigAnalogFilter
                0x0000000008007574       0x96 ./Drivers/STM32H7xx_HAL_Driver/Src/stm32h7xx_hal_i2c_ex.o
                0x0000000008007574                HAL_I2CEx_ConfigAnalogFilter
 .text.HAL_I2CEx_ConfigDigitalFilter
                0x000000000800760a       0x98 ./Drivers/STM32H7xx_HAL_Driver/Src/stm32h7xx_hal_i2c_ex.o
                0x000000000800760a                HAL_I2CEx_ConfigDigitalFilter
 .text.HAL_PCD_Init
                0x00000000080076a2      0x248 ./Drivers/STM32H7xx_HAL_Driver/Src/stm32h7xx_hal_pcd.o
                0x00000000080076a2                HAL_PCD_Init
 .text.HAL_PCD_Start
                0x00000000080078ea       0x6a ./Drivers/STM32H7xx_HAL_Driver/Src/stm32h7xx_hal_pcd.o
                0x00000000080078ea                HAL_PCD_Start
 .text.HAL_PCD_IRQHandler
                0x0000000008007954      0x998 ./Drivers/STM32H7xx_HAL_Driver/Src/stm32h7xx_hal_pcd.o
                0x0000000008007954                HAL_PCD_IRQHandler
 .text.HAL_PCD_SetAddress
                0x00000000080082ec       0x4a ./Drivers/STM32H7xx_HAL_Driver/Src/stm32h7xx_hal_pcd.o
                0x00000000080082ec                HAL_PCD_SetAddress
 .text.HAL_PCD_EP_Open
                0x0000000008008336       0xd0 ./Drivers/STM32H7xx_HAL_Driver/Src/stm32h7xx_hal_pcd.o
                0x0000000008008336                HAL_PCD_EP_Open
 .text.HAL_PCD_EP_Close
                0x0000000008008406       0x94 ./Drivers/STM32H7xx_HAL_Driver/Src/stm32h7xx_hal_pcd.o
                0x0000000008008406                HAL_PCD_EP_Close
 .text.HAL_PCD_EP_Receive
                0x000000000800849a       0x78 ./Drivers/STM32H7xx_HAL_Driver/Src/stm32h7xx_hal_pcd.o
                0x000000000800849a                HAL_PCD_EP_Receive
 .text.HAL_PCD_EP_GetRxCount
                0x0000000008008512       0x30 ./Drivers/STM32H7xx_HAL_Driver/Src/stm32h7xx_hal_pcd.o
                0x0000000008008512                HAL_PCD_EP_GetRxCount
 .text.HAL_PCD_EP_Transmit
                0x0000000008008542       0x76 ./Drivers/STM32H7xx_HAL_Driver/Src/stm32h7xx_hal_pcd.o
                0x0000000008008542                HAL_PCD_EP_Transmit
 .text.HAL_PCD_EP_SetStall
                0x00000000080085b8       0xc8 ./Drivers/STM32H7xx_HAL_Driver/Src/stm32h7xx_hal_pcd.o
                0x00000000080085b8                HAL_PCD_EP_SetStall
 .text.HAL_PCD_EP_ClrStall
                0x0000000008008680       0xac ./Drivers/STM32H7xx_HAL_Driver/Src/stm32h7xx_hal_pcd.o
                0x0000000008008680                HAL_PCD_EP_ClrStall
 .text.HAL_PCD_EP_Abort
                0x000000000800872c       0x62 ./Drivers/STM32H7xx_HAL_Driver/Src/stm32h7xx_hal_pcd.o
                0x000000000800872c                HAL_PCD_EP_Abort
 .text.PCD_WriteEmptyTxFifo
                0x000000000800878e      0x11a ./Drivers/STM32H7xx_HAL_Driver/Src/stm32h7xx_hal_pcd.o
 .text.PCD_EP_OutXfrComplete_int
                0x00000000080088a8      0x1d0 ./Drivers/STM32H7xx_HAL_Driver/Src/stm32h7xx_hal_pcd.o
 .text.PCD_EP_OutSetupPacket_int
                0x0000000008008a78       0x8c ./Drivers/STM32H7xx_HAL_Driver/Src/stm32h7xx_hal_pcd.o
 .text.HAL_PCDEx_SetTxFiFo
                0x0000000008008b04       0x8e ./Drivers/STM32H7xx_HAL_Driver/Src/stm32h7xx_hal_pcd_ex.o
                0x0000000008008b04                HAL_PCDEx_SetTxFiFo
 .text.HAL_PCDEx_SetRxFiFo
                0x0000000008008b92       0x22 ./Drivers/STM32H7xx_HAL_Driver/Src/stm32h7xx_hal_pcd_ex.o
                0x0000000008008b92                HAL_PCDEx_SetRxFiFo
 .text.HAL_PCDEx_ActivateLPM
                0x0000000008008bb4       0x48 ./Drivers/STM32H7xx_HAL_Driver/Src/stm32h7xx_hal_pcd_ex.o
                0x0000000008008bb4                HAL_PCDEx_ActivateLPM
 .text.HAL_PCDEx_LPM_Callback
                0x0000000008008bfc       0x18 ./Drivers/STM32H7xx_HAL_Driver/Src/stm32h7xx_hal_pcd_ex.o
                0x0000000008008bfc                HAL_PCDEx_LPM_Callback
 .text.HAL_PWREx_ConfigSupply
                0x0000000008008c14       0x74 ./Drivers/STM32H7xx_HAL_Driver/Src/stm32h7xx_hal_pwr_ex.o
                0x0000000008008c14                HAL_PWREx_ConfigSupply
 .text.HAL_PWREx_EnableUSBVoltageDetector
                0x0000000008008c88       0x20 ./Drivers/STM32H7xx_HAL_Driver/Src/stm32h7xx_hal_pwr_ex.o
                0x0000000008008c88                HAL_PWREx_EnableUSBVoltageDetector
 .text.HAL_RCC_OscConfig
                0x0000000008008ca8      0x7b4 ./Drivers/STM32H7xx_HAL_Driver/Src/stm32h7xx_hal_rcc.o
                0x0000000008008ca8                HAL_RCC_OscConfig
 .text.HAL_RCC_ClockConfig
                0x000000000800945c      0x36c ./Drivers/STM32H7xx_HAL_Driver/Src/stm32h7xx_hal_rcc.o
                0x000000000800945c                HAL_RCC_ClockConfig
 .text.HAL_RCC_MCOConfig
                0x00000000080097c8       0xd4 ./Drivers/STM32H7xx_HAL_Driver/Src/stm32h7xx_hal_rcc.o
                0x00000000080097c8                HAL_RCC_MCOConfig
 .text.HAL_RCC_GetSysClockFreq
                0x000000000800989c      0x2f4 ./Drivers/STM32H7xx_HAL_Driver/Src/stm32h7xx_hal_rcc.o
                0x000000000800989c                HAL_RCC_GetSysClockFreq
 .text.HAL_RCC_GetHCLKFreq
                0x0000000008009b90       0x60 ./Drivers/STM32H7xx_HAL_Driver/Src/stm32h7xx_hal_rcc.o
                0x0000000008009b90                HAL_RCC_GetHCLKFreq
 .text.HAL_RCC_GetPCLK1Freq
                0x0000000008009bf0       0x2c ./Drivers/STM32H7xx_HAL_Driver/Src/stm32h7xx_hal_rcc.o
                0x0000000008009bf0                HAL_RCC_GetPCLK1Freq
 .text.HAL_RCC_GetPCLK2Freq
                0x0000000008009c1c       0x2c ./Drivers/STM32H7xx_HAL_Driver/Src/stm32h7xx_hal_rcc.o
                0x0000000008009c1c                HAL_RCC_GetPCLK2Freq
 .text.HAL_RCCEx_PeriphCLKConfig
                0x0000000008009c48     0x1340 ./Drivers/STM32H7xx_HAL_Driver/Src/stm32h7xx_hal_rcc_ex.o
                0x0000000008009c48                HAL_RCCEx_PeriphCLKConfig
 .text.HAL_RCCEx_GetPeriphCLKFreq
                0x000000000800af88      0x9a4 ./Drivers/STM32H7xx_HAL_Driver/Src/stm32h7xx_hal_rcc_ex.o
                0x000000000800af88                HAL_RCCEx_GetPeriphCLKFreq
 .text.HAL_RCCEx_GetD3PCLK1Freq
                0x000000000800b92c       0x2c ./Drivers/STM32H7xx_HAL_Driver/Src/stm32h7xx_hal_rcc_ex.o
                0x000000000800b92c                HAL_RCCEx_GetD3PCLK1Freq
 .text.HAL_RCCEx_GetPLL2ClockFreq
                0x000000000800b958      0x2a8 ./Drivers/STM32H7xx_HAL_Driver/Src/stm32h7xx_hal_rcc_ex.o
                0x000000000800b958                HAL_RCCEx_GetPLL2ClockFreq
 .text.HAL_RCCEx_GetPLL3ClockFreq
                0x000000000800bc00      0x2a8 ./Drivers/STM32H7xx_HAL_Driver/Src/stm32h7xx_hal_rcc_ex.o
                0x000000000800bc00                HAL_RCCEx_GetPLL3ClockFreq
 .text.HAL_RCCEx_GetPLL1ClockFreq
                0x000000000800bea8      0x2a4 ./Drivers/STM32H7xx_HAL_Driver/Src/stm32h7xx_hal_rcc_ex.o
                0x000000000800bea8                HAL_RCCEx_GetPLL1ClockFreq
 .text.RCCEx_PLL2_Config
                0x000000000800c14c      0x164 ./Drivers/STM32H7xx_HAL_Driver/Src/stm32h7xx_hal_rcc_ex.o
 .text.RCCEx_PLL3_Config
                0x000000000800c2b0      0x164 ./Drivers/STM32H7xx_HAL_Driver/Src/stm32h7xx_hal_rcc_ex.o
 .text.HAL_SPI_Init
                0x000000000800c414      0x248 ./Drivers/STM32H7xx_HAL_Driver/Src/stm32h7xx_hal_spi.o
                0x000000000800c414                HAL_SPI_Init
 .text.HAL_SPI_Transmit
                0x000000000800c65c      0x3f8 ./Drivers/STM32H7xx_HAL_Driver/Src/stm32h7xx_hal_spi.o
                0x000000000800c65c                HAL_SPI_Transmit
 .text.HAL_SPI_Receive
                0x000000000800ca54      0x320 ./Drivers/STM32H7xx_HAL_Driver/Src/stm32h7xx_hal_spi.o
                0x000000000800ca54                HAL_SPI_Receive
 .text.SPI_CloseTransfer
                0x000000000800cd74      0x140 ./Drivers/STM32H7xx_HAL_Driver/Src/stm32h7xx_hal_spi.o
 .text.SPI_WaitOnFlagUntilTimeout
                0x000000000800ceb4       0x5c ./Drivers/STM32H7xx_HAL_Driver/Src/stm32h7xx_hal_spi.o
 .text.SPI_GetPacketSize
                0x000000000800cf10       0x36 ./Drivers/STM32H7xx_HAL_Driver/Src/stm32h7xx_hal_spi.o
 .text.HAL_TIM_PWM_Init
                0x000000000800cf46       0xae ./Drivers/STM32H7xx_HAL_Driver/Src/stm32h7xx_hal_tim.o
                0x000000000800cf46                HAL_TIM_PWM_Init
 .text.HAL_TIM_PWM_Start
                0x000000000800cff4      0x238 ./Drivers/STM32H7xx_HAL_Driver/Src/stm32h7xx_hal_tim.o
                0x000000000800cff4                HAL_TIM_PWM_Start
 .text.HAL_TIM_PWM_Start_DMA
                0x000000000800d22c      0x468 ./Drivers/STM32H7xx_HAL_Driver/Src/stm32h7xx_hal_tim.o
                0x000000000800d22c                HAL_TIM_PWM_Start_DMA
 .text.HAL_TIM_IRQHandler
                0x000000000800d694      0x23e ./Drivers/STM32H7xx_HAL_Driver/Src/stm32h7xx_hal_tim.o
                0x000000000800d694                HAL_TIM_IRQHandler
 *fill*         0x000000000800d8d2        0x2 
 .text.HAL_TIM_PWM_ConfigChannel
                0x000000000800d8d4      0x228 ./Drivers/STM32H7xx_HAL_Driver/Src/stm32h7xx_hal_tim.o
                0x000000000800d8d4                HAL_TIM_PWM_ConfigChannel
 .text.HAL_TIM_PeriodElapsedCallback
                0x000000000800dafc       0x14 ./Drivers/STM32H7xx_HAL_Driver/Src/stm32h7xx_hal_tim.o
                0x000000000800dafc                HAL_TIM_PeriodElapsedCallback
 .text.HAL_TIM_OC_DelayElapsedCallback
                0x000000000800db10       0x14 ./Drivers/STM32H7xx_HAL_Driver/Src/stm32h7xx_hal_tim.o
                0x000000000800db10                HAL_TIM_OC_DelayElapsedCallback
 .text.HAL_TIM_IC_CaptureCallback
                0x000000000800db24       0x14 ./Drivers/STM32H7xx_HAL_Driver/Src/stm32h7xx_hal_tim.o
                0x000000000800db24                HAL_TIM_IC_CaptureCallback
 .text.HAL_TIM_PWM_PulseFinishedHalfCpltCallback
                0x000000000800db38       0x14 ./Drivers/STM32H7xx_HAL_Driver/Src/stm32h7xx_hal_tim.o
                0x000000000800db38                HAL_TIM_PWM_PulseFinishedHalfCpltCallback
 .text.HAL_TIM_TriggerCallback
                0x000000000800db4c       0x14 ./Drivers/STM32H7xx_HAL_Driver/Src/stm32h7xx_hal_tim.o
                0x000000000800db4c                HAL_TIM_TriggerCallback
 .text.HAL_TIM_ErrorCallback
                0x000000000800db60       0x14 ./Drivers/STM32H7xx_HAL_Driver/Src/stm32h7xx_hal_tim.o
                0x000000000800db60                HAL_TIM_ErrorCallback
 .text.TIM_DMAError
                0x000000000800db74       0x92 ./Drivers/STM32H7xx_HAL_Driver/Src/stm32h7xx_hal_tim.o
                0x000000000800db74                TIM_DMAError
 .text.TIM_DMADelayPulseCplt
                0x000000000800dc06       0xa8 ./Drivers/STM32H7xx_HAL_Driver/Src/stm32h7xx_hal_tim.o
 .text.TIM_DMADelayPulseHalfCplt
                0x000000000800dcae       0x68 ./Drivers/STM32H7xx_HAL_Driver/Src/stm32h7xx_hal_tim.o
                0x000000000800dcae                TIM_DMADelayPulseHalfCplt
 *fill*         0x000000000800dd16        0x2 
 .text.TIM_Base_SetConfig
                0x000000000800dd18      0x14c ./Drivers/STM32H7xx_HAL_Driver/Src/stm32h7xx_hal_tim.o
                0x000000000800dd18                TIM_Base_SetConfig
 .text.TIM_OC1_SetConfig
                0x000000000800de64      0x120 ./Drivers/STM32H7xx_HAL_Driver/Src/stm32h7xx_hal_tim.o
 .text.TIM_OC2_SetConfig
                0x000000000800df84      0x114 ./Drivers/STM32H7xx_HAL_Driver/Src/stm32h7xx_hal_tim.o
                0x000000000800df84                TIM_OC2_SetConfig
 .text.TIM_OC3_SetConfig
                0x000000000800e098      0x110 ./Drivers/STM32H7xx_HAL_Driver/Src/stm32h7xx_hal_tim.o
 .text.TIM_OC4_SetConfig
                0x000000000800e1a8       0xd4 ./Drivers/STM32H7xx_HAL_Driver/Src/stm32h7xx_hal_tim.o
 .text.TIM_OC5_SetConfig
                0x000000000800e27c       0xc8 ./Drivers/STM32H7xx_HAL_Driver/Src/stm32h7xx_hal_tim.o
 .text.TIM_OC6_SetConfig
                0x000000000800e344       0xcc ./Drivers/STM32H7xx_HAL_Driver/Src/stm32h7xx_hal_tim.o
 .text.TIM_CCxChannelCmd
                0x000000000800e410       0x4a ./Drivers/STM32H7xx_HAL_Driver/Src/stm32h7xx_hal_tim.o
                0x000000000800e410                TIM_CCxChannelCmd
 *fill*         0x000000000800e45a        0x2 
 .text.HAL_TIMEx_MasterConfigSynchronization
                0x000000000800e45c      0x138 ./Drivers/STM32H7xx_HAL_Driver/Src/stm32h7xx_hal_tim_ex.o
                0x000000000800e45c                HAL_TIMEx_MasterConfigSynchronization
 .text.HAL_TIMEx_CommutCallback
                0x000000000800e594       0x14 ./Drivers/STM32H7xx_HAL_Driver/Src/stm32h7xx_hal_tim_ex.o
                0x000000000800e594                HAL_TIMEx_CommutCallback
 .text.HAL_TIMEx_BreakCallback
                0x000000000800e5a8       0x14 ./Drivers/STM32H7xx_HAL_Driver/Src/stm32h7xx_hal_tim_ex.o
                0x000000000800e5a8                HAL_TIMEx_BreakCallback
 .text.HAL_TIMEx_Break2Callback
                0x000000000800e5bc       0x14 ./Drivers/STM32H7xx_HAL_Driver/Src/stm32h7xx_hal_tim_ex.o
                0x000000000800e5bc                HAL_TIMEx_Break2Callback
 .text.HAL_UART_Init
                0x000000000800e5d0       0xa0 ./Drivers/STM32H7xx_HAL_Driver/Src/stm32h7xx_hal_uart.o
                0x000000000800e5d0                HAL_UART_Init
 .text.UART_SetConfig
                0x000000000800e670      0xcd8 ./Drivers/STM32H7xx_HAL_Driver/Src/stm32h7xx_hal_uart.o
                0x000000000800e670                UART_SetConfig
 .text.UART_AdvFeatureConfig
                0x000000000800f348      0x144 ./Drivers/STM32H7xx_HAL_Driver/Src/stm32h7xx_hal_uart.o
                0x000000000800f348                UART_AdvFeatureConfig
 .text.UART_CheckIdleState
                0x000000000800f48c      0x154 ./Drivers/STM32H7xx_HAL_Driver/Src/stm32h7xx_hal_uart.o
                0x000000000800f48c                UART_CheckIdleState
 .text.UART_WaitOnFlagUntilTimeout
                0x000000000800f5e0       0xce ./Drivers/STM32H7xx_HAL_Driver/Src/stm32h7xx_hal_uart.o
                0x000000000800f5e0                UART_WaitOnFlagUntilTimeout
 *fill*         0x000000000800f6ae        0x2 
 .text.UART_EndRxTransfer
                0x000000000800f6b0       0xcc ./Drivers/STM32H7xx_HAL_Driver/Src/stm32h7xx_hal_uart.o
 .text.HAL_UARTEx_DisableFifoMode
                0x000000000800f77c       0x72 ./Drivers/STM32H7xx_HAL_Driver/Src/stm32h7xx_hal_uart_ex.o
                0x000000000800f77c                HAL_UARTEx_DisableFifoMode
 .text.HAL_UARTEx_SetTxFifoThreshold
                0x000000000800f7ee       0x7c ./Drivers/STM32H7xx_HAL_Driver/Src/stm32h7xx_hal_uart_ex.o
                0x000000000800f7ee                HAL_UARTEx_SetTxFifoThreshold
 .text.HAL_UARTEx_SetRxFifoThreshold
                0x000000000800f86a       0x7c ./Drivers/STM32H7xx_HAL_Driver/Src/stm32h7xx_hal_uart_ex.o
                0x000000000800f86a                HAL_UARTEx_SetRxFifoThreshold
 *fill*         0x000000000800f8e6        0x2 
 .text.UARTEx_SetNbDataToProcess
                0x000000000800f8e8       0x9c ./Drivers/STM32H7xx_HAL_Driver/Src/stm32h7xx_hal_uart_ex.o
 .text.USB_CoreInit
                0x000000000800f984       0xdc ./Drivers/STM32H7xx_HAL_Driver/Src/stm32h7xx_ll_usb.o
                0x000000000800f984                USB_CoreInit
 .text.USB_SetTurnaroundTime
                0x000000000800fa60      0x144 ./Drivers/STM32H7xx_HAL_Driver/Src/stm32h7xx_ll_usb.o
                0x000000000800fa60                USB_SetTurnaroundTime
 .text.USB_EnableGlobalInt
                0x000000000800fba4       0x22 ./Drivers/STM32H7xx_HAL_Driver/Src/stm32h7xx_ll_usb.o
                0x000000000800fba4                USB_EnableGlobalInt
 .text.USB_DisableGlobalInt
                0x000000000800fbc6       0x22 ./Drivers/STM32H7xx_HAL_Driver/Src/stm32h7xx_ll_usb.o
                0x000000000800fbc6                USB_DisableGlobalInt
 .text.USB_SetCurrentMode
                0x000000000800fbe8       0x98 ./Drivers/STM32H7xx_HAL_Driver/Src/stm32h7xx_ll_usb.o
                0x000000000800fbe8                USB_SetCurrentMode
 .text.USB_DevInit
                0x000000000800fc80      0x2bc ./Drivers/STM32H7xx_HAL_Driver/Src/stm32h7xx_ll_usb.o
                0x000000000800fc80                USB_DevInit
 .text.USB_FlushTxFifo
                0x000000000800ff3c       0x68 ./Drivers/STM32H7xx_HAL_Driver/Src/stm32h7xx_ll_usb.o
                0x000000000800ff3c                USB_FlushTxFifo
 .text.USB_FlushRxFifo
                0x000000000800ffa4       0x60 ./Drivers/STM32H7xx_HAL_Driver/Src/stm32h7xx_ll_usb.o
                0x000000000800ffa4                USB_FlushRxFifo
 .text.USB_SetDevSpeed
                0x0000000008010004       0x32 ./Drivers/STM32H7xx_HAL_Driver/Src/stm32h7xx_ll_usb.o
                0x0000000008010004                USB_SetDevSpeed
 .text.USB_GetDevSpeed
                0x0000000008010036       0x4a ./Drivers/STM32H7xx_HAL_Driver/Src/stm32h7xx_ll_usb.o
                0x0000000008010036                USB_GetDevSpeed
 .text.USB_ActivateEndpoint
                0x0000000008010080      0x110 ./Drivers/STM32H7xx_HAL_Driver/Src/stm32h7xx_ll_usb.o
                0x0000000008010080                USB_ActivateEndpoint
 .text.USB_DeactivateEndpoint
                0x0000000008010190      0x1b8 ./Drivers/STM32H7xx_HAL_Driver/Src/stm32h7xx_ll_usb.o
                0x0000000008010190                USB_DeactivateEndpoint
 .text.USB_EPStartXfer
                0x0000000008010348      0x540 ./Drivers/STM32H7xx_HAL_Driver/Src/stm32h7xx_ll_usb.o
                0x0000000008010348                USB_EPStartXfer
 .text.USB_EPStopXfer
                0x0000000008010888      0x154 ./Drivers/STM32H7xx_HAL_Driver/Src/stm32h7xx_ll_usb.o
                0x0000000008010888                USB_EPStopXfer
 .text.USB_WritePacket
                0x00000000080109dc       0x7c ./Drivers/STM32H7xx_HAL_Driver/Src/stm32h7xx_ll_usb.o
                0x00000000080109dc                USB_WritePacket
 .text.USB_ReadPacket
                0x0000000008010a58       0xb0 ./Drivers/STM32H7xx_HAL_Driver/Src/stm32h7xx_ll_usb.o
                0x0000000008010a58                USB_ReadPacket
 .text.USB_EPSetStall
                0x0000000008010b08       0xdc ./Drivers/STM32H7xx_HAL_Driver/Src/stm32h7xx_ll_usb.o
                0x0000000008010b08                USB_EPSetStall
 .text.USB_EPClearStall
                0x0000000008010be4       0xcc ./Drivers/STM32H7xx_HAL_Driver/Src/stm32h7xx_ll_usb.o
                0x0000000008010be4                USB_EPClearStall
 .text.USB_SetDevAddress
                0x0000000008010cb0       0x4c ./Drivers/STM32H7xx_HAL_Driver/Src/stm32h7xx_ll_usb.o
                0x0000000008010cb0                USB_SetDevAddress
 .text.USB_DevConnect
                0x0000000008010cfc       0x42 ./Drivers/STM32H7xx_HAL_Driver/Src/stm32h7xx_ll_usb.o
                0x0000000008010cfc                USB_DevConnect
 .text.USB_DevDisconnect
                0x0000000008010d3e       0x42 ./Drivers/STM32H7xx_HAL_Driver/Src/stm32h7xx_ll_usb.o
                0x0000000008010d3e                USB_DevDisconnect
 .text.USB_ReadInterrupts
                0x0000000008010d80       0x26 ./Drivers/STM32H7xx_HAL_Driver/Src/stm32h7xx_ll_usb.o
                0x0000000008010d80                USB_ReadInterrupts
 .text.USB_ReadDevAllOutEpInterrupt
                0x0000000008010da6       0x34 ./Drivers/STM32H7xx_HAL_Driver/Src/stm32h7xx_ll_usb.o
                0x0000000008010da6                USB_ReadDevAllOutEpInterrupt
 .text.USB_ReadDevAllInEpInterrupt
                0x0000000008010dda       0x34 ./Drivers/STM32H7xx_HAL_Driver/Src/stm32h7xx_ll_usb.o
                0x0000000008010dda                USB_ReadDevAllInEpInterrupt
 .text.USB_ReadDevOutEPInterrupt
                0x0000000008010e0e       0x3c ./Drivers/STM32H7xx_HAL_Driver/Src/stm32h7xx_ll_usb.o
                0x0000000008010e0e                USB_ReadDevOutEPInterrupt
 .text.USB_ReadDevInEPInterrupt
                0x0000000008010e4a       0x5c ./Drivers/STM32H7xx_HAL_Driver/Src/stm32h7xx_ll_usb.o
                0x0000000008010e4a                USB_ReadDevInEPInterrupt
 .text.USB_GetMode
                0x0000000008010ea6       0x1c ./Drivers/STM32H7xx_HAL_Driver/Src/stm32h7xx_ll_usb.o
                0x0000000008010ea6                USB_GetMode
 *fill*         0x0000000008010ec2        0x2 
 .text.USB_ActivateSetup
                0x0000000008010ec4       0x48 ./Drivers/STM32H7xx_HAL_Driver/Src/stm32h7xx_ll_usb.o
                0x0000000008010ec4                USB_ActivateSetup
 .text.USB_EP0_OutStart
                0x0000000008010f0c       0xbc ./Drivers/STM32H7xx_HAL_Driver/Src/stm32h7xx_ll_usb.o
                0x0000000008010f0c                USB_EP0_OutStart
 .text.USB_CoreReset
                0x0000000008010fc8       0x68 ./Drivers/STM32H7xx_HAL_Driver/Src/stm32h7xx_ll_usb.o
 .text.USBD_CDC_Init
                0x0000000008011030      0x1f0 ./Middlewares/ST/STM32_USB_Device_Library/Class/CDC/Src/usbd_cdc.o
 .text.USBD_CDC_DeInit
                0x0000000008011220      0x104 ./Middlewares/ST/STM32_USB_Device_Library/Class/CDC/Src/usbd_cdc.o
 .text.USBD_CDC_Setup
                0x0000000008011324      0x1b8 ./Middlewares/ST/STM32_USB_Device_Library/Class/CDC/Src/usbd_cdc.o
 .text.USBD_CDC_DataIn
                0x00000000080114dc       0xfe ./Middlewares/ST/STM32_USB_Device_Library/Class/CDC/Src/usbd_cdc.o
 .text.USBD_CDC_DataOut
                0x00000000080115da       0x70 ./Middlewares/ST/STM32_USB_Device_Library/Class/CDC/Src/usbd_cdc.o
 .text.USBD_CDC_EP0_RxReady
                0x000000000801164a       0x76 ./Middlewares/ST/STM32_USB_Device_Library/Class/CDC/Src/usbd_cdc.o
 .text.USBD_CDC_GetFSCfgDesc
                0x00000000080116c0       0x70 ./Middlewares/ST/STM32_USB_Device_Library/Class/CDC/Src/usbd_cdc.o
 .text.USBD_CDC_GetHSCfgDesc
                0x0000000008011730       0x70 ./Middlewares/ST/STM32_USB_Device_Library/Class/CDC/Src/usbd_cdc.o
 .text.USBD_CDC_GetOtherSpeedCfgDesc
                0x00000000080117a0       0x70 ./Middlewares/ST/STM32_USB_Device_Library/Class/CDC/Src/usbd_cdc.o
 .text.USBD_CDC_GetDeviceQualifierDescriptor
                0x0000000008011810       0x20 ./Middlewares/ST/STM32_USB_Device_Library/Class/CDC/Src/usbd_cdc.o
                0x0000000008011810                USBD_CDC_GetDeviceQualifierDescriptor
 .text.USBD_CDC_RegisterInterface
                0x0000000008011830       0x34 ./Middlewares/ST/STM32_USB_Device_Library/Class/CDC/Src/usbd_cdc.o
                0x0000000008011830                USBD_CDC_RegisterInterface
 .text.USBD_CDC_SetTxBuffer
                0x0000000008011864       0x44 ./Middlewares/ST/STM32_USB_Device_Library/Class/CDC/Src/usbd_cdc.o
                0x0000000008011864                USBD_CDC_SetTxBuffer
 .text.USBD_CDC_SetRxBuffer
                0x00000000080118a8       0x3a ./Middlewares/ST/STM32_USB_Device_Library/Class/CDC/Src/usbd_cdc.o
                0x00000000080118a8                USBD_CDC_SetRxBuffer
 *fill*         0x00000000080118e2        0x2 
 .text.USBD_CDC_TransmitPacket
                0x00000000080118e4       0x80 ./Middlewares/ST/STM32_USB_Device_Library/Class/CDC/Src/usbd_cdc.o
                0x00000000080118e4                USBD_CDC_TransmitPacket
 .text.USBD_CDC_ReceivePacket
                0x0000000008011964       0x6c ./Middlewares/ST/STM32_USB_Device_Library/Class/CDC/Src/usbd_cdc.o
                0x0000000008011964                USBD_CDC_ReceivePacket
 .text.USBD_Init
                0x00000000080119d0       0x60 ./Middlewares/ST/STM32_USB_Device_Library/Core/Src/usbd_core.o
                0x00000000080119d0                USBD_Init
 .text.USBD_RegisterClass
                0x0000000008011a30       0x6c ./Middlewares/ST/STM32_USB_Device_Library/Core/Src/usbd_core.o
                0x0000000008011a30                USBD_RegisterClass
 .text.USBD_Start
                0x0000000008011a9c       0x18 ./Middlewares/ST/STM32_USB_Device_Library/Core/Src/usbd_core.o
                0x0000000008011a9c                USBD_Start
 .text.USBD_RunTestMode
                0x0000000008011ab4       0x16 ./Middlewares/ST/STM32_USB_Device_Library/Core/Src/usbd_core.o
                0x0000000008011ab4                USBD_RunTestMode
 .text.USBD_SetClassConfig
                0x0000000008011aca       0x38 ./Middlewares/ST/STM32_USB_Device_Library/Core/Src/usbd_core.o
                0x0000000008011aca                USBD_SetClassConfig
 .text.USBD_ClrClassConfig
                0x0000000008011b02       0x34 ./Middlewares/ST/STM32_USB_Device_Library/Core/Src/usbd_core.o
                0x0000000008011b02                USBD_ClrClassConfig
 .text.USBD_LL_SetupStage
                0x0000000008011b36       0xaa ./Middlewares/ST/STM32_USB_Device_Library/Core/Src/usbd_core.o
                0x0000000008011b36                USBD_LL_SetupStage
 .text.USBD_LL_DataOutStage
                0x0000000008011be0      0x166 ./Middlewares/ST/STM32_USB_Device_Library/Core/Src/usbd_core.o
                0x0000000008011be0                USBD_LL_DataOutStage
 .text.USBD_LL_DataInStage
                0x0000000008011d46      0x164 ./Middlewares/ST/STM32_USB_Device_Library/Core/Src/usbd_core.o
                0x0000000008011d46                USBD_LL_DataInStage
 .text.USBD_LL_Reset
                0x0000000008011eaa       0xa4 ./Middlewares/ST/STM32_USB_Device_Library/Core/Src/usbd_core.o
                0x0000000008011eaa                USBD_LL_Reset
 .text.USBD_LL_SetSpeed
                0x0000000008011f4e       0x20 ./Middlewares/ST/STM32_USB_Device_Library/Core/Src/usbd_core.o
                0x0000000008011f4e                USBD_LL_SetSpeed
 .text.USBD_LL_Suspend
                0x0000000008011f6e       0x38 ./Middlewares/ST/STM32_USB_Device_Library/Core/Src/usbd_core.o
                0x0000000008011f6e                USBD_LL_Suspend
 .text.USBD_LL_Resume
                0x0000000008011fa6       0x30 ./Middlewares/ST/STM32_USB_Device_Library/Core/Src/usbd_core.o
                0x0000000008011fa6                USBD_LL_Resume
 .text.USBD_LL_SOF
                0x0000000008011fd6       0x40 ./Middlewares/ST/STM32_USB_Device_Library/Core/Src/usbd_core.o
                0x0000000008011fd6                USBD_LL_SOF
 .text.USBD_LL_IsoINIncomplete
                0x0000000008012016       0x64 ./Middlewares/ST/STM32_USB_Device_Library/Core/Src/usbd_core.o
                0x0000000008012016                USBD_LL_IsoINIncomplete
 .text.USBD_LL_IsoOUTIncomplete
                0x000000000801207a       0x64 ./Middlewares/ST/STM32_USB_Device_Library/Core/Src/usbd_core.o
                0x000000000801207a                USBD_LL_IsoOUTIncomplete
 .text.USBD_LL_DevConnected
                0x00000000080120de       0x16 ./Middlewares/ST/STM32_USB_Device_Library/Core/Src/usbd_core.o
                0x00000000080120de                USBD_LL_DevConnected
 .text.USBD_LL_DevDisconnected
                0x00000000080120f4       0x46 ./Middlewares/ST/STM32_USB_Device_Library/Core/Src/usbd_core.o
                0x00000000080120f4                USBD_LL_DevDisconnected
 .text.USBD_CoreFindIF
                0x000000000801213a       0x1a ./Middlewares/ST/STM32_USB_Device_Library/Core/Src/usbd_core.o
                0x000000000801213a                USBD_CoreFindIF
 .text.USBD_CoreFindEP
                0x0000000008012154       0x1a ./Middlewares/ST/STM32_USB_Device_Library/Core/Src/usbd_core.o
                0x0000000008012154                USBD_CoreFindEP
 .text.USBD_GetEpDesc
                0x000000000801216e       0x74 ./Middlewares/ST/STM32_USB_Device_Library/Core/Src/usbd_core.o
                0x000000000801216e                USBD_GetEpDesc
 .text.USBD_GetNextDesc
                0x00000000080121e2       0x3a ./Middlewares/ST/STM32_USB_Device_Library/Core/Src/usbd_core.o
                0x00000000080121e2                USBD_GetNextDesc
 .text.SWAPBYTE
                0x000000000801221c       0x3c ./Middlewares/ST/STM32_USB_Device_Library/Core/Src/usbd_ctlreq.o
 .text.USBD_StdDevReq
                0x0000000008012258       0xe4 ./Middlewares/ST/STM32_USB_Device_Library/Core/Src/usbd_ctlreq.o
                0x0000000008012258                USBD_StdDevReq
 .text.USBD_StdItfReq
                0x000000000801233c       0xd8 ./Middlewares/ST/STM32_USB_Device_Library/Core/Src/usbd_ctlreq.o
                0x000000000801233c                USBD_StdItfReq
 .text.USBD_StdEPReq
                0x0000000008012414      0x33a ./Middlewares/ST/STM32_USB_Device_Library/Core/Src/usbd_ctlreq.o
                0x0000000008012414                USBD_StdEPReq
 *fill*         0x000000000801274e        0x2 
 .text.USBD_GetDescriptor
                0x0000000008012750      0x2d4 ./Middlewares/ST/STM32_USB_Device_Library/Core/Src/usbd_ctlreq.o
 .text.USBD_SetAddress
                0x0000000008012a24       0x88 ./Middlewares/ST/STM32_USB_Device_Library/Core/Src/usbd_ctlreq.o
 .text.USBD_SetConfig
                0x0000000008012aac      0x154 ./Middlewares/ST/STM32_USB_Device_Library/Core/Src/usbd_ctlreq.o
 .text.USBD_GetConfig
                0x0000000008012c00       0x6c ./Middlewares/ST/STM32_USB_Device_Library/Core/Src/usbd_ctlreq.o
 .text.USBD_GetStatus
                0x0000000008012c6c       0x68 ./Middlewares/ST/STM32_USB_Device_Library/Core/Src/usbd_ctlreq.o
 .text.USBD_SetFeature
                0x0000000008012cd4       0x52 ./Middlewares/ST/STM32_USB_Device_Library/Core/Src/usbd_ctlreq.o
 .text.USBD_ClrFeature
                0x0000000008012d26       0x44 ./Middlewares/ST/STM32_USB_Device_Library/Core/Src/usbd_ctlreq.o
 .text.USBD_ParseSetupRequest
                0x0000000008012d6a       0x74 ./Middlewares/ST/STM32_USB_Device_Library/Core/Src/usbd_ctlreq.o
                0x0000000008012d6a                USBD_ParseSetupRequest
 .text.USBD_CtlError
                0x0000000008012dde       0x22 ./Middlewares/ST/STM32_USB_Device_Library/Core/Src/usbd_ctlreq.o
                0x0000000008012dde                USBD_CtlError
 .text.USBD_GetString
                0x0000000008012e00       0x8c ./Middlewares/ST/STM32_USB_Device_Library/Core/Src/usbd_ctlreq.o
                0x0000000008012e00                USBD_GetString
 .text.USBD_GetLen
                0x0000000008012e8c       0x34 ./Middlewares/ST/STM32_USB_Device_Library/Core/Src/usbd_ctlreq.o
 .text.USBD_CtlSendData
                0x0000000008012ec0       0x36 ./Middlewares/ST/STM32_USB_Device_Library/Core/Src/usbd_ioreq.o
                0x0000000008012ec0                USBD_CtlSendData
 .text.USBD_CtlContinueSendData
                0x0000000008012ef6       0x22 ./Middlewares/ST/STM32_USB_Device_Library/Core/Src/usbd_ioreq.o
                0x0000000008012ef6                USBD_CtlContinueSendData
 .text.USBD_CtlPrepareRx
                0x0000000008012f18       0x3a ./Middlewares/ST/STM32_USB_Device_Library/Core/Src/usbd_ioreq.o
                0x0000000008012f18                USBD_CtlPrepareRx
 .text.USBD_CtlContinueRx
                0x0000000008012f52       0x22 ./Middlewares/ST/STM32_USB_Device_Library/Core/Src/usbd_ioreq.o
                0x0000000008012f52                USBD_CtlContinueRx
 .text.USBD_CtlSendStatus
                0x0000000008012f74       0x26 ./Middlewares/ST/STM32_USB_Device_Library/Core/Src/usbd_ioreq.o
                0x0000000008012f74                USBD_CtlSendStatus
 .text.USBD_CtlReceiveStatus
                0x0000000008012f9a       0x26 ./Middlewares/ST/STM32_USB_Device_Library/Core/Src/usbd_ioreq.o
                0x0000000008012f9a                USBD_CtlReceiveStatus
 .text.MX_USB_DEVICE_Init
                0x0000000008012fc0       0x64 ./USB_DEVICE/App/usb_device.o
                0x0000000008012fc0                MX_USB_DEVICE_Init
 .text.CDC_Init_HS
                0x0000000008013024       0x28 ./USB_DEVICE/App/usbd_cdc_if.o
 .text.CDC_DeInit_HS
                0x000000000801304c       0x10 ./USB_DEVICE/App/usbd_cdc_if.o
 .text.CDC_Control_HS
                0x000000000801305c       0xbc ./USB_DEVICE/App/usbd_cdc_if.o
 .text.CDC_Receive_HS
                0x0000000008013118       0x28 ./USB_DEVICE/App/usbd_cdc_if.o
 .text.CDC_Transmit_HS
                0x0000000008013140       0x4c ./USB_DEVICE/App/usbd_cdc_if.o
                0x0000000008013140                CDC_Transmit_HS
 .text.CDC_TransmitCplt_HS
                0x000000000801318c       0x22 ./USB_DEVICE/App/usbd_cdc_if.o
 *fill*         0x00000000080131ae        0x2 
 .text.USBD_HS_DeviceDescriptor
                0x00000000080131b0       0x24 ./USB_DEVICE/App/usbd_desc.o
                0x00000000080131b0                USBD_HS_DeviceDescriptor
 .text.USBD_HS_LangIDStrDescriptor
                0x00000000080131d4       0x24 ./USB_DEVICE/App/usbd_desc.o
                0x00000000080131d4                USBD_HS_LangIDStrDescriptor
 .text.USBD_HS_ProductStrDescriptor
                0x00000000080131f8       0x3c ./USB_DEVICE/App/usbd_desc.o
                0x00000000080131f8                USBD_HS_ProductStrDescriptor
 .text.USBD_HS_ManufacturerStrDescriptor
                0x0000000008013234       0x28 ./USB_DEVICE/App/usbd_desc.o
                0x0000000008013234                USBD_HS_ManufacturerStrDescriptor
 .text.USBD_HS_SerialStrDescriptor
                0x000000000801325c       0x24 ./USB_DEVICE/App/usbd_desc.o
                0x000000000801325c                USBD_HS_SerialStrDescriptor
 .text.USBD_HS_ConfigStrDescriptor
                0x0000000008013280       0x3c ./USB_DEVICE/App/usbd_desc.o
                0x0000000008013280                USBD_HS_ConfigStrDescriptor
 .text.USBD_HS_InterfaceStrDescriptor
                0x00000000080132bc       0x3c ./USB_DEVICE/App/usbd_desc.o
                0x00000000080132bc                USBD_HS_InterfaceStrDescriptor
 .text.Get_SerialNum
                0x00000000080132f8       0x58 ./USB_DEVICE/App/usbd_desc.o
 .text.IntToUnicode
                0x0000000008013350       0x7e ./USB_DEVICE/App/usbd_desc.o
 *fill*         0x00000000080133ce        0x2 
 .text.HAL_PCD_MspInit
                0x00000000080133d0       0x8c ./USB_DEVICE/Target/usbd_conf.o
                0x00000000080133d0                HAL_PCD_MspInit
 .text.HAL_PCD_SetupStageCallback
                0x000000000801345c       0x24 ./USB_DEVICE/Target/usbd_conf.o
                0x000000000801345c                HAL_PCD_SetupStageCallback
 .text.HAL_PCD_DataOutStageCallback
                0x0000000008013480       0x36 ./USB_DEVICE/Target/usbd_conf.o
                0x0000000008013480                HAL_PCD_DataOutStageCallback
 .text.HAL_PCD_DataInStageCallback
                0x00000000080134b6       0x34 ./USB_DEVICE/Target/usbd_conf.o
                0x00000000080134b6                HAL_PCD_DataInStageCallback
 .text.HAL_PCD_SOFCallback
                0x00000000080134ea       0x1c ./USB_DEVICE/Target/usbd_conf.o
                0x00000000080134ea                HAL_PCD_SOFCallback
 .text.HAL_PCD_ResetCallback
                0x0000000008013506       0x50 ./USB_DEVICE/Target/usbd_conf.o
                0x0000000008013506                HAL_PCD_ResetCallback
 *fill*         0x0000000008013556        0x2 
 .text.HAL_PCD_SuspendCallback
                0x0000000008013558       0x4c ./USB_DEVICE/Target/usbd_conf.o
                0x0000000008013558                HAL_PCD_SuspendCallback
 .text.HAL_PCD_ResumeCallback
                0x00000000080135a4       0x1c ./USB_DEVICE/Target/usbd_conf.o
                0x00000000080135a4                HAL_PCD_ResumeCallback
 .text.HAL_PCD_ISOOUTIncompleteCallback
                0x00000000080135c0       0x24 ./USB_DEVICE/Target/usbd_conf.o
                0x00000000080135c0                HAL_PCD_ISOOUTIncompleteCallback
 .text.HAL_PCD_ISOINIncompleteCallback
                0x00000000080135e4       0x24 ./USB_DEVICE/Target/usbd_conf.o
                0x00000000080135e4                HAL_PCD_ISOINIncompleteCallback
 .text.HAL_PCD_ConnectCallback
                0x0000000008013608       0x1c ./USB_DEVICE/Target/usbd_conf.o
                0x0000000008013608                HAL_PCD_ConnectCallback
 .text.HAL_PCD_DisconnectCallback
                0x0000000008013624       0x1c ./USB_DEVICE/Target/usbd_conf.o
                0x0000000008013624                HAL_PCD_DisconnectCallback
 .text.USBD_LL_Init
                0x0000000008013640       0xa4 ./USB_DEVICE/Target/usbd_conf.o
                0x0000000008013640                USBD_LL_Init
 .text.USBD_LL_Start
                0x00000000080136e4       0x36 ./USB_DEVICE/Target/usbd_conf.o
                0x00000000080136e4                USBD_LL_Start
 .text.USBD_LL_OpenEP
                0x000000000801371a       0x4c ./USB_DEVICE/Target/usbd_conf.o
                0x000000000801371a                USBD_LL_OpenEP
 .text.USBD_LL_CloseEP
                0x0000000008013766       0x3e ./USB_DEVICE/Target/usbd_conf.o
                0x0000000008013766                USBD_LL_CloseEP
 .text.USBD_LL_StallEP
                0x00000000080137a4       0x3e ./USB_DEVICE/Target/usbd_conf.o
                0x00000000080137a4                USBD_LL_StallEP
 .text.USBD_LL_ClearStallEP
                0x00000000080137e2       0x3e ./USB_DEVICE/Target/usbd_conf.o
                0x00000000080137e2                USBD_LL_ClearStallEP
 .text.USBD_LL_IsStallEP
                0x0000000008013820       0x58 ./USB_DEVICE/Target/usbd_conf.o
                0x0000000008013820                USBD_LL_IsStallEP
 .text.USBD_LL_SetUSBAddress
                0x0000000008013878       0x3e ./USB_DEVICE/Target/usbd_conf.o
                0x0000000008013878                USBD_LL_SetUSBAddress
 .text.USBD_LL_Transmit
                0x00000000080138b6       0x42 ./USB_DEVICE/Target/usbd_conf.o
                0x00000000080138b6                USBD_LL_Transmit
 .text.USBD_LL_PrepareReceive
                0x00000000080138f8       0x42 ./USB_DEVICE/Target/usbd_conf.o
                0x00000000080138f8                USBD_LL_PrepareReceive
 .text.USBD_LL_GetRxDataSize
                0x000000000801393a       0x26 ./USB_DEVICE/Target/usbd_conf.o
                0x000000000801393a                USBD_LL_GetRxDataSize
 .text.USBD_static_malloc
                0x0000000008013960       0x1c ./USB_DEVICE/Target/usbd_conf.o
                0x0000000008013960                USBD_static_malloc
 .text.USBD_static_free
                0x000000000801397c       0x14 ./USB_DEVICE/Target/usbd_conf.o
                0x000000000801397c                USBD_static_free
 .text.USBD_Get_USB_Status
                0x0000000008013990       0x58 ./USB_DEVICE/Target/usbd_conf.o
                0x0000000008013990                USBD_Get_USB_Status
 .text.__errno  0x00000000080139e8        0xc c:/st/stm32cubeide_1.12.0/stm32cubeide/plugins/com.st.stm32cube.ide.mcu.externaltools.gnu-tools-for-stm32.10.3-2021.10.win32_1.0.200.202301161003/tools/bin/../lib/gcc/arm-none-eabi/10.3.1/../../../../arm-none-eabi/lib/thumb/v7e-m+dp/hard\libc_nano.a(lib_a-errno.o)
                0x00000000080139e8                __errno
 .text.__libc_init_array
                0x00000000080139f4       0x48 c:/st/stm32cubeide_1.12.0/stm32cubeide/plugins/com.st.stm32cube.ide.mcu.externaltools.gnu-tools-for-stm32.10.3-2021.10.win32_1.0.200.202301161003/tools/bin/../lib/gcc/arm-none-eabi/10.3.1/../../../../arm-none-eabi/lib/thumb/v7e-m+dp/hard\libc_nano.a(lib_a-init.o)
                0x00000000080139f4                __libc_init_array
 .text.memcpy   0x0000000008013a3c       0x1c c:/st/stm32cubeide_1.12.0/stm32cubeide/plugins/com.st.stm32cube.ide.mcu.externaltools.gnu-tools-for-stm32.10.3-2021.10.win32_1.0.200.202301161003/tools/bin/../lib/gcc/arm-none-eabi/10.3.1/../../../../arm-none-eabi/lib/thumb/v7e-m+dp/hard\libc_nano.a(lib_a-memcpy-stub.o)
                0x0000000008013a3c                memcpy
 .text.memset   0x0000000008013a58       0x10 c:/st/stm32cubeide_1.12.0/stm32cubeide/plugins/com.st.stm32cube.ide.mcu.externaltools.gnu-tools-for-stm32.10.3-2021.10.win32_1.0.200.202301161003/tools/bin/../lib/gcc/arm-none-eabi/10.3.1/../../../../arm-none-eabi/lib/thumb/v7e-m+dp/hard\libc_nano.a(lib_a-memset.o)
                0x0000000008013a58                memset
 .text.sprintf  0x0000000008013a68       0x40 c:/st/stm32cubeide_1.12.0/stm32cubeide/plugins/com.st.stm32cube.ide.mcu.externaltools.gnu-tools-for-stm32.10.3-2021.10.win32_1.0.200.202301161003/tools/bin/../lib/gcc/arm-none-eabi/10.3.1/../../../../arm-none-eabi/lib/thumb/v7e-m+dp/hard\libc_nano.a(lib_a-sprintf.o)
                0x0000000008013a68                siprintf
                0x0000000008013a68                sprintf
 .text.__ssputs_r
                0x0000000008013aa8       0xb6 c:/st/stm32cubeide_1.12.0/stm32cubeide/plugins/com.st.stm32cube.ide.mcu.externaltools.gnu-tools-for-stm32.10.3-2021.10.win32_1.0.200.202301161003/tools/bin/../lib/gcc/arm-none-eabi/10.3.1/../../../../arm-none-eabi/lib/thumb/v7e-m+dp/hard\libc_nano.a(lib_a-nano-svfprintf.o)
                0x0000000008013aa8                __ssputs_r
 *fill*         0x0000000008013b5e        0x2 
 .text._svfprintf_r
                0x0000000008013b60      0x200 c:/st/stm32cubeide_1.12.0/stm32cubeide/plugins/com.st.stm32cube.ide.mcu.externaltools.gnu-tools-for-stm32.10.3-2021.10.win32_1.0.200.202301161003/tools/bin/../lib/gcc/arm-none-eabi/10.3.1/../../../../arm-none-eabi/lib/thumb/v7e-m+dp/hard\libc_nano.a(lib_a-nano-svfprintf.o)
                0x0000000008013b60                _svfiprintf_r
                0x0000000008013b60                _svfprintf_r
 .text._printf_common
                0x0000000008013d60       0xda c:/st/stm32cubeide_1.12.0/stm32cubeide/plugins/com.st.stm32cube.ide.mcu.externaltools.gnu-tools-for-stm32.10.3-2021.10.win32_1.0.200.202301161003/tools/bin/../lib/gcc/arm-none-eabi/10.3.1/../../../../arm-none-eabi/lib/thumb/v7e-m+dp/hard\libc_nano.a(lib_a-nano-vfprintf_i.o)
                0x0000000008013d60                _printf_common
 *fill*         0x0000000008013e3a        0x2 
 .text._printf_i
                0x0000000008013e3c      0x24c c:/st/stm32cubeide_1.12.0/stm32cubeide/plugins/com.st.stm32cube.ide.mcu.externaltools.gnu-tools-for-stm32.10.3-2021.10.win32_1.0.200.202301161003/tools/bin/../lib/gcc/arm-none-eabi/10.3.1/../../../../arm-none-eabi/lib/thumb/v7e-m+dp/hard\libc_nano.a(lib_a-nano-vfprintf_i.o)
                0x0000000008013e3c                _printf_i
 .text.memmove  0x0000000008014088       0x34 c:/st/stm32cubeide_1.12.0/stm32cubeide/plugins/com.st.stm32cube.ide.mcu.externaltools.gnu-tools-for-stm32.10.3-2021.10.win32_1.0.200.202301161003/tools/bin/../lib/gcc/arm-none-eabi/10.3.1/../../../../arm-none-eabi/lib/thumb/v7e-m+dp/hard\libc_nano.a(lib_a-memmove.o)
                0x0000000008014088                memmove
 .text._free_r  0x00000000080140bc       0x98 c:/st/stm32cubeide_1.12.0/stm32cubeide/plugins/com.st.stm32cube.ide.mcu.externaltools.gnu-tools-for-stm32.10.3-2021.10.win32_1.0.200.202301161003/tools/bin/../lib/gcc/arm-none-eabi/10.3.1/../../../../arm-none-eabi/lib/thumb/v7e-m+dp/hard\libc_nano.a(lib_a-nano-freer.o)
                0x00000000080140bc                _free_r
 .text.sbrk_aligned
                0x0000000008014154       0x40 c:/st/stm32cubeide_1.12.0/stm32cubeide/plugins/com.st.stm32cube.ide.mcu.externaltools.gnu-tools-for-stm32.10.3-2021.10.win32_1.0.200.202301161003/tools/bin/../lib/gcc/arm-none-eabi/10.3.1/../../../../arm-none-eabi/lib/thumb/v7e-m+dp/hard\libc_nano.a(lib_a-nano-mallocr.o)
 .text._malloc_r
                0x0000000008014194       0xe8 c:/st/stm32cubeide_1.12.0/stm32cubeide/plugins/com.st.stm32cube.ide.mcu.externaltools.gnu-tools-for-stm32.10.3-2021.10.win32_1.0.200.202301161003/tools/bin/../lib/gcc/arm-none-eabi/10.3.1/../../../../arm-none-eabi/lib/thumb/v7e-m+dp/hard\libc_nano.a(lib_a-nano-mallocr.o)
                0x0000000008014194                _malloc_r
 .text._realloc_r
                0x000000000801427c       0x5e c:/st/stm32cubeide_1.12.0/stm32cubeide/plugins/com.st.stm32cube.ide.mcu.externaltools.gnu-tools-for-stm32.10.3-2021.10.win32_1.0.200.202301161003/tools/bin/../lib/gcc/arm-none-eabi/10.3.1/../../../../arm-none-eabi/lib/thumb/v7e-m+dp/hard\libc_nano.a(lib_a-nano-reallocr.o)
                0x000000000801427c                _realloc_r
 *fill*         0x00000000080142da        0x2 
 .text._sbrk_r  0x00000000080142dc       0x20 c:/st/stm32cubeide_1.12.0/stm32cubeide/plugins/com.st.stm32cube.ide.mcu.externaltools.gnu-tools-for-stm32.10.3-2021.10.win32_1.0.200.202301161003/tools/bin/../lib/gcc/arm-none-eabi/10.3.1/../../../../arm-none-eabi/lib/thumb/v7e-m+dp/hard\libc_nano.a(lib_a-sbrkr.o)
                0x00000000080142dc                _sbrk_r
 .text.__malloc_lock
                0x00000000080142fc        0xc c:/st/stm32cubeide_1.12.0/stm32cubeide/plugins/com.st.stm32cube.ide.mcu.externaltools.gnu-tools-for-stm32.10.3-2021.10.win32_1.0.200.202301161003/tools/bin/../lib/gcc/arm-none-eabi/10.3.1/../../../../arm-none-eabi/lib/thumb/v7e-m+dp/hard\libc_nano.a(lib_a-mlock.o)
                0x00000000080142fc                __malloc_lock
 .text.__malloc_unlock
                0x0000000008014308        0xc c:/st/stm32cubeide_1.12.0/stm32cubeide/plugins/com.st.stm32cube.ide.mcu.externaltools.gnu-tools-for-stm32.10.3-2021.10.win32_1.0.200.202301161003/tools/bin/../lib/gcc/arm-none-eabi/10.3.1/../../../../arm-none-eabi/lib/thumb/v7e-m+dp/hard\libc_nano.a(lib_a-mlock.o)
                0x0000000008014308                __malloc_unlock
 .text._malloc_usable_size_r
                0x0000000008014314       0x10 c:/st/stm32cubeide_1.12.0/stm32cubeide/plugins/com.st.stm32cube.ide.mcu.externaltools.gnu-tools-for-stm32.10.3-2021.10.win32_1.0.200.202301161003/tools/bin/../lib/gcc/arm-none-eabi/10.3.1/../../../../arm-none-eabi/lib/thumb/v7e-m+dp/hard\libc_nano.a(lib_a-nano-msizer.o)
                0x0000000008014314                _malloc_usable_size_r
 .text.__retarget_lock_acquire_recursive
                0x0000000008014324        0x2 c:/st/stm32cubeide_1.12.0/stm32cubeide/plugins/com.st.stm32cube.ide.mcu.externaltools.gnu-tools-for-stm32.10.3-2021.10.win32_1.0.200.202301161003/tools/bin/../lib/gcc/arm-none-eabi/10.3.1/../../../../arm-none-eabi/lib/thumb/v7e-m+dp/hard\libc_nano.a(lib_a-lock.o)
                0x0000000008014324                __retarget_lock_acquire_recursive
 .text.__retarget_lock_release_recursive
                0x0000000008014326        0x2 c:/st/stm32cubeide_1.12.0/stm32cubeide/plugins/com.st.stm32cube.ide.mcu.externaltools.gnu-tools-for-stm32.10.3-2021.10.win32_1.0.200.202301161003/tools/bin/../lib/gcc/arm-none-eabi/10.3.1/../../../../arm-none-eabi/lib/thumb/v7e-m+dp/hard\libc_nano.a(lib_a-lock.o)
                0x0000000008014326                __retarget_lock_release_recursive
 .text.fmod     0x0000000008014328       0x48 c:/st/stm32cubeide_1.12.0/stm32cubeide/plugins/com.st.stm32cube.ide.mcu.externaltools.gnu-tools-for-stm32.10.3-2021.10.win32_1.0.200.202301161003/tools/bin/../lib/gcc/arm-none-eabi/10.3.1/../../../../arm-none-eabi/lib/thumb/v7e-m+dp/hard\libm.a(lib_a-w_fmod.o)
                0x0000000008014328                fmod
 .text.__ieee754_fmod
                0x0000000008014370      0x224 c:/st/stm32cubeide_1.12.0/stm32cubeide/plugins/com.st.stm32cube.ide.mcu.externaltools.gnu-tools-for-stm32.10.3-2021.10.win32_1.0.200.202301161003/tools/bin/../lib/gcc/arm-none-eabi/10.3.1/../../../../arm-none-eabi/lib/thumb/v7e-m+dp/hard\libm.a(lib_a-e_fmod.o)
                0x0000000008014370                __ieee754_fmod
 *(.glue_7)
 .glue_7        0x0000000008014594        0x0 linker stubs
 *(.glue_7t)
 .glue_7t       0x0000000008014594        0x0 linker stubs
 *(.eh_frame)
 .eh_frame      0x0000000008014594        0x0 c:/st/stm32cubeide_1.12.0/stm32cubeide/plugins/com.st.stm32cube.ide.mcu.externaltools.gnu-tools-for-stm32.10.3-2021.10.win32_1.0.200.202301161003/tools/bin/../lib/gcc/arm-none-eabi/10.3.1/thumb/v7e-m+dp/hard/crtbegin.o
 *(.init)
 .init          0x0000000008014594        0x4 c:/st/stm32cubeide_1.12.0/stm32cubeide/plugins/com.st.stm32cube.ide.mcu.externaltools.gnu-tools-for-stm32.10.3-2021.10.win32_1.0.200.202301161003/tools/bin/../lib/gcc/arm-none-eabi/10.3.1/thumb/v7e-m+dp/hard/crti.o
                0x0000000008014594                _init
 .init          0x0000000008014598        0x8 c:/st/stm32cubeide_1.12.0/stm32cubeide/plugins/com.st.stm32cube.ide.mcu.externaltools.gnu-tools-for-stm32.10.3-2021.10.win32_1.0.200.202301161003/tools/bin/../lib/gcc/arm-none-eabi/10.3.1/thumb/v7e-m+dp/hard/crtn.o
 *(.fini)
 .fini          0x00000000080145a0        0x4 c:/st/stm32cubeide_1.12.0/stm32cubeide/plugins/com.st.stm32cube.ide.mcu.externaltools.gnu-tools-for-stm32.10.3-2021.10.win32_1.0.200.202301161003/tools/bin/../lib/gcc/arm-none-eabi/10.3.1/thumb/v7e-m+dp/hard/crti.o
                0x00000000080145a0                _fini
 .fini          0x00000000080145a4        0x8 c:/st/stm32cubeide_1.12.0/stm32cubeide/plugins/com.st.stm32cube.ide.mcu.externaltools.gnu-tools-for-stm32.10.3-2021.10.win32_1.0.200.202301161003/tools/bin/../lib/gcc/arm-none-eabi/10.3.1/thumb/v7e-m+dp/hard/crtn.o
                0x00000000080145ac                . = ALIGN (0x4)
                0x00000000080145ac                _etext = .

.vfp11_veneer   0x00000000080145ac        0x0
 .vfp11_veneer  0x00000000080145ac        0x0 linker stubs

.v4_bx          0x00000000080145ac        0x0
 .v4_bx         0x00000000080145ac        0x0 linker stubs

.iplt           0x00000000080145ac        0x0
 .iplt          0x00000000080145ac        0x0 c:/st/stm32cubeide_1.12.0/stm32cubeide/plugins/com.st.stm32cube.ide.mcu.externaltools.gnu-tools-for-stm32.10.3-2021.10.win32_1.0.200.202301161003/tools/bin/../lib/gcc/arm-none-eabi/10.3.1/thumb/v7e-m+dp/hard/crtbegin.o

.rodata         0x00000000080145b0      0x1b8
                0x00000000080145b0                . = ALIGN (0x4)
 *(.rodata)
 .rodata        0x00000000080145b0        0x4 ./Core/Src/main.o
 .rodata        0x00000000080145b4       0x4c ./Drivers/STM32H7xx_HAL_Driver/Src/stm32h7xx_hal_fdcan.o
 .rodata        0x0000000008014600       0x3a ./USB_DEVICE/App/usbd_desc.o
 *(.rodata*)
 *fill*         0x000000000801463a        0x2 
 .rodata.LEDS_lookup
                0x000000000801463c       0x70 ./Core/Src/main.o
                0x000000000801463c                LEDS_lookup
 .rodata.LED_order
                0x00000000080146ac       0x38 ./Core/Src/main.o
                0x00000000080146ac                LED_order
 .rodata.D1CorePrescTable
                0x00000000080146e4       0x10 ./Core/Src/system_stm32h7xx.o
                0x00000000080146e4                D1CorePrescTable
 .rodata.flagBitshiftOffset.0
                0x00000000080146f4        0x8 ./Drivers/STM32H7xx_HAL_Driver/Src/stm32h7xx_hal_dma.o
 .rodata.UARTPrescTable
                0x00000000080146fc       0x18 ./Drivers/STM32H7xx_HAL_Driver/Src/stm32h7xx_hal_uart.o
                0x00000000080146fc                UARTPrescTable
 .rodata.numerator.1
                0x0000000008014714        0x8 ./Drivers/STM32H7xx_HAL_Driver/Src/stm32h7xx_hal_uart_ex.o
 .rodata.denominator.0
                0x000000000801471c        0x8 ./Drivers/STM32H7xx_HAL_Driver/Src/stm32h7xx_hal_uart_ex.o
 .rodata._svfprintf_r.str1.1
                0x0000000008014724       0x11 c:/st/stm32cubeide_1.12.0/stm32cubeide/plugins/com.st.stm32cube.ide.mcu.externaltools.gnu-tools-for-stm32.10.3-2021.10.win32_1.0.200.202301161003/tools/bin/../lib/gcc/arm-none-eabi/10.3.1/../../../../arm-none-eabi/lib/thumb/v7e-m+dp/hard\libc_nano.a(lib_a-nano-svfprintf.o)
 .rodata._printf_i.str1.1
                0x0000000008014735       0x22 c:/st/stm32cubeide_1.12.0/stm32cubeide/plugins/com.st.stm32cube.ide.mcu.externaltools.gnu-tools-for-stm32.10.3-2021.10.win32_1.0.200.202301161003/tools/bin/../lib/gcc/arm-none-eabi/10.3.1/../../../../arm-none-eabi/lib/thumb/v7e-m+dp/hard\libc_nano.a(lib_a-nano-vfprintf_i.o)
 *fill*         0x0000000008014757        0x1 
 .rodata.Zero   0x0000000008014758       0x10 c:/st/stm32cubeide_1.12.0/stm32cubeide/plugins/com.st.stm32cube.ide.mcu.externaltools.gnu-tools-for-stm32.10.3-2021.10.win32_1.0.200.202301161003/tools/bin/../lib/gcc/arm-none-eabi/10.3.1/../../../../arm-none-eabi/lib/thumb/v7e-m+dp/hard\libm.a(lib_a-e_fmod.o)
                0x0000000008014768                . = ALIGN (0x4)

.ARM.extab
 *(.ARM.extab* .gnu.linkonce.armextab.*)

.ARM            0x0000000008014768        0x8
                0x0000000008014768                __exidx_start = .
 *(.ARM.exidx*)
 .ARM.exidx     0x0000000008014768        0x8 c:/st/stm32cubeide_1.12.0/stm32cubeide/plugins/com.st.stm32cube.ide.mcu.externaltools.gnu-tools-for-stm32.10.3-2021.10.win32_1.0.200.202301161003/tools/bin/../lib/gcc/arm-none-eabi/10.3.1/thumb/v7e-m+dp/hard\libgcc.a(_udivmoddi4.o)
                0x0000000008014770                __exidx_end = .

.rel.dyn        0x0000000008014770        0x0
 .rel.iplt      0x0000000008014770        0x0 c:/st/stm32cubeide_1.12.0/stm32cubeide/plugins/com.st.stm32cube.ide.mcu.externaltools.gnu-tools-for-stm32.10.3-2021.10.win32_1.0.200.202301161003/tools/bin/../lib/gcc/arm-none-eabi/10.3.1/thumb/v7e-m+dp/hard/crtbegin.o

.preinit_array  0x0000000008014770        0x0
                0x0000000008014770                PROVIDE (__preinit_array_start = .)
 *(.preinit_array*)
                0x0000000008014770                PROVIDE (__preinit_array_end = .)

.init_array     0x0000000008014770        0x4
                0x0000000008014770                PROVIDE (__init_array_start = .)
 *(SORT_BY_NAME(.init_array.*))
 *(.init_array*)
 .init_array    0x0000000008014770        0x4 c:/st/stm32cubeide_1.12.0/stm32cubeide/plugins/com.st.stm32cube.ide.mcu.externaltools.gnu-tools-for-stm32.10.3-2021.10.win32_1.0.200.202301161003/tools/bin/../lib/gcc/arm-none-eabi/10.3.1/thumb/v7e-m+dp/hard/crtbegin.o
                0x0000000008014774                PROVIDE (__init_array_end = .)

.fini_array     0x0000000008014774        0x4
                [!provide]                        PROVIDE (__fini_array_start = .)
 *(SORT_BY_NAME(.fini_array.*))
 *(.fini_array*)
 .fini_array    0x0000000008014774        0x4 c:/st/stm32cubeide_1.12.0/stm32cubeide/plugins/com.st.stm32cube.ide.mcu.externaltools.gnu-tools-for-stm32.10.3-2021.10.win32_1.0.200.202301161003/tools/bin/../lib/gcc/arm-none-eabi/10.3.1/thumb/v7e-m+dp/hard/crtbegin.o
                [!provide]                        PROVIDE (__fini_array_end = .)
                0x0000000008014778                _sidata = LOADADDR (.data)

.data           0x0000000024000000      0x164 load address 0x0000000008014778
                0x0000000024000000                . = ALIGN (0x4)
                0x0000000024000000                _sdata = .
 *(.data)
 *(.data*)
 .data.SystemCoreClock
                0x0000000024000000        0x4 ./Core/Src/system_stm32h7xx.o
                0x0000000024000000                SystemCoreClock
 .data.SystemD2Clock
                0x0000000024000004        0x4 ./Core/Src/system_stm32h7xx.o
                0x0000000024000004                SystemD2Clock
 .data.uwTickPrio
                0x0000000024000008        0x4 ./Drivers/STM32H7xx_HAL_Driver/Src/stm32h7xx_hal.o
                0x0000000024000008                uwTickPrio
 .data.uwTickFreq
                0x000000002400000c        0x1 ./Drivers/STM32H7xx_HAL_Driver/Src/stm32h7xx_hal.o
                0x000000002400000c                uwTickFreq
 *fill*         0x000000002400000d        0x3 
 .data.USBD_CDC_DeviceQualifierDesc
                0x0000000024000010        0xa ./Middlewares/ST/STM32_USB_Device_Library/Class/CDC/Src/usbd_cdc.o
 *fill*         0x000000002400001a        0x2 
 .data.USBD_CDC
                0x000000002400001c       0x38 ./Middlewares/ST/STM32_USB_Device_Library/Class/CDC/Src/usbd_cdc.o
                0x000000002400001c                USBD_CDC
 .data.USBD_CDC_CfgDesc
                0x0000000024000054       0x43 ./Middlewares/ST/STM32_USB_Device_Library/Class/CDC/Src/usbd_cdc.o
 .data.CDCInEpAdd
                0x0000000024000097        0x1 ./Middlewares/ST/STM32_USB_Device_Library/Class/CDC/Src/usbd_cdc.o
 .data.CDCOutEpAdd
                0x0000000024000098        0x1 ./Middlewares/ST/STM32_USB_Device_Library/Class/CDC/Src/usbd_cdc.o
 .data.CDCCmdEpAdd
                0x0000000024000099        0x1 ./Middlewares/ST/STM32_USB_Device_Library/Class/CDC/Src/usbd_cdc.o
 *fill*         0x000000002400009a        0x2 
 .data.USBD_Interface_fops_HS
                0x000000002400009c       0x14 ./USB_DEVICE/App/usbd_cdc_if.o
                0x000000002400009c                USBD_Interface_fops_HS
 .data.HS_Desc  0x00000000240000b0       0x1c ./USB_DEVICE/App/usbd_desc.o
                0x00000000240000b0                HS_Desc
 .data.USBD_HS_DeviceDesc
                0x00000000240000cc       0x12 ./USB_DEVICE/App/usbd_desc.o
                0x00000000240000cc                USBD_HS_DeviceDesc
 *fill*         0x00000000240000de        0x2 
 .data.USBD_LangIDDesc
                0x00000000240000e0        0x4 ./USB_DEVICE/App/usbd_desc.o
                0x00000000240000e0                USBD_LangIDDesc
 .data.USBD_StringSerial
                0x00000000240000e4       0x1a ./USB_DEVICE/App/usbd_desc.o
                0x00000000240000e4                USBD_StringSerial
 *fill*         0x00000000240000fe        0x2 
 .data._impure_ptr
                0x0000000024000100        0x4 c:/st/stm32cubeide_1.12.0/stm32cubeide/plugins/com.st.stm32cube.ide.mcu.externaltools.gnu-tools-for-stm32.10.3-2021.10.win32_1.0.200.202301161003/tools/bin/../lib/gcc/arm-none-eabi/10.3.1/../../../../arm-none-eabi/lib/thumb/v7e-m+dp/hard\libc_nano.a(lib_a-impure.o)
                0x0000000024000100                _impure_ptr
 .data.impure_data
                0x0000000024000104       0x60 c:/st/stm32cubeide_1.12.0/stm32cubeide/plugins/com.st.stm32cube.ide.mcu.externaltools.gnu-tools-for-stm32.10.3-2021.10.win32_1.0.200.202301161003/tools/bin/../lib/gcc/arm-none-eabi/10.3.1/../../../../arm-none-eabi/lib/thumb/v7e-m+dp/hard\libc_nano.a(lib_a-impure.o)
 *(.RamFunc)
 *(.RamFunc*)
                0x0000000024000164                . = ALIGN (0x4)
                0x0000000024000164                _edata = .

.igot.plt       0x0000000024000164        0x0 load address 0x00000000080148dc