../Core/Src/main.c:114:5:disarm	16	static
../Core/Src/main.c:137:5:arm	16	static
../Core/Src/main.c:150:6:multiplyQuat	40	static
../Core/Src/main.c:161:9:Baro2_Read_Register	24	static
../Core/Src/main.c:174:6:Baro2_Write_Register	16	static
../Core/Src/main.c:182:6:Baro2_Configure	16	static
../Core/Src/main.c:195:9:Baro2_Get_Pressure	16	static
../Core/Src/main.c:211:5:main	1632	static
../Core/Src/main.c:820:6:SystemClock_Config	120	static
../Core/Src/main.c:883:6:PeriphCommonClock_Config	192	static
../Core/Src/main.c:912:13:MX_ADC1_Init	56	static
../Core/Src/main.c:980:13:MX_ADC3_Init	48	static
../Core/Src/main.c:1042:13:MX_FDCAN3_Init	8	static
../Core/Src/main.c:1095:13:MX_I2C2_Init	8	static
../Core/Src/main.c:1143:13:MX_SDMMC2_SD_Init	4	static
../Core/Src/main.c:1170:13:MX_SPI1_Init	8	static
../Core/Src/main.c:1218:13:MX_SPI2_Init	8	static
../Core/Src/main.c:1266:13:MX_SPI3_Init	8	static
../Core/Src/main.c:1314:13:MX_TIM2_Init	48	static
../Core/Src/main.c:1363:13:MX_TIM3_Init	48	static
../Core/Src/main.c:1416:13:MX_TIM4_Init	48	static
../Core/Src/main.c:1477:13:MX_TIM5_Init	48	static
../Core/Src/main.c:1526:13:MX_TIM13_Init	8	static
../Core/Src/main.c:1557:13:MX_UART4_Init	8	static
../Core/Src/main.c:1605:13:MX_USART6_UART_Init	8	static
../Core/Src/main.c:1651:13:MX_DMA_Init	16	static
../Core/Src/main.c:1688:13:MX_GPIO_Init	64	static
../Core/Src/main.c:1821:6:HAL_I2C_MasterRxCpltCallback	16	static
../Core/Src/main.c:1825:6:HAL_ADC_ConvHalfCpltCallback	120	static
../Core/Src/main.c:1837:6:Error_Handler	4	static,ignoring_inline_asm
