../Core/Src/main.c:172:6:setServo	24	static
../Core/Src/main.c:194:6:setLEDs	64	static
../Core/Src/main.c:268:8:triangle_space	32	static
../Core/Src/main.c:286:10:rand_range	24	static
../Core/Src/main.c:301:9:LoRA_Read_Register	24	static
../Core/Src/main.c:313:6:LoRA_Write_Register	16	static
../Core/Src/main.c:323:6:LoRA_sleep	8	static
../Core/Src/main.c:327:6:LoRA_set_frequency	32	static
../Core/Src/main.c:335:6:LoRA_idle	8	static
../Core/Src/main.c:339:6:LoRA_setOCP	24	static
../Core/Src/main.c:351:6:LoRA_setTxPower	16	static
../Core/Src/main.c:376:6:LoRA_explicit_header_mode	8	static
../Core/Src/main.c:380:6:LoRA_begin	120	static
../Core/Src/main.c:404:6:LoRA_beginPacket	8	static
../Core/Src/main.c:411:6:LoRA_endPacket	8	static
../Core/Src/main.c:424:5:LoRA_parsePacket	16	static
../Core/Src/main.c:447:6:LoRA_sendPacket	288	static
../Core/Src/main.c:488:5:write_EEPROM	40	static
../Core/Src/main.c:501:9:read_EEPROM	40	static
../Core/Src/main.c:515:5:mount_SD	16	static
../Core/Src/main.c:520:5:disarm	16	static
../Core/Src/main.c:544:5:arm	16	static
../Core/Src/main.c:558:5:recv_packet	32	static
../Core/Src/main.c:581:6:reliable_send_packet	64	dynamic
../Core/Src/main.c:609:6:pyro_continuity_check	120	static
../Core/Src/main.c:637:5:usbReceiveHandle	24	static
../Core/Src/main.c:656:5:main	3112	static
../Core/Src/main.c:1205:6:SystemClock_Config	120	static
../Core/Src/main.c:1266:6:PeriphCommonClock_Config	192	static
../Core/Src/main.c:1295:13:MX_ADC1_Init	56	static
../Core/Src/main.c:1363:13:MX_ADC3_Init	48	static
../Core/Src/main.c:1425:13:MX_FDCAN3_Init	8	static
../Core/Src/main.c:1478:13:MX_I2C2_Init	8	static
../Core/Src/main.c:1526:13:MX_RNG_Init	8	static
../Core/Src/main.c:1553:13:MX_SDMMC2_SD_Init	4	static
../Core/Src/main.c:1580:13:MX_SPI1_Init	8	static
../Core/Src/main.c:1628:13:MX_SPI2_Init	8	static
../Core/Src/main.c:1676:13:MX_SPI3_Init	8	static
../Core/Src/main.c:1724:13:MX_TIM2_Init	48	static
../Core/Src/main.c:1773:13:MX_TIM3_Init	48	static
../Core/Src/main.c:1826:13:MX_TIM4_Init	48	static
../Core/Src/main.c:1887:13:MX_TIM5_Init	48	static
../Core/Src/main.c:1936:13:MX_TIM13_Init	8	static
../Core/Src/main.c:1967:13:MX_UART4_Init	8	static
../Core/Src/main.c:2015:13:MX_USART6_UART_Init	8	static
../Core/Src/main.c:2061:13:MX_DMA_Init	16	static
../Core/Src/main.c:2098:13:MX_GPIO_Init	56	static
../Core/Src/main.c:2230:6:HAL_ADC_ConvHalfCpltCallback	120	static
../Core/Src/main.c:2243:6:Error_Handler	4	static,ignoring_inline_asm
