../Core/Src/main.c:166:6:setServo	24	static
../Core/Src/main.c:188:6:setLEDs	64	static
../Core/Src/main.c:262:8:triangle_space	32	static
../Core/Src/main.c:282:9:LoRA_Read_Register	24	static
../Core/Src/main.c:294:6:LoRA_Write_Register	16	static
../Core/Src/main.c:304:6:LoRA_sleep	8	static
../Core/Src/main.c:308:6:LoRA_set_frequency	32	static
../Core/Src/main.c:316:6:LoRA_idle	8	static
../Core/Src/main.c:320:6:LoRA_setOCP	24	static
../Core/Src/main.c:332:6:LoRA_setTxPower	16	static
../Core/Src/main.c:357:6:LoRA_explicit_header_mode	8	static
../Core/Src/main.c:361:6:LoRA_begin	24	static
../Core/Src/main.c:383:6:LoRA_beginPacket	8	static
../Core/Src/main.c:390:6:LoRA_endPacket	16	static
../Core/Src/main.c:416:5:LoRA_parsePacket	16	static
../Core/Src/main.c:437:6:LoRA_sendPacket	24	static
../Core/Src/main.c:446:5:write_EEPROM	40	static
../Core/Src/main.c:459:9:read_EEPROM	40	static
../Core/Src/main.c:473:5:mount_SD	16	static
../Core/Src/main.c:478:5:disarm	16	static
../Core/Src/main.c:502:5:arm	16	static
../Core/Src/main.c:516:5:recv_packet	32	static
../Core/Src/main.c:535:6:reliable_send_packet	56	dynamic
../Core/Src/main.c:564:6:multiplyQuat	64	static
../Core/Src/main.c:576:8:dotProduct	16	static
../Core/Src/main.c:580:8:magnitude	16	static
../Core/Src/main.c:589:5:main	2456	static
../Core/Src/main.c:1287:6:SystemClock_Config	120	static
../Core/Src/main.c:1350:6:PeriphCommonClock_Config	192	static
../Core/Src/main.c:1379:13:MX_ADC1_Init	56	static
../Core/Src/main.c:1447:13:MX_ADC3_Init	48	static
../Core/Src/main.c:1509:13:MX_FDCAN3_Init	8	static
../Core/Src/main.c:1562:13:MX_I2C2_Init	8	static
../Core/Src/main.c:1610:13:MX_SDMMC2_SD_Init	4	static
../Core/Src/main.c:1637:13:MX_SPI1_Init	8	static
../Core/Src/main.c:1685:13:MX_SPI2_Init	8	static
../Core/Src/main.c:1733:13:MX_SPI3_Init	8	static
../Core/Src/main.c:1781:13:MX_TIM2_Init	48	static
../Core/Src/main.c:1830:13:MX_TIM3_Init	48	static
../Core/Src/main.c:1883:13:MX_TIM4_Init	48	static
../Core/Src/main.c:1944:13:MX_TIM5_Init	48	static
../Core/Src/main.c:1993:13:MX_TIM13_Init	8	static
../Core/Src/main.c:2024:13:MX_TIM14_Init	8	static
../Core/Src/main.c:2055:13:MX_UART4_Init	8	static
../Core/Src/main.c:2103:13:MX_USART6_UART_Init	8	static
../Core/Src/main.c:2149:13:MX_DMA_Init	16	static
../Core/Src/main.c:2186:13:MX_GPIO_Init	64	static
../Core/Src/main.c:2316:6:HAL_ADC_ConvHalfCpltCallback	120	static
../Core/Src/main.c:2329:6:Error_Handler	4	static,ignoring_inline_asm
