../Core/Src/main.c:161:6:setServo	24	static
../Core/Src/main.c:183:6:setLEDs	64	static
../Core/Src/main.c:257:8:triangle_space	32	static
../Core/Src/main.c:277:9:LoRA_Read_Register	24	static
../Core/Src/main.c:289:6:LoRA_Write_Register	16	static
../Core/Src/main.c:299:6:LoRA_sleep	8	static
../Core/Src/main.c:303:6:LoRA_set_frequency	32	static
../Core/Src/main.c:311:6:LoRA_idle	8	static
../Core/Src/main.c:315:6:LoRA_setOCP	24	static
../Core/Src/main.c:327:6:LoRA_setTxPower	16	static
../Core/Src/main.c:352:6:LoRA_explicit_header_mode	8	static
../Core/Src/main.c:356:6:LoRA_begin	120	static
../Core/Src/main.c:380:6:LoRA_beginPacket	8	static
../Core/Src/main.c:387:6:LoRA_endPacket	16	static
../Core/Src/main.c:413:5:LoRA_parsePacket	16	static
../Core/Src/main.c:434:6:LoRA_sendPacket	24	static
../Core/Src/main.c:443:5:write_EEPROM	40	static
../Core/Src/main.c:456:9:read_EEPROM	40	static
../Core/Src/main.c:470:5:mount_SD	16	static
../Core/Src/main.c:475:5:disarm	16	static
../Core/Src/main.c:499:5:arm	16	static
../Core/Src/main.c:513:5:recv_packet	32	static
../Core/Src/main.c:532:6:reliable_send_packet	56	dynamic
../Core/Src/main.c:562:5:main	1216	static
../Core/Src/main.c:1076:6:SystemClock_Config	120	static
../Core/Src/main.c:1139:6:PeriphCommonClock_Config	192	static
../Core/Src/main.c:1168:13:MX_ADC1_Init	56	static
../Core/Src/main.c:1236:13:MX_ADC3_Init	48	static
../Core/Src/main.c:1298:13:MX_FDCAN3_Init	8	static
../Core/Src/main.c:1351:13:MX_I2C2_Init	8	static
../Core/Src/main.c:1399:13:MX_SDMMC2_SD_Init	4	static
../Core/Src/main.c:1426:13:MX_SPI1_Init	8	static
../Core/Src/main.c:1474:13:MX_SPI2_Init	8	static
../Core/Src/main.c:1522:13:MX_SPI3_Init	8	static
../Core/Src/main.c:1570:13:MX_TIM2_Init	48	static
../Core/Src/main.c:1619:13:MX_TIM3_Init	48	static
../Core/Src/main.c:1672:13:MX_TIM4_Init	48	static
../Core/Src/main.c:1733:13:MX_TIM5_Init	48	static
../Core/Src/main.c:1782:13:MX_UART4_Init	8	static
../Core/Src/main.c:1830:13:MX_USART6_UART_Init	8	static
../Core/Src/main.c:1876:13:MX_DMA_Init	16	static
../Core/Src/main.c:1913:13:MX_GPIO_Init	64	static
../Core/Src/main.c:2043:6:HAL_ADC_ConvHalfCpltCallback	120	static
../Core/Src/main.c:2056:6:Error_Handler	4	static,ignoring_inline_asm
