../Core/Src/main.c:117:5:disarm	16	static
../Core/Src/main.c:138:5:arm	16	static
../Core/Src/main.c:149:6:multiplyQuat	40	static
../Core/Src/main.c:160:9:Baro2_Read_Register	24	static
../Core/Src/main.c:173:6:Baro2_Write_Register	16	static
../Core/Src/main.c:181:6:Baro2_Configure	16	static
../Core/Src/main.c:194:9:Baro2_Get_Pressure	16	static
../Core/Src/main.c:211:6:HAL_FDCAN_RxFifo0Callback	72	static
../Core/Src/main.c:240:5:main	1624	static
../Core/Src/main.c:930:6:SystemClock_Config	120	static
../Core/Src/main.c:990:6:PeriphCommonClock_Config	192	static
../Core/Src/main.c:1019:13:MX_ADC1_Init	56	static
../Core/Src/main.c:1087:13:MX_ADC3_Init	48	static
../Core/Src/main.c:1149:13:MX_FDCAN3_Init	8	static
../Core/Src/main.c:1202:13:MX_I2C2_Init	8	static
../Core/Src/main.c:1250:13:MX_SDMMC2_SD_Init	4	static
../Core/Src/main.c:1277:13:MX_SPI1_Init	8	static
../Core/Src/main.c:1325:13:MX_SPI2_Init	8	static
../Core/Src/main.c:1373:13:MX_SPI3_Init	8	static
../Core/Src/main.c:1421:13:MX_TIM2_Init	48	static
../Core/Src/main.c:1470:13:MX_TIM3_Init	48	static
../Core/Src/main.c:1523:13:MX_TIM4_Init	48	static
../Core/Src/main.c:1584:13:MX_TIM5_Init	48	static
../Core/Src/main.c:1633:13:MX_TIM13_Init	8	static
../Core/Src/main.c:1664:13:MX_UART4_Init	8	static
../Core/Src/main.c:1712:13:MX_USART6_UART_Init	8	static
../Core/Src/main.c:1758:13:MX_DMA_Init	16	static
../Core/Src/main.c:1795:13:MX_GPIO_Init	56	static
../Core/Src/main.c:1919:6:HAL_I2C_MasterRxCpltCallback	16	static
../Core/Src/main.c:1923:6:HAL_ADC_ConvHalfCpltCallback	120	static
../Core/Src/main.c:1935:6:Error_Handler	4	static,ignoring_inline_asm
