../Core/Src/main.c:184:6:setServo	24	static
../Core/Src/main.c:206:6:setLEDs	64	static
../Core/Src/main.c:280:8:triangle_space	32	static
../Core/Src/main.c:298:5:write_EEPROM	40	static
../Core/Src/main.c:311:9:read_EEPROM	40	static
../Core/Src/main.c:325:5:mount_SD	16	static
../Core/Src/main.c:330:5:disarm	16	static
../Core/Src/main.c:354:5:arm	16	static
../Core/Src/main.c:368:6:pyro_continuity_check	120	static
../Core/Src/main.c:402:5:main	984	static
../Core/Src/main.c:541:6:SystemClock_Config	120	static
../Core/Src/main.c:602:6:PeriphCommonClock_Config	192	static
../Core/Src/main.c:631:13:MX_ADC1_Init	56	static
../Core/Src/main.c:699:13:MX_ADC3_Init	48	static
../Core/Src/main.c:761:13:MX_FDCAN3_Init	8	static
../Core/Src/main.c:814:13:MX_I2C2_Init	8	static
../Core/Src/main.c:864:13:MX_SDMMC2_SD_Init	4	static
../Core/Src/main.c:891:13:MX_SPI1_Init	8	static
../Core/Src/main.c:939:13:MX_SPI2_Init	8	static
../Core/Src/main.c:987:13:MX_SPI3_Init	8	static
../Core/Src/main.c:1035:13:MX_TIM2_Init	48	static
../Core/Src/main.c:1084:13:MX_TIM3_Init	48	static
../Core/Src/main.c:1137:13:MX_TIM4_Init	48	static
../Core/Src/main.c:1198:13:MX_TIM5_Init	48	static
../Core/Src/main.c:1247:13:MX_TIM13_Init	8	static
../Core/Src/main.c:1278:13:MX_UART4_Init	8	static
../Core/Src/main.c:1326:13:MX_USART6_UART_Init	8	static
../Core/Src/main.c:1372:13:MX_DMA_Init	16	static
../Core/Src/main.c:1409:13:MX_GPIO_Init	56	static
../Core/Src/main.c:1541:6:HAL_ADC_ConvHalfCpltCallback	120	static
../Core/Src/main.c:1554:6:Error_Handler	4	static,ignoring_inline_asm
