../Core/Src/main.c:120:9:Baro2_Read_Register	24	static
../Core/Src/main.c:133:6:Baro2_Write_Register	16	static
../Core/Src/main.c:141:6:Baro2_Configure	16	static
../Core/Src/main.c:154:9:Baro2_Get_Pressure	16	static
../Core/Src/main.c:165:5:mount_SD	16	static
../Core/Src/main.c:183:5:main	4272	static
../Core/Src/main.c:371:6:SystemClock_Config	120	static
../Core/Src/main.c:432:6:PeriphCommonClock_Config	192	static
../Core/Src/main.c:461:13:MX_ADC1_Init	56	static
../Core/Src/main.c:529:13:MX_ADC3_Init	48	static
../Core/Src/main.c:591:13:MX_FDCAN3_Init	8	static
../Core/Src/main.c:644:13:MX_I2C2_Init	8	static
../Core/Src/main.c:692:13:MX_SDMMC2_SD_Init	4	static
../Core/Src/main.c:719:13:MX_SPI1_Init	8	static
../Core/Src/main.c:767:13:MX_SPI2_Init	8	static
../Core/Src/main.c:815:13:MX_SPI3_Init	8	static
../Core/Src/main.c:863:13:MX_TIM2_Init	48	static
../Core/Src/main.c:912:13:MX_TIM3_Init	48	static
../Core/Src/main.c:965:13:MX_TIM4_Init	48	static
../Core/Src/main.c:1026:13:MX_TIM5_Init	48	static
../Core/Src/main.c:1075:13:MX_TIM13_Init	8	static
../Core/Src/main.c:1106:13:MX_TIM14_Init	8	static
../Core/Src/main.c:1137:13:MX_UART4_Init	8	static
../Core/Src/main.c:1185:13:MX_USART6_UART_Init	8	static
../Core/Src/main.c:1231:13:MX_DMA_Init	16	static
../Core/Src/main.c:1268:13:MX_GPIO_Init	56	static
../Core/Src/main.c:1397:6:HAL_I2C_MasterRxCpltCallback	16	static
../Core/Src/main.c:1401:6:HAL_ADC_ConvHalfCpltCallback	416	static
../Core/Src/main.c:1413:6:Error_Handler	4	static,ignoring_inline_asm
