../Core/Src/main.c:183:6:setServo	24	static
../Core/Src/main.c:205:6:setLEDs	64	static
../Core/Src/main.c:279:8:triangle_space	32	static
../Core/Src/main.c:299:9:LoRA_Read_Register	24	static
../Core/Src/main.c:311:6:LoRA_Write_Register	16	static
../Core/Src/main.c:321:6:LoRA_sleep	8	static
../Core/Src/main.c:325:6:LoRA_set_frequency	32	static
../Core/Src/main.c:333:6:LoRA_idle	8	static
../Core/Src/main.c:337:6:LoRA_setOCP	24	static
../Core/Src/main.c:349:6:LoRA_setTxPower	16	static
../Core/Src/main.c:374:6:LoRA_explicit_header_mode	8	static
../Core/Src/main.c:378:6:LoRA_begin	120	static
../Core/Src/main.c:402:6:LoRA_beginPacket	8	static
../Core/Src/main.c:409:6:LoRA_endPacket	8	static
../Core/Src/main.c:421:5:LoRA_parsePacket	16	static
../Core/Src/main.c:442:6:LoRA_sendPacket	24	static
../Core/Src/main.c:451:5:write_EEPROM	40	static
../Core/Src/main.c:464:9:read_EEPROM	40	static
../Core/Src/main.c:478:5:mount_SD	16	static
../Core/Src/main.c:492:6:matr_Mult	48	static
../Core/Src/main.c:508:8:create_matrix	40	static
../Core/Src/main.c:517:6:axis_angle_rot	40	static
../Core/Src/main.c:536:6:normalize	32	static
../Core/Src/main.c:550:6:assign_data	24	static
../Core/Src/main.c:557:6:rotate	344	static
../Core/Src/main.c:597:5:main	1160	static
../Core/Src/main.c:1052:6:SystemClock_Config	120	static
../Core/Src/main.c:1115:6:PeriphCommonClock_Config	192	static
../Core/Src/main.c:1144:13:MX_ADC1_Init	56	static
../Core/Src/main.c:1212:13:MX_ADC3_Init	48	static
../Core/Src/main.c:1274:13:MX_FDCAN3_Init	8	static
../Core/Src/main.c:1327:13:MX_I2C2_Init	8	static
../Core/Src/main.c:1375:13:MX_SDMMC2_SD_Init	4	static
../Core/Src/main.c:1402:13:MX_SPI1_Init	8	static
../Core/Src/main.c:1450:13:MX_SPI2_Init	8	static
../Core/Src/main.c:1498:13:MX_SPI3_Init	8	static
../Core/Src/main.c:1546:13:MX_TIM2_Init	48	static
../Core/Src/main.c:1595:13:MX_TIM3_Init	48	static
../Core/Src/main.c:1648:13:MX_TIM4_Init	48	static
../Core/Src/main.c:1709:13:MX_TIM5_Init	48	static
../Core/Src/main.c:1758:13:MX_UART4_Init	8	static
../Core/Src/main.c:1806:13:MX_USART6_UART_Init	8	static
../Core/Src/main.c:1852:13:MX_DMA_Init	16	static
../Core/Src/main.c:1889:13:MX_GPIO_Init	64	static
../Core/Src/main.c:2019:6:HAL_ADC_ConvHalfCpltCallback	120	static
../Core/Src/main.c:2032:6:Error_Handler	4	static,ignoring_inline_asm
