../Core/Src/main.c:148:6:setLEDs	64	static
../Core/Src/main.c:283:6:HAL_TIM_PWM_PulseFinishedCallback	16	static
../Core/Src/main.c:300:8:triangle_space	32	static
../Core/Src/main.c:318:5:main	80	static
../Core/Src/main.c:396:6:SystemClock_Config	120	static
../Core/Src/main.c:459:6:PeriphCommonClock_Config	192	static
../Core/Src/main.c:488:13:MX_ADC1_Init	56	static
../Core/Src/main.c:556:13:MX_ADC3_Init	48	static
../Core/Src/main.c:618:13:MX_FDCAN3_Init	8	static
../Core/Src/main.c:671:13:MX_I2C2_Init	8	static
../Core/Src/main.c:719:13:MX_SPI1_Init	8	static
../Core/Src/main.c:767:13:MX_SPI2_Init	8	static
../Core/Src/main.c:815:13:MX_SPI3_Init	8	static
../Core/Src/main.c:863:13:MX_TIM2_Init	48	static
../Core/Src/main.c:912:13:MX_TIM3_Init	48	static
../Core/Src/main.c:965:13:MX_TIM4_Init	48	static
../Core/Src/main.c:1014:13:MX_TIM5_Init	48	static
../Core/Src/main.c:1063:13:MX_UART4_Init	8	static
../Core/Src/main.c:1111:13:MX_USART6_UART_Init	8	static
../Core/Src/main.c:1159:13:MX_USB_OTG_HS_PCD_Init	8	static
../Core/Src/main.c:1193:13:MX_DMA_Init	16	static
../Core/Src/main.c:1223:13:MX_GPIO_Init	64	static
../Core/Src/main.c:1297:6:Error_Handler	4	static,ignoring_inline_asm
