../Core/Src/main.c:161:6:setServo	24	static
../Core/Src/main.c:183:6:setLEDs	64	static
../Core/Src/main.c:257:8:triangle_space	32	static
../Core/Src/main.c:277:9:LoRA_Read_Register	24	static
../Core/Src/main.c:289:6:LoRA_Write_Register	16	static
../Core/Src/main.c:299:6:LoRA_sleep	8	static
../Core/Src/main.c:303:6:LoRA_set_frequency	32	static
../Core/Src/main.c:311:6:LoRA_idle	8	static
../Core/Src/main.c:315:6:LoRA_setOCP	24	static
../Core/Src/main.c:327:6:LoRA_setTxPower	16	static
../Core/Src/main.c:352:6:LoRA_explicit_header_mode	8	static
../Core/Src/main.c:356:6:LoRA_begin	16	static
../Core/Src/main.c:375:6:LoRA_beginPacket	8	static
../Core/Src/main.c:382:6:LoRA_endPacket	8	static
../Core/Src/main.c:394:5:LoRA_parsePacket	16	static
../Core/Src/main.c:415:6:LoRA_sendPacket	24	static
../Core/Src/main.c:424:5:write_EEPROM	40	static
../Core/Src/main.c:437:9:read_EEPROM	40	static
../Core/Src/main.c:451:5:mount_SD	16	static
../Core/Src/main.c:462:5:main	968	static
../Core/Src/main.c:833:6:SystemClock_Config	120	static
../Core/Src/main.c:896:6:PeriphCommonClock_Config	192	static
../Core/Src/main.c:925:13:MX_ADC1_Init	56	static
../Core/Src/main.c:993:13:MX_ADC3_Init	48	static
../Core/Src/main.c:1055:13:MX_FDCAN3_Init	8	static
../Core/Src/main.c:1108:13:MX_I2C2_Init	8	static
../Core/Src/main.c:1156:13:MX_SDMMC2_SD_Init	4	static
../Core/Src/main.c:1183:13:MX_SPI1_Init	8	static
../Core/Src/main.c:1231:13:MX_SPI2_Init	8	static
../Core/Src/main.c:1279:13:MX_SPI3_Init	8	static
../Core/Src/main.c:1327:13:MX_TIM2_Init	48	static
../Core/Src/main.c:1376:13:MX_TIM3_Init	48	static
../Core/Src/main.c:1429:13:MX_TIM4_Init	48	static
../Core/Src/main.c:1490:13:MX_TIM5_Init	48	static
../Core/Src/main.c:1539:13:MX_UART4_Init	8	static
../Core/Src/main.c:1587:13:MX_USART6_UART_Init	8	static
../Core/Src/main.c:1633:13:MX_DMA_Init	16	static
../Core/Src/main.c:1670:13:MX_GPIO_Init	64	static
../Core/Src/main.c:1800:6:HAL_ADC_ConvHalfCpltCallback	120	static
../Core/Src/main.c:1813:6:Error_Handler	4	static,ignoring_inline_asm
