../Core/Src/main.c:146:6:setLEDs	64	static
../Core/Src/main.c:281:6:HAL_TIM_PWM_PulseFinishedCallback	16	static
../Core/Src/main.c:293:8:triangle_space	32	static
../Core/Src/main.c:311:9:LG2_Read_Register	24	static
../Core/Src/main.c:324:6:LG2_Write_Register	16	static
../Core/Src/main.c:332:7:LG2_Get_Gyro_X	16	static
../Core/Src/main.c:341:7:LG2_Get_Gyro_Y	16	static
../Core/Src/main.c:350:7:LG2_Get_Gyro_Z	16	static
../Core/Src/main.c:359:9:LG2_Get_Acc_X	16	static
../Core/Src/main.c:366:9:LG2_Get_Acc_Y	16	static
../Core/Src/main.c:373:9:LG2_Get_Acc_Z	16	static
../Core/Src/main.c:385:5:main	512	static
../Core/Src/main.c:490:6:SystemClock_Config	120	static
../Core/Src/main.c:553:6:PeriphCommonClock_Config	192	static
../Core/Src/main.c:582:13:MX_ADC1_Init	56	static
../Core/Src/main.c:650:13:MX_ADC3_Init	48	static
../Core/Src/main.c:712:13:MX_FDCAN3_Init	8	static
../Core/Src/main.c:765:13:MX_I2C2_Init	8	static
../Core/Src/main.c:813:13:MX_SPI1_Init	8	static
../Core/Src/main.c:861:13:MX_SPI2_Init	8	static
../Core/Src/main.c:909:13:MX_SPI3_Init	8	static
../Core/Src/main.c:957:13:MX_TIM2_Init	48	static
../Core/Src/main.c:1006:13:MX_TIM3_Init	48	static
../Core/Src/main.c:1059:13:MX_TIM4_Init	48	static
../Core/Src/main.c:1108:13:MX_TIM5_Init	48	static
../Core/Src/main.c:1157:13:MX_UART4_Init	8	static
../Core/Src/main.c:1205:13:MX_USART6_UART_Init	8	static
../Core/Src/main.c:1251:13:MX_DMA_Init	16	static
../Core/Src/main.c:1281:13:MX_GPIO_Init	64	static
../Core/Src/main.c:1381:6:Error_Handler	4	static,ignoring_inline_asm
