../Core/Src/main.c:184:6:setServo	24	static
../Core/Src/main.c:206:6:setLEDs	64	static
../Core/Src/main.c:280:8:triangle_space	32	static
../Core/Src/main.c:491:5:write_EEPROM	40	static
../Core/Src/main.c:504:9:read_EEPROM	40	static
../Core/Src/main.c:518:5:mount_SD	16	static
../Core/Src/main.c:523:5:disarm	16	static
../Core/Src/main.c:547:5:arm	16	static
../Core/Src/main.c:610:6:pyro_continuity_check	120	static
../Core/Src/main.c:853:5:main	1000	static
../Core/Src/main.c:1259:6:SystemClock_Config	120	static
../Core/Src/main.c:1320:6:PeriphCommonClock_Config	192	static
../Core/Src/main.c:1349:13:MX_ADC1_Init	56	static
../Core/Src/main.c:1417:13:MX_ADC3_Init	48	static
../Core/Src/main.c:1479:13:MX_FDCAN3_Init	8	static
../Core/Src/main.c:1532:13:MX_I2C2_Init	8	static
../Core/Src/main.c:1582:13:MX_SDMMC2_SD_Init	4	static
../Core/Src/main.c:1609:13:MX_SPI1_Init	8	static
../Core/Src/main.c:1657:13:MX_SPI2_Init	8	static
../Core/Src/main.c:1705:13:MX_SPI3_Init	8	static
../Core/Src/main.c:1753:13:MX_TIM2_Init	48	static
../Core/Src/main.c:1802:13:MX_TIM3_Init	48	static
../Core/Src/main.c:1855:13:MX_TIM4_Init	48	static
../Core/Src/main.c:1916:13:MX_TIM5_Init	48	static
../Core/Src/main.c:1965:13:MX_TIM13_Init	8	static
../Core/Src/main.c:1996:13:MX_UART4_Init	8	static
../Core/Src/main.c:2044:13:MX_USART6_UART_Init	8	static
../Core/Src/main.c:2090:13:MX_DMA_Init	16	static
../Core/Src/main.c:2127:13:MX_GPIO_Init	56	static
../Core/Src/main.c:2259:6:HAL_ADC_ConvHalfCpltCallback	120	static
../Core/Src/main.c:2272:6:Error_Handler	4	static,ignoring_inline_asm
