../Core/Src/main.c:161:6:setServo	24	static
../Core/Src/main.c:183:6:setLEDs	64	static
../Core/Src/main.c:257:8:triangle_space	32	static
../Core/Src/main.c:277:9:LoRA_Read_Register	24	static
../Core/Src/main.c:289:6:LoRA_Write_Register	16	static
../Core/Src/main.c:299:6:LoRA_sleep	8	static
../Core/Src/main.c:303:6:LoRA_set_frequency	32	static
../Core/Src/main.c:311:6:LoRA_idle	8	static
../Core/Src/main.c:315:6:LoRA_setOCP	24	static
../Core/Src/main.c:327:6:LoRA_setTxPower	16	static
../Core/Src/main.c:352:6:LoRA_explicit_header_mode	8	static
../Core/Src/main.c:356:6:LoRA_begin	16	static
../Core/Src/main.c:375:6:LoRA_beginPacket	8	static
../Core/Src/main.c:382:6:LoRA_endPacket	8	static
../Core/Src/main.c:394:5:LoRA_parsePacket	16	static
../Core/Src/main.c:415:6:LoRA_sendPacket	24	static
../Core/Src/main.c:424:5:write_EEPROM	40	static
../Core/Src/main.c:437:9:read_EEPROM	40	static
../Core/Src/main.c:451:5:mount_SD	16	static
../Core/Src/main.c:462:5:main	1048	static
../Core/Src/main.c:748:6:SystemClock_Config	120	static
../Core/Src/main.c:811:6:PeriphCommonClock_Config	192	static
../Core/Src/main.c:840:13:MX_ADC1_Init	56	static
../Core/Src/main.c:908:13:MX_ADC3_Init	48	static
../Core/Src/main.c:970:13:MX_FDCAN3_Init	8	static
../Core/Src/main.c:1023:13:MX_I2C2_Init	8	static
../Core/Src/main.c:1071:13:MX_SDMMC2_SD_Init	4	static
../Core/Src/main.c:1098:13:MX_SPI1_Init	8	static
../Core/Src/main.c:1146:13:MX_SPI2_Init	8	static
../Core/Src/main.c:1194:13:MX_SPI3_Init	8	static
../Core/Src/main.c:1242:13:MX_TIM2_Init	48	static
../Core/Src/main.c:1291:13:MX_TIM3_Init	48	static
../Core/Src/main.c:1344:13:MX_TIM4_Init	48	static
../Core/Src/main.c:1405:13:MX_TIM5_Init	48	static
../Core/Src/main.c:1454:13:MX_UART4_Init	8	static
../Core/Src/main.c:1502:13:MX_USART6_UART_Init	8	static
../Core/Src/main.c:1548:13:MX_DMA_Init	16	static
../Core/Src/main.c:1585:13:MX_GPIO_Init	64	static
../Core/Src/main.c:1705:6:HAL_ADC_ConvHalfCpltCallback	120	static
../Core/Src/main.c:1718:6:Error_Handler	4	static,ignoring_inline_asm
