../Core/Src/main.c:161:6:setServo	24	static
../Core/Src/main.c:183:6:setLEDs	64	static
../Core/Src/main.c:273:8:triangle_space	32	static
../Core/Src/main.c:285:5:write_EEPROM	40	static
../Core/Src/main.c:300:9:read_EEPROM	40	static
../Core/Src/main.c:313:5:mount_SD	16	static
../Core/Src/main.c:318:5:disarm	16	static
../Core/Src/main.c:341:5:arm	16	static
../Core/Src/main.c:353:5:recv_packet	24	static
../Core/Src/main.c:370:6:reliable_send_packet	56	dynamic
../Core/Src/main.c:391:6:multiplyQuat	40	static
../Core/Src/main.c:408:5:main	1104	static
../Core/Src/main.c:1023:6:SystemClock_Config	120	static
../Core/Src/main.c:1087:6:PeriphCommonClock_Config	192	static
../Core/Src/main.c:1114:13:MX_ADC1_Init	56	static
../Core/Src/main.c:1178:13:MX_ADC3_Init	48	static
../Core/Src/main.c:1237:13:MX_FDCAN3_Init	8	static
../Core/Src/main.c:1288:13:MX_I2C2_Init	8	static
../Core/Src/main.c:1333:13:MX_SDMMC2_SD_Init	4	static
../Core/Src/main.c:1359:13:MX_SPI1_Init	8	static
../Core/Src/main.c:1408:13:MX_SPI2_Init	8	static
../Core/Src/main.c:1457:13:MX_SPI3_Init	8	static
../Core/Src/main.c:1506:13:MX_TIM2_Init	48	static
../Core/Src/main.c:1553:13:MX_TIM3_Init	48	static
../Core/Src/main.c:1604:13:MX_TIM4_Init	48	static
../Core/Src/main.c:1663:13:MX_TIM5_Init	48	static
../Core/Src/main.c:1710:13:MX_TIM13_Init	8	static
../Core/Src/main.c:1739:13:MX_UART4_Init	8	static
../Core/Src/main.c:1784:13:MX_USART6_UART_Init	8	static
../Core/Src/main.c:1827:13:MX_DMA_Init	16	static
../Core/Src/main.c:1863:13:MX_GPIO_Init	56	static
../Core/Src/main.c:1994:6:HAL_I2C_MasterRxCpltCallback	16	static
../Core/Src/main.c:1998:6:HAL_ADC_ConvHalfCpltCallback	120	static
../Core/Src/main.c:2010:6:Error_Handler	4	static,ignoring_inline_asm
