../Core/Src/main.c:165:6:setServo	24	static
../Core/Src/main.c:187:6:setLEDs	64	static
../Core/Src/main.c:261:8:triangle_space	32	static
../Core/Src/main.c:281:9:LoRA_Read_Register	24	static
../Core/Src/main.c:293:6:LoRA_Write_Register	16	static
../Core/Src/main.c:303:6:LoRA_sleep	8	static
../Core/Src/main.c:307:6:LoRA_set_frequency	32	static
../Core/Src/main.c:315:6:LoRA_idle	8	static
../Core/Src/main.c:319:6:LoRA_setOCP	24	static
../Core/Src/main.c:331:6:LoRA_setTxPower	16	static
../Core/Src/main.c:356:6:LoRA_explicit_header_mode	8	static
../Core/Src/main.c:360:6:LoRA_begin	120	static
../Core/Src/main.c:384:6:LoRA_beginPacket	8	static
../Core/Src/main.c:391:6:LoRA_endPacket	16	static
../Core/Src/main.c:417:5:LoRA_parsePacket	16	static
../Core/Src/main.c:438:6:LoRA_sendPacket	24	static
../Core/Src/main.c:447:5:write_EEPROM	40	static
../Core/Src/main.c:460:9:read_EEPROM	40	static
../Core/Src/main.c:474:5:mount_SD	16	static
../Core/Src/main.c:479:5:disarm	16	static
../Core/Src/main.c:503:5:arm	16	static
../Core/Src/main.c:517:5:recv_packet	32	static
../Core/Src/main.c:536:6:reliable_send_packet	56	dynamic
../Core/Src/main.c:561:6:pyro_continuity_check	120	static
../Core/Src/main.c:589:5:usbReceiveHandle	24	static
../Core/Src/main.c:607:5:main	1688	static
../Core/Src/main.c:1065:6:SystemClock_Config	120	static
../Core/Src/main.c:1128:6:PeriphCommonClock_Config	192	static
../Core/Src/main.c:1157:13:MX_ADC1_Init	56	static
../Core/Src/main.c:1225:13:MX_ADC3_Init	48	static
../Core/Src/main.c:1287:13:MX_FDCAN3_Init	8	static
../Core/Src/main.c:1340:13:MX_I2C2_Init	8	static
../Core/Src/main.c:1388:13:MX_SDMMC2_SD_Init	4	static
../Core/Src/main.c:1415:13:MX_SPI1_Init	8	static
../Core/Src/main.c:1463:13:MX_SPI2_Init	8	static
../Core/Src/main.c:1511:13:MX_SPI3_Init	8	static
../Core/Src/main.c:1559:13:MX_TIM2_Init	48	static
../Core/Src/main.c:1608:13:MX_TIM3_Init	48	static
../Core/Src/main.c:1661:13:MX_TIM4_Init	48	static
../Core/Src/main.c:1722:13:MX_TIM5_Init	48	static
../Core/Src/main.c:1771:13:MX_UART4_Init	8	static
../Core/Src/main.c:1819:13:MX_USART6_UART_Init	8	static
../Core/Src/main.c:1865:13:MX_DMA_Init	16	static
../Core/Src/main.c:1902:13:MX_GPIO_Init	64	static
../Core/Src/main.c:2032:6:HAL_ADC_ConvHalfCpltCallback	120	static
../Core/Src/main.c:2045:6:Error_Handler	4	static,ignoring_inline_asm
