../Core/Src/stm32h7xx_hal_msp.c:78:6:HAL_MspInit	16	static
../Core/Src/stm32h7xx_hal_msp.c:99:6:HAL_ADC_MspInit	56	static
../Core/Src/stm32h7xx_hal_msp.c:188:6:HAL_ADC_MspDeInit	16	static
../Core/Src/stm32h7xx_hal_msp.c:232:6:HAL_FDCAN_MspInit	232	static
../Core/Src/stm32h7xx_hal_msp.c:279:6:HAL_FDCAN_MspDeInit	16	static
../Core/Src/stm32h7xx_hal_msp.c:308:6:HAL_I2C_MspInit	232	static
../Core/Src/stm32h7xx_hal_msp.c:357:6:HAL_I2C_MspDeInit	16	static
../Core/Src/stm32h7xx_hal_msp.c:390:6:HAL_SD_MspInit	240	static
../Core/Src/stm32h7xx_hal_msp.c:473:6:HAL_SD_MspDeInit	16	static
../Core/Src/stm32h7xx_hal_msp.c:510:6:HAL_SPI_MspInit	64	static
../Core/Src/stm32h7xx_hal_msp.c:597:6:HAL_SPI_MspDeInit	16	static
../Core/Src/stm32h7xx_hal_msp.c:665:6:HAL_TIM_PWM_MspInit	56	static
../Core/Src/stm32h7xx_hal_msp.c:833:6:HAL_TIM_Base_MspInit	24	static
../Core/Src/stm32h7xx_hal_msp.c:860:6:HAL_TIM_MspPostInit	56	static
../Core/Src/stm32h7xx_hal_msp.c:965:6:HAL_TIM_PWM_MspDeInit	16	static
../Core/Src/stm32h7xx_hal_msp.c:1044:6:HAL_TIM_Base_MspDeInit	16	static
../Core/Src/stm32h7xx_hal_msp.c:1077:6:HAL_UART_MspInit	240	static
../Core/Src/stm32h7xx_hal_msp.c:1158:6:HAL_UART_MspDeInit	16	static
