Archive member included to satisfy reference by file (symbol)

/nix/store/9w2nhnv8b84a8yg8jsii47ikl60bz16p-gcc-arm-embedded-9.3.1/bin/../lib/gcc/arm-none-eabi/9.3.1/../../../../arm-none-eabi/lib/thumb/v7e-m+dp/hard/libc_nano.a(lib_a-errno.o)
                              build/sysmem.o (__errno)
/nix/store/9w2nhnv8b84a8yg8jsii47ikl60bz16p-gcc-arm-embedded-9.3.1/bin/../lib/gcc/arm-none-eabi/9.3.1/../../../../arm-none-eabi/lib/thumb/v7e-m+dp/hard/libc_nano.a(lib_a-exit.o)
                              /nix/store/9w2nhnv8b84a8yg8jsii47ikl60bz16p-gcc-arm-embedded-9.3.1/bin/../lib/gcc/arm-none-eabi/9.3.1/../../../../arm-none-eabi/lib/thumb/v7e-m+dp/hard/crt0.o (exit)
/nix/store/9w2nhnv8b84a8yg8jsii47ikl60bz16p-gcc-arm-embedded-9.3.1/bin/../lib/gcc/arm-none-eabi/9.3.1/../../../../arm-none-eabi/lib/thumb/v7e-m+dp/hard/libc_nano.a(lib_a-impure.o)
                              /nix/store/9w2nhnv8b84a8yg8jsii47ikl60bz16p-gcc-arm-embedded-9.3.1/bin/../lib/gcc/arm-none-eabi/9.3.1/../../../../arm-none-eabi/lib/thumb/v7e-m+dp/hard/libc_nano.a(lib_a-exit.o) (_global_impure_ptr)
/nix/store/9w2nhnv8b84a8yg8jsii47ikl60bz16p-gcc-arm-embedded-9.3.1/bin/../lib/gcc/arm-none-eabi/9.3.1/../../../../arm-none-eabi/lib/thumb/v7e-m+dp/hard/libc_nano.a(lib_a-init.o)
                              /nix/store/9w2nhnv8b84a8yg8jsii47ikl60bz16p-gcc-arm-embedded-9.3.1/bin/../lib/gcc/arm-none-eabi/9.3.1/../../../../arm-none-eabi/lib/thumb/v7e-m+dp/hard/crt0.o (__libc_init_array)
/nix/store/9w2nhnv8b84a8yg8jsii47ikl60bz16p-gcc-arm-embedded-9.3.1/bin/../lib/gcc/arm-none-eabi/9.3.1/../../../../arm-none-eabi/lib/thumb/v7e-m+dp/hard/libc_nano.a(lib_a-memcpy-stub.o)
                              build/stm32h7xx_hal_fdcan.o (memcpy)
/nix/store/9w2nhnv8b84a8yg8jsii47ikl60bz16p-gcc-arm-embedded-9.3.1/bin/../lib/gcc/arm-none-eabi/9.3.1/../../../../arm-none-eabi/lib/thumb/v7e-m+dp/hard/libc_nano.a(lib_a-memset.o)
                              /nix/store/9w2nhnv8b84a8yg8jsii47ikl60bz16p-gcc-arm-embedded-9.3.1/bin/../lib/gcc/arm-none-eabi/9.3.1/../../../../arm-none-eabi/lib/thumb/v7e-m+dp/hard/crt0.o (memset)
/nix/store/9w2nhnv8b84a8yg8jsii47ikl60bz16p-gcc-arm-embedded-9.3.1/bin/../lib/gcc/arm-none-eabi/9.3.1/../../../../arm-none-eabi/lib/thumb/v7e-m+dp/hard/libc_nano.a(lib_a-sprintf.o)
                              build/AvioNEXT.o (sprintf)
/nix/store/9w2nhnv8b84a8yg8jsii47ikl60bz16p-gcc-arm-embedded-9.3.1/bin/../lib/gcc/arm-none-eabi/9.3.1/../../../../arm-none-eabi/lib/thumb/v7e-m+dp/hard/libc_nano.a(lib_a-strcmp.o)
                              build/StatusDisplay.o (strcmp)
/nix/store/9w2nhnv8b84a8yg8jsii47ikl60bz16p-gcc-arm-embedded-9.3.1/bin/../lib/gcc/arm-none-eabi/9.3.1/../../../../arm-none-eabi/lib/thumb/v7e-m+dp/hard/libc_nano.a(lib_a-strlen.o)
                              build/main.o (strlen)
/nix/store/9w2nhnv8b84a8yg8jsii47ikl60bz16p-gcc-arm-embedded-9.3.1/bin/../lib/gcc/arm-none-eabi/9.3.1/../../../../arm-none-eabi/lib/thumb/v7e-m+dp/hard/libc_nano.a(lib_a-nano-svfprintf.o)
                              /nix/store/9w2nhnv8b84a8yg8jsii47ikl60bz16p-gcc-arm-embedded-9.3.1/bin/../lib/gcc/arm-none-eabi/9.3.1/../../../../arm-none-eabi/lib/thumb/v7e-m+dp/hard/libc_nano.a(lib_a-sprintf.o) (_svfprintf_r)
/nix/store/9w2nhnv8b84a8yg8jsii47ikl60bz16p-gcc-arm-embedded-9.3.1/bin/../lib/gcc/arm-none-eabi/9.3.1/../../../../arm-none-eabi/lib/thumb/v7e-m+dp/hard/libc_nano.a(lib_a-nano-vfprintf_i.o)
                              /nix/store/9w2nhnv8b84a8yg8jsii47ikl60bz16p-gcc-arm-embedded-9.3.1/bin/../lib/gcc/arm-none-eabi/9.3.1/../../../../arm-none-eabi/lib/thumb/v7e-m+dp/hard/libc_nano.a(lib_a-nano-svfprintf.o) (_printf_i)
/nix/store/9w2nhnv8b84a8yg8jsii47ikl60bz16p-gcc-arm-embedded-9.3.1/bin/../lib/gcc/arm-none-eabi/9.3.1/../../../../arm-none-eabi/lib/thumb/v7e-m+dp/hard/libc_nano.a(lib_a-memchr.o)
                              /nix/store/9w2nhnv8b84a8yg8jsii47ikl60bz16p-gcc-arm-embedded-9.3.1/bin/../lib/gcc/arm-none-eabi/9.3.1/../../../../arm-none-eabi/lib/thumb/v7e-m+dp/hard/libc_nano.a(lib_a-nano-svfprintf.o) (memchr)
/nix/store/9w2nhnv8b84a8yg8jsii47ikl60bz16p-gcc-arm-embedded-9.3.1/bin/../lib/gcc/arm-none-eabi/9.3.1/../../../../arm-none-eabi/lib/thumb/v7e-m+dp/hard/libc_nano.a(lib_a-memmove.o)
                              /nix/store/9w2nhnv8b84a8yg8jsii47ikl60bz16p-gcc-arm-embedded-9.3.1/bin/../lib/gcc/arm-none-eabi/9.3.1/../../../../arm-none-eabi/lib/thumb/v7e-m+dp/hard/libc_nano.a(lib_a-nano-svfprintf.o) (memmove)
/nix/store/9w2nhnv8b84a8yg8jsii47ikl60bz16p-gcc-arm-embedded-9.3.1/bin/../lib/gcc/arm-none-eabi/9.3.1/../../../../arm-none-eabi/lib/thumb/v7e-m+dp/hard/libc_nano.a(lib_a-nano-freer.o)
                              /nix/store/9w2nhnv8b84a8yg8jsii47ikl60bz16p-gcc-arm-embedded-9.3.1/bin/../lib/gcc/arm-none-eabi/9.3.1/../../../../arm-none-eabi/lib/thumb/v7e-m+dp/hard/libc_nano.a(lib_a-nano-svfprintf.o) (_free_r)
[...]
Memory Configuration

Name             Origin             Length             Attributes
DTCMRAM          0x0000000020000000 0x0000000000020000 xrw
RAM              0x0000000024000000 0x0000000000020000 xrw
RAM_D2           0x0000000030000000 0x0000000000008000 xrw
RAM_D3           0x0000000038000000 0x0000000000004000 xrw
ITCMRAM          0x0000000000000000 0x0000000000010000 xrw
FLASH            0x0000000008000000 0x0000000000100000 xr
*default*        0x0000000000000000 0xffffffffffffffff

Linker script and memory map

LOAD /nix/store/9w2nhnv8b84a8yg8jsii47ikl60bz16p-gcc-arm-embedded-9.3.1/bin/../lib/gcc/arm-none-eabi/9.3.1/thumb/v7e-m+dp/hard/crti.o
LOAD /nix/store/9w2nhnv8b84a8yg8jsii47ikl60bz16p-gcc-arm-embedded-9.3.1/bin/../lib/gcc/arm-none-eabi/9.3.1/thumb/v7e-m+dp/hard/crtbegin.o
LOAD /nix/store/9w2nhnv8b84a8yg8jsii47ikl60bz16p-gcc-arm-embedded-9.3.1/bin/../lib/gcc/arm-none-eabi/9.3.1/../../../../arm-none-eabi/lib/thumb/v7e-m+dp/hard/crt0.o
LOAD build/main.o
LOAD build/StatusDisplay.o
LOAD build/AvioNEXT.o
LOAD build/LG_IMU.o
LOAD build/stm32h7xx_it.o
LOAD build/stm32h7xx_hal_msp.o
LOAD build/fatfs.o
LOAD build/bsp_driver_sd.o
LOAD build/sd_diskio.o
LOAD build/usb_device.o
LOAD build/usbd_desc.o
LOAD build/usbd_cdc_if.o
LOAD build/usbd_conf.o
LOAD build/stm32h7xx_hal_pcd.o
LOAD build/stm32h7xx_hal_pcd_ex.o
LOAD build/stm32h7xx_ll_usb.o
LOAD build/stm32h7xx_hal_rcc.o
LOAD build/stm32h7xx_hal_rcc_ex.o
LOAD build/stm32h7xx_hal_flash.o
LOAD build/stm32h7xx_hal_flash_ex.o
LOAD build/stm32h7xx_hal_gpio.o
LOAD build/stm32h7xx_hal_hsem.o
LOAD build/stm32h7xx_hal_dma.o
LOAD build/stm32h7xx_hal_dma_ex.o
LOAD build/stm32h7xx_hal_mdma.o
LOAD build/stm32h7xx_hal_pwr.o
LOAD build/stm32h7xx_hal_pwr_ex.o
LOAD build/stm32h7xx_hal_cortex.o
LOAD build/stm32h7xx_hal.o
LOAD build/stm32h7xx_hal_i2c.o
LOAD build/stm32h7xx_hal_i2c_ex.o
LOAD build/stm32h7xx_hal_exti.o
LOAD build/stm32h7xx_hal_adc.o
LOAD build/stm32h7xx_hal_adc_ex.o
LOAD build/stm32h7xx_hal_fdcan.o
LOAD build/stm32h7xx_hal_rng.o
LOAD build/stm32h7xx_hal_rng_ex.o
LOAD build/stm32h7xx_ll_sdmmc.o
LOAD build/stm32h7xx_ll_delayblock.o
LOAD build/stm32h7xx_hal_sd.o
LOAD build/stm32h7xx_hal_sd_ex.o
LOAD build/stm32h7xx_hal_mmc.o
LOAD build/stm32h7xx_hal_mmc_ex.o
LOAD build/stm32h7xx_hal_spi.o
LOAD build/stm32h7xx_hal_spi_ex.o
LOAD build/stm32h7xx_hal_tim.o
LOAD build/stm32h7xx_hal_tim_ex.o
LOAD build/stm32h7xx_hal_uart.o
LOAD build/stm32h7xx_hal_uart_ex.o
LOAD build/system_stm32h7xx.o
LOAD build/diskio.o
LOAD build/ff.o
LOAD build/ff_gen_drv.o
LOAD build/syscall.o
LOAD build/ccsbcs.o
LOAD build/usbd_core.o
LOAD build/usbd_ctlreq.o
LOAD build/usbd_ioreq.o
LOAD build/usbd_cdc.o
LOAD build/sysmem.o
LOAD build/syscalls.o
LOAD build/startup_stm32h723xx.o
LOAD /nix/store/9w2nhnv8b84a8yg8jsii47ikl60bz16p-gcc-arm-embedded-9.3.1/bin/../lib/gcc/arm-none-eabi/9.3.1/../../../../arm-none-eabi/lib/thumb/v7e-m+dp/hard/libc_nano.a
LOAD /nix/store/9w2nhnv8b84a8yg8jsii47ikl60bz16p-gcc-arm-embedded-9.3.1/bin/../lib/gcc/arm-none-eabi/9.3.1/../../../../arm-none-eabi/lib/thumb/v7e-m+dp/hard/libm.a
LOAD /nix/store/9w2nhnv8b84a8yg8jsii47ikl60bz16p-gcc-arm-embedded-9.3.1/bin/../lib/gcc/arm-none-eabi/9.3.1/../../../../arm-none-eabi/lib/thumb/v7e-m+dp/hard/libnosys.a
START GROUP
LOAD /nix/store/9w2nhnv8b84a8yg8jsii47ikl60bz16p-gcc-arm-embedded-9.3.1/bin/../lib/gcc/arm-none-eabi/9.3.1/thumb/v7e-m+dp/hard/libgcc.a
LOAD /nix/store/9w2nhnv8b84a8yg8jsii47ikl60bz16p-gcc-arm-embedded-9.3.1/bin/../lib/gcc/arm-none-eabi/9.3.1/../../../../arm-none-eabi/lib/thumb/v7e-m+dp/hard/libc_nano.a
END GROUP
START GROUP
LOAD /nix/store/9w2nhnv8b84a8yg8jsii47ikl60bz16p-gcc-arm-embedded-9.3.1/bin/../lib/gcc/arm-none-eabi/9.3.1/thumb/v7e-m+dp/hard/libgcc.a
LOAD /nix/store/9w2nhnv8b84a8yg8jsii47ikl60bz16p-gcc-arm-embedded-9.3.1/bin/../lib/gcc/arm-none-eabi/9.3.1/../../../../arm-none-eabi/lib/thumb/v7e-m+dp/hard/libc_nano.a
END GROUP
LOAD /nix/store/9w2nhnv8b84a8yg8jsii47ikl60bz16p-gcc-arm-embedded-9.3.1/bin/../lib/gcc/arm-none-eabi/9.3.1/thumb/v7e-m+dp/hard/crtend.o
LOAD /nix/store/9w2nhnv8b84a8yg8jsii47ikl60bz16p-gcc-arm-embedded-9.3.1/bin/../lib/gcc/arm-none-eabi/9.3.1/thumb/v7e-m+dp/hard/crtn.o
                0x0000000020020000                _estack = (ORIGIN (DTCMRAM) + LENGTH (DTCMRAM))
                0x0000000000000400                _Min_Heap_Size = 0x400
                0x0000000000000800                _Min_Stack_Size = 0x800

.isr_vector     0x0000000008000000      0x2cc
                0x0000000008000000                . = ALIGN (0x4)
 *(.isr_vector)
 .isr_vector    0x0000000008000000      0x2cc build/startup_stm32h723xx.o
                0x0000000008000000                g_pfnVectors
                0x00000000080002cc                . = ALIGN (0x4)

.text           0x00000000080002cc     0xc098
                0x00000000080002cc                . = ALIGN (0x4)
 *(.text)
 .text          0x00000000080002cc       0x40 /nix/store/9w2nhnv8b84a8yg8jsii47ikl60bz16p-gcc-arm-embedded-9.3.1/bin/../lib/gcc/arm-none-eabi/9.3.1/thumb/v7e-m+dp/hard/crtbegin.o
 .text          0x000000000800030c       0x30 /nix/store/9w2nhnv8b84a8yg8jsii47ikl60bz16p-gcc-arm-embedded-9.3.1/bin/../lib/gcc/arm-none-eabi/9.3.1/thumb/v7e-m+dp/hard/libgcc.a(_aeabi_uldivmod.o)
                0x000000000800030c                __aeabi_uldivmod
 .text          0x000000000800033c      0x2c4 /nix/store/9w2nhnv8b84a8yg8jsii47ikl60bz16p-gcc-arm-embedded-9.3.1/bin/../lib/gcc/arm-none-eabi/9.3.1/thumb/v7e-m+dp/hard/libgcc.a(_udivmoddi4.o)
                0x000000000800033c                __udivmoddi4
 .text          0x0000000008000600        0x4 /nix/store/9w2nhnv8b84a8yg8jsii47ikl60bz16p-gcc-arm-embedded-9.3.1/bin/../lib/gcc/arm-none-eabi/9.3.1/thumb/v7e-m+dp/hard/libgcc.a(_dvmd_tls.o)
                0x0000000008000600                __aeabi_ldiv0
                0x0000000008000600                __aeabi_idiv0
 *(.text*)
 .text.MX_SDMMC2_SD_Init
                0x0000000008000604       0x24 build/main.o
 .text.MX_GPIO_Init
                0x0000000008000628      0x23c build/main.o
 .text.MX_DMA_Init
                0x0000000008000864       0xb0 build/main.o
 .text.Error_Handler
                0x0000000008000914        0x4 build/main.o
                0x0000000008000914                Error_Handler
 .text.MX_SPI3_Init
                0x0000000008000918       0x5c build/main.o
 .text.MX_FDCAN3_Init
                0x0000000008000974       0x5c build/main.o
 .text.MX_USART6_UART_Init
                0x00000000080009d0       0x60 build/main.o
 .text.MX_ADC1_Init
                0x0000000008000a30       0x9c build/main.o
 .text.MX_TIM4_Init
                0x0000000008000acc       0xac build/main.o
 .text.MX_ADC3_Init
                0x0000000008000b78       0x90 build/main.o
 .text.MX_SPI2_Init
                0x0000000008000c08       0x5c build/main.o
 .text.MX_I2C2_Init
                0x0000000008000c64       0x54 build/main.o
 .text.MX_TIM2_Init
                0x0000000008000cb8       0x78 build/main.o
 .text.MX_TIM5_Init
                0x0000000008000d30       0x7c build/main.o
 .text.MX_TIM3_Init
                0x0000000008000dac       0x88 build/main.o
 .text.MX_SPI1_Init
                0x0000000008000e34       0x5c build/main.o
 .text.MX_UART4_Init
                0x0000000008000e90       0x60 build/main.o
 .text.MX_TIM13_Init
                0x0000000008000ef0       0x30 build/main.o
 .text.MX_TIM14_Init
                0x0000000008000f20       0x30 build/main.o
 .text.MX_RNG_Init
                0x0000000008000f50       0x20 build/main.o
 .text.SystemClock_Config
                0x0000000008000f70       0xc0 build/main.o
                0x0000000008000f70                SystemClock_Config
 .text.PeriphCommonClock_Config
                0x0000000008001030       0x4a build/main.o
                0x0000000008001030                PeriphCommonClock_Config
 *fill*         0x000000000800107a        0x2 
 .text.main     0x000000000800107c       0x78 build/main.o
                0x000000000800107c                main
 .text.NMI_Handler
                0x00000000080010f4        0x2 build/stm32h7xx_it.o
                0x00000000080010f4                NMI_Handler
 .text.HardFault_Handler
                0x00000000080010f6        0x2 build/stm32h7xx_it.o
                0x00000000080010f6                HardFault_Handler
 .text.MemManage_Handler
                0x00000000080010f8        0x2 build/stm32h7xx_it.o
                0x00000000080010f8                MemManage_Handler
 .text.BusFault_Handler
                0x00000000080010fa        0x2 build/stm32h7xx_it.o
                0x00000000080010fa                BusFault_Handler
 .text.UsageFault_Handler
                0x00000000080010fc        0x2 build/stm32h7xx_it.o
                0x00000000080010fc                UsageFault_Handler
 .text.SVC_Handler
                0x00000000080010fe        0x2 build/stm32h7xx_it.o
                0x00000000080010fe                SVC_Handler
 .text.DebugMon_Handler
                0x0000000008001100        0x2 build/stm32h7xx_it.o
                0x0000000008001100                DebugMon_Handler
 .text.PendSV_Handler
                0x0000000008001102        0x2 build/stm32h7xx_it.o
                0x0000000008001102                PendSV_Handler
 .text.SysTick_Handler
                0x0000000008001104        0x8 build/stm32h7xx_it.o
                0x0000000008001104                SysTick_Handler
 .text.DMA1_Stream0_IRQHandler
                0x000000000800110c       0x10 build/stm32h7xx_it.o
                0x000000000800110c                DMA1_Stream0_IRQHandler
 .text.DMA1_Stream1_IRQHandler
                0x000000000800111c       0x10 build/stm32h7xx_it.o
                0x000000000800111c                DMA1_Stream1_IRQHandler
 .text.DMA1_Stream2_IRQHandler
                0x000000000800112c       0x10 build/stm32h7xx_it.o
                0x000000000800112c                DMA1_Stream2_IRQHandler
 .text.DMA1_Stream3_IRQHandler
                0x000000000800113c       0x10 build/stm32h7xx_it.o
                0x000000000800113c                DMA1_Stream3_IRQHandler
 .text.DMA1_Stream4_IRQHandler
                0x000000000800114c       0x10 build/stm32h7xx_it.o
                0x000000000800114c                DMA1_Stream4_IRQHandler
 .text.DMA1_Stream5_IRQHandler
                0x000000000800115c       0x10 build/stm32h7xx_it.o
                0x000000000800115c                DMA1_Stream5_IRQHandler
 .text.TIM4_IRQHandler
                0x000000000800116c       0x10 build/stm32h7xx_it.o
                0x000000000800116c                TIM4_IRQHandler
 .text.I2C2_EV_IRQHandler
                0x000000000800117c       0x10 build/stm32h7xx_it.o
                0x000000000800117c                I2C2_EV_IRQHandler
 .text.DMA2_Stream7_IRQHandler
                0x000000000800118c       0x10 build/stm32h7xx_it.o
                0x000000000800118c                DMA2_Stream7_IRQHandler
 .text.OTG_HS_IRQHandler
                0x000000000800119c       0x10 build/stm32h7xx_it.o
                0x000000000800119c                OTG_HS_IRQHandler
 .text.SDMMC2_IRQHandler
                0x00000000080011ac       0x10 build/stm32h7xx_it.o
                0x00000000080011ac                SDMMC2_IRQHandler
 .text.HAL_MspInit
                0x00000000080011bc       0x24 build/stm32h7xx_hal_msp.o
                0x00000000080011bc                HAL_MspInit
 .text.HAL_ADC_MspInit
                0x00000000080011e0      0x144 build/stm32h7xx_hal_msp.o
                0x00000000080011e0                HAL_ADC_MspInit
 .text.HAL_FDCAN_MspInit
                0x0000000008001324       0x9c build/stm32h7xx_hal_msp.o
                0x0000000008001324                HAL_FDCAN_MspInit
 .text.HAL_I2C_MspInit
                0x00000000080013c0       0xac build/stm32h7xx_hal_msp.o
                0x00000000080013c0                HAL_I2C_MspInit
 .text.HAL_RNG_MspInit
                0x000000000800146c       0x5c build/stm32h7xx_hal_msp.o
                0x000000000800146c                HAL_RNG_MspInit
 .text.HAL_SD_MspInit
                0x00000000080014c8      0x138 build/stm32h7xx_hal_msp.o
                0x00000000080014c8                HAL_SD_MspInit
 .text.HAL_SPI_MspInit
                0x0000000008001600      0x134 build/stm32h7xx_hal_msp.o
                0x0000000008001600                HAL_SPI_MspInit
 .text.HAL_TIM_PWM_MspInit
                0x0000000008001734      0x24c build/stm32h7xx_hal_msp.o
                0x0000000008001734                HAL_TIM_PWM_MspInit
 .text.HAL_TIM_Base_MspInit
                0x0000000008001980       0x58 build/stm32h7xx_hal_msp.o
                0x0000000008001980                HAL_TIM_Base_MspInit
 .text.HAL_TIM_MspPostInit
                0x00000000080019d8      0x138 build/stm32h7xx_hal_msp.o
                0x00000000080019d8                HAL_TIM_MspPostInit
 .text.HAL_UART_MspInit
                0x0000000008001b10      0x114 build/stm32h7xx_hal_msp.o
                0x0000000008001b10                HAL_UART_MspInit
 .text.MX_FATFS_Init
                0x0000000008001c24       0x1c build/fatfs.o
                0x0000000008001c24                MX_FATFS_Init
 .text.BSP_SD_ReadBlocks_DMA
                0x0000000008001c40       0x18 build/bsp_driver_sd.o
                0x0000000008001c40                BSP_SD_ReadBlocks_DMA
 .text.BSP_SD_WriteBlocks_DMA
                0x0000000008001c58       0x18 build/bsp_driver_sd.o
                0x0000000008001c58                BSP_SD_WriteBlocks_DMA
 .text.BSP_SD_GetCardState
                0x0000000008001c70       0x14 build/bsp_driver_sd.o
                0x0000000008001c70                BSP_SD_GetCardState
 .text.BSP_SD_GetCardInfo
                0x0000000008001c84       0x10 build/bsp_driver_sd.o
                0x0000000008001c84                BSP_SD_GetCardInfo
 .text.HAL_SD_TxCpltCallback
                0x0000000008001c94        0x8 build/bsp_driver_sd.o
                0x0000000008001c94                HAL_SD_TxCpltCallback
 .text.HAL_SD_RxCpltCallback
                0x0000000008001c9c        0x8 build/bsp_driver_sd.o
                0x0000000008001c9c                HAL_SD_RxCpltCallback
 .text.BSP_SD_IsDetected
                0x0000000008001ca4       0x10 build/bsp_driver_sd.o
                0x0000000008001ca4                BSP_SD_IsDetected
 .text.BSP_SD_Init
                0x0000000008001cb4       0x34 build/bsp_driver_sd.o
                0x0000000008001cb4                BSP_SD_Init
 .text.SD_CheckStatus
                0x0000000008001ce8       0x24 build/sd_diskio.o
 .text.SD_initialize
                0x0000000008001d0c       0x20 build/sd_diskio.o
                0x0000000008001d0c                SD_initialize
 .text.SD_status
                0x0000000008001d2c        0x8 build/sd_diskio.o
                0x0000000008001d2c                SD_status
 .text.SD_CheckStatusWithTimeout
                0x0000000008001d34       0x26 build/sd_diskio.o
 *fill*         0x0000000008001d5a        0x2 
 .text.SD_read  0x0000000008001d5c       0x80 build/sd_diskio.o
                0x0000000008001d5c                SD_read
 .text.SD_write
                0x0000000008001ddc       0x80 build/sd_diskio.o
                0x0000000008001ddc                SD_write
 .text.SD_ioctl
                0x0000000008001e5c       0x58 build/sd_diskio.o
                0x0000000008001e5c                SD_ioctl
 .text.BSP_SD_WriteCpltCallback
                0x0000000008001eb4        0xc build/sd_diskio.o
                0x0000000008001eb4                BSP_SD_WriteCpltCallback
 .text.BSP_SD_ReadCpltCallback
                0x0000000008001ec0        0xc build/sd_diskio.o
                0x0000000008001ec0                BSP_SD_ReadCpltCallback
 .text.MX_USB_DEVICE_Init
                0x0000000008001ecc       0x58 build/usb_device.o
                0x0000000008001ecc                MX_USB_DEVICE_Init
 .text.USBD_HS_DeviceDescriptor
                0x0000000008001f24        0xc build/usbd_desc.o
                0x0000000008001f24                USBD_HS_DeviceDescriptor
 .text.USBD_HS_LangIDStrDescriptor
                0x0000000008001f30        0xc build/usbd_desc.o
                0x0000000008001f30                USBD_HS_LangIDStrDescriptor
 .text.IntToUnicode
                0x0000000008001f3c       0x38 build/usbd_desc.o
 .text.Get_SerialNum
                0x0000000008001f74       0x34 build/usbd_desc.o
 .text.USBD_HS_SerialStrDescriptor
                0x0000000008001fa8       0x14 build/usbd_desc.o
                0x0000000008001fa8                USBD_HS_SerialStrDescriptor
 .text.USBD_HS_ProductStrDescriptor
                0x0000000008001fbc       0x24 build/usbd_desc.o
                0x0000000008001fbc                USBD_HS_ProductStrDescriptor
 .text.USBD_HS_ManufacturerStrDescriptor
                0x0000000008001fe0       0x1c build/usbd_desc.o
                0x0000000008001fe0                USBD_HS_ManufacturerStrDescriptor
 .text.USBD_HS_ConfigStrDescriptor
                0x0000000008001ffc       0x24 build/usbd_desc.o
                0x0000000008001ffc                USBD_HS_ConfigStrDescriptor
 .text.USBD_HS_InterfaceStrDescriptor
                0x0000000008002020       0x24 build/usbd_desc.o
                0x0000000008002020                USBD_HS_InterfaceStrDescriptor
 .text.CDC_DeInit_HS
                0x0000000008002044        0x4 build/usbd_cdc_if.o
 .text.CDC_Control_HS
                0x0000000008002048        0x4 build/usbd_cdc_if.o
 .text.CDC_TransmitCplt_HS
                0x000000000800204c        0x4 build/usbd_cdc_if.o
 .text.CDC_Receive_HS
                0x0000000008002050       0x1c build/usbd_cdc_if.o
 .text.CDC_Init_HS
                0x000000000800206c       0x28 build/usbd_cdc_if.o
 .text.CDC_Transmit_HS
                0x0000000008002094       0x2c build/usbd_cdc_if.o
                0x0000000008002094                CDC_Transmit_HS
 .text.HAL_PCD_MspInit
                0x00000000080020c0       0x74 build/usbd_conf.o
                0x00000000080020c0                HAL_PCD_MspInit
 .text.HAL_PCD_SetupStageCallback
                0x0000000008002134       0x10 build/usbd_conf.o
                0x0000000008002134                HAL_PCD_SetupStageCallback
 .text.HAL_PCD_DataOutStageCallback
                0x0000000008002144       0x18 build/usbd_conf.o
                0x0000000008002144                HAL_PCD_DataOutStageCallback
 .text.HAL_PCD_DataInStageCallback
                0x000000000800215c       0x16 build/usbd_conf.o
                0x000000000800215c                HAL_PCD_DataInStageCallback
 .text.HAL_PCD_SOFCallback
                0x0000000008002172        0xc build/usbd_conf.o
                0x0000000008002172                HAL_PCD_SOFCallback
 .text.HAL_PCD_ResetCallback
                0x000000000800217e       0x2c build/usbd_conf.o
                0x000000000800217e                HAL_PCD_ResetCallback
 *fill*         0x00000000080021aa        0x2 
 .text.HAL_PCD_SuspendCallback
                0x00000000080021ac       0x30 build/usbd_conf.o
                0x00000000080021ac                HAL_PCD_SuspendCallback
 .text.HAL_PCD_ResumeCallback
                0x00000000080021dc        0xc build/usbd_conf.o
                0x00000000080021dc                HAL_PCD_ResumeCallback
 .text.HAL_PCD_ISOOUTIncompleteCallback
                0x00000000080021e8        0xc build/usbd_conf.o
                0x00000000080021e8                HAL_PCD_ISOOUTIncompleteCallback
 .text.HAL_PCD_ISOINIncompleteCallback
                0x00000000080021f4        0xc build/usbd_conf.o
                0x00000000080021f4                HAL_PCD_ISOINIncompleteCallback
 .text.HAL_PCD_ConnectCallback
                0x0000000008002200        0xc build/usbd_conf.o
                0x0000000008002200                HAL_PCD_ConnectCallback
 .text.HAL_PCD_DisconnectCallback
                0x000000000800220c        0xc build/usbd_conf.o
                0x000000000800220c                HAL_PCD_DisconnectCallback
 .text.USBD_LL_Init
                0x0000000008002218       0x70 build/usbd_conf.o
                0x0000000008002218                USBD_LL_Init
 .text.USBD_LL_IsStallEP
                0x0000000008002288       0x2e build/usbd_conf.o
                0x0000000008002288                USBD_LL_IsStallEP
 .text.USBD_LL_GetRxDataSize
                0x00000000080022b6        0xc build/usbd_conf.o
                0x00000000080022b6                USBD_LL_GetRxDataSize
 *fill*         0x00000000080022c2        0x2 
 .text.USBD_static_malloc
                0x00000000080022c4        0x8 build/usbd_conf.o
                0x00000000080022c4                USBD_static_malloc
 .text.USBD_static_free
                0x00000000080022cc        0x2 build/usbd_conf.o
                0x00000000080022cc                USBD_static_free
 .text.USBD_Get_USB_Status
                0x00000000080022ce       0x14 build/usbd_conf.o
                0x00000000080022ce                USBD_Get_USB_Status
 .text.USBD_LL_Start
                0x00000000080022e2       0x10 build/usbd_conf.o
                0x00000000080022e2                USBD_LL_Start
 .text.USBD_LL_OpenEP
                0x00000000080022f2       0x16 build/usbd_conf.o
                0x00000000080022f2                USBD_LL_OpenEP
 .text.USBD_LL_CloseEP
                0x0000000008002308       0x10 build/usbd_conf.o
                0x0000000008002308                USBD_LL_CloseEP
 .text.USBD_LL_StallEP
                0x0000000008002318       0x10 build/usbd_conf.o
                0x0000000008002318                USBD_LL_StallEP
 .text.USBD_LL_ClearStallEP
                0x0000000008002328       0x10 build/usbd_conf.o
                0x0000000008002328                USBD_LL_ClearStallEP
 .text.USBD_LL_SetUSBAddress
                0x0000000008002338       0x10 build/usbd_conf.o
                0x0000000008002338                USBD_LL_SetUSBAddress
 .text.USBD_LL_Transmit
                0x0000000008002348       0x10 build/usbd_conf.o
                0x0000000008002348                USBD_LL_Transmit
 .text.USBD_LL_PrepareReceive
                0x0000000008002358       0x10 build/usbd_conf.o
                0x0000000008002358                USBD_LL_PrepareReceive
 .text.PCD_WriteEmptyTxFifo
                0x0000000008002368       0xd2 build/stm32h7xx_hal_pcd.o
 .text.HAL_PCD_Init
                0x000000000800243a      0x134 build/stm32h7xx_hal_pcd.o
                0x000000000800243a                HAL_PCD_Init
 .text.HAL_PCD_Start
                0x000000000800256e       0x44 build/stm32h7xx_hal_pcd.o
                0x000000000800256e                HAL_PCD_Start
 *fill*         0x00000000080025b2        0x2 
 .text.PCD_EP_OutXfrComplete_int
                0x00000000080025b4      0x104 build/stm32h7xx_hal_pcd.o
 .text.PCD_EP_OutSetupPacket_int
                0x00000000080026b8       0x50 build/stm32h7xx_hal_pcd.o
 .text.HAL_PCD_SetAddress
                0x0000000008002708       0x28 build/stm32h7xx_hal_pcd.o
                0x0000000008002708                HAL_PCD_SetAddress
 .text.HAL_PCD_EP_Open
                0x0000000008002730       0x86 build/stm32h7xx_hal_pcd.o
                0x0000000008002730                HAL_PCD_EP_Open
 .text.HAL_PCD_EP_Close
                0x00000000080027b6       0x72 build/stm32h7xx_hal_pcd.o
                0x00000000080027b6                HAL_PCD_EP_Close
 .text.HAL_PCD_EP_Receive
                0x0000000008002828       0x4a build/stm32h7xx_hal_pcd.o
                0x0000000008002828                HAL_PCD_EP_Receive
 .text.HAL_PCD_EP_GetRxCount
                0x0000000008002872       0x12 build/stm32h7xx_hal_pcd.o
                0x0000000008002872                HAL_PCD_EP_GetRxCount
 .text.HAL_PCD_EP_Transmit
                0x0000000008002884       0x42 build/stm32h7xx_hal_pcd.o
                0x0000000008002884                HAL_PCD_EP_Transmit
 .text.HAL_PCD_EP_SetStall
                0x00000000080028c6       0x88 build/stm32h7xx_hal_pcd.o
                0x00000000080028c6                HAL_PCD_EP_SetStall
 .text.HAL_PCD_EP_ClrStall
                0x000000000800294e       0x76 build/stm32h7xx_hal_pcd.o
                0x000000000800294e                HAL_PCD_EP_ClrStall
 .text.HAL_PCD_EP_Abort
                0x00000000080029c4       0x34 build/stm32h7xx_hal_pcd.o
                0x00000000080029c4                HAL_PCD_EP_Abort
 .text.HAL_PCD_IRQHandler
                0x00000000080029f8      0x63a build/stm32h7xx_hal_pcd.o
                0x00000000080029f8                HAL_PCD_IRQHandler
 .text.HAL_PCDEx_SetTxFiFo
                0x0000000008003032       0x48 build/stm32h7xx_hal_pcd_ex.o
                0x0000000008003032                HAL_PCDEx_SetTxFiFo
 .text.HAL_PCDEx_SetRxFiFo
                0x000000000800307a        0x8 build/stm32h7xx_hal_pcd_ex.o
                0x000000000800307a                HAL_PCDEx_SetRxFiFo
 *fill*         0x0000000008003082        0x2 
 .text.HAL_PCDEx_ActivateLPM
                0x0000000008003084       0x28 build/stm32h7xx_hal_pcd_ex.o
                0x0000000008003084                HAL_PCDEx_ActivateLPM
 .text.HAL_PCDEx_LPM_Callback
                0x00000000080030ac        0x2 build/stm32h7xx_hal_pcd_ex.o
                0x00000000080030ac                HAL_PCDEx_LPM_Callback
 *fill*         0x00000000080030ae        0x2 
 .text.USB_CoreReset
                0x00000000080030b0       0x50 build/stm32h7xx_ll_usb.o
 .text.USB_CoreInit
                0x0000000008003100       0x9c build/stm32h7xx_ll_usb.o
                0x0000000008003100                USB_CoreInit
 .text.USB_SetTurnaroundTime
                0x000000000800319c       0xe4 build/stm32h7xx_ll_usb.o
                0x000000000800319c                USB_SetTurnaroundTime
 .text.USB_EnableGlobalInt
                0x0000000008003280        0xc build/stm32h7xx_ll_usb.o
                0x0000000008003280                USB_EnableGlobalInt
 .text.USB_DisableGlobalInt
                0x000000000800328c        0xc build/stm32h7xx_ll_usb.o
                0x000000000800328c                USB_DisableGlobalInt
 .text.USB_FlushTxFifo
                0x0000000008003298       0x50 build/stm32h7xx_ll_usb.o
                0x0000000008003298                USB_FlushTxFifo
 .text.USB_FlushRxFifo
                0x00000000080032e8       0x4c build/stm32h7xx_ll_usb.o
                0x00000000080032e8                USB_FlushRxFifo
 .text.USB_SetDevSpeed
                0x0000000008003334        0xe build/stm32h7xx_ll_usb.o
                0x0000000008003334                USB_SetDevSpeed
 *fill*         0x0000000008003342        0x2 
 .text.USB_DevInit
                0x0000000008003344      0x190 build/stm32h7xx_ll_usb.o
                0x0000000008003344                USB_DevInit
 .text.USB_GetDevSpeed
                0x00000000080034d4       0x1e build/stm32h7xx_ll_usb.o
                0x00000000080034d4                USB_GetDevSpeed
 *fill*         0x00000000080034f2        0x2 
 .text.USB_ActivateEndpoint
                0x00000000080034f4       0x90 build/stm32h7xx_ll_usb.o
                0x00000000080034f4                USB_ActivateEndpoint
 .text.USB_DeactivateEndpoint
                0x0000000008003584       0xdc build/stm32h7xx_ll_usb.o
                0x0000000008003584                USB_DeactivateEndpoint
 .text.USB_EPStopXfer
                0x0000000008003660       0xbe build/stm32h7xx_ll_usb.o
                0x0000000008003660                USB_EPStopXfer
 .text.USB_WritePacket
                0x000000000800371e       0x28 build/stm32h7xx_ll_usb.o
                0x000000000800371e                USB_WritePacket
 *fill*         0x0000000008003746        0x2 
 .text.USB_EPStartXfer
                0x0000000008003748      0x23c build/stm32h7xx_ll_usb.o
                0x0000000008003748                USB_EPStartXfer
 .text.USB_ReadPacket
                0x0000000008003984       0x4c build/stm32h7xx_ll_usb.o
                0x0000000008003984                USB_ReadPacket
 .text.USB_EPSetStall
                0x00000000080039d0       0x5a build/stm32h7xx_ll_usb.o
                0x00000000080039d0                USB_EPSetStall
 .text.USB_EPClearStall
                0x0000000008003a2a       0x5c build/stm32h7xx_ll_usb.o
                0x0000000008003a2a                USB_EPClearStall
 .text.USB_SetDevAddress
                0x0000000008003a86       0x20 build/stm32h7xx_ll_usb.o
                0x0000000008003a86                USB_SetDevAddress
 .text.USB_DevConnect
                0x0000000008003aa6       0x1c build/stm32h7xx_ll_usb.o
                0x0000000008003aa6                USB_DevConnect
 .text.USB_DevDisconnect
                0x0000000008003ac2       0x1c build/stm32h7xx_ll_usb.o
                0x0000000008003ac2                USB_DevDisconnect
 .text.USB_ReadInterrupts
                0x0000000008003ade        0x8 build/stm32h7xx_ll_usb.o
                0x0000000008003ade                USB_ReadInterrupts
 .text.USB_ReadDevAllOutEpInterrupt
                0x0000000008003ae6       0x10 build/stm32h7xx_ll_usb.o
                0x0000000008003ae6                USB_ReadDevAllOutEpInterrupt
 .text.USB_ReadDevAllInEpInterrupt
                0x0000000008003af6       0x10 build/stm32h7xx_ll_usb.o
                0x0000000008003af6                USB_ReadDevAllInEpInterrupt
 .text.USB_ReadDevOutEPInterrupt
                0x0000000008003b06       0x12 build/stm32h7xx_ll_usb.o
                0x0000000008003b06                USB_ReadDevOutEPInterrupt
 .text.USB_ReadDevInEPInterrupt
                0x0000000008003b18       0x28 build/stm32h7xx_ll_usb.o
                0x0000000008003b18                USB_ReadDevInEPInterrupt
 .text.USB_GetMode
                0x0000000008003b40        0x8 build/stm32h7xx_ll_usb.o
                0x0000000008003b40                USB_GetMode
 .text.USB_SetCurrentMode
                0x0000000008003b48       0x62 build/stm32h7xx_ll_usb.o
                0x0000000008003b48                USB_SetCurrentMode
 *fill*         0x0000000008003baa        0x2 
 .text.USB_ActivateSetup
                0x0000000008003bac       0x20 build/stm32h7xx_ll_usb.o
                0x0000000008003bac                USB_ActivateSetup
 .text.USB_EP0_OutStart
                0x0000000008003bcc       0x60 build/stm32h7xx_ll_usb.o
                0x0000000008003bcc                USB_EP0_OutStart
 .text.HAL_RCC_OscConfig
                0x0000000008003c2c      0x5ec build/stm32h7xx_hal_rcc.o
                0x0000000008003c2c                HAL_RCC_OscConfig
 .text.HAL_RCC_MCOConfig
                0x0000000008004218       0xa4 build/stm32h7xx_hal_rcc.o
                0x0000000008004218                HAL_RCC_MCOConfig
 .text.HAL_RCC_GetSysClockFreq
                0x00000000080042bc      0x1f4 build/stm32h7xx_hal_rcc.o
                0x00000000080042bc                HAL_RCC_GetSysClockFreq
 .text.HAL_RCC_ClockConfig
                0x00000000080044b0      0x294 build/stm32h7xx_hal_rcc.o
                0x00000000080044b0                HAL_RCC_ClockConfig
 .text.HAL_RCC_GetHCLKFreq
                0x0000000008004744       0x44 build/stm32h7xx_hal_rcc.o
                0x0000000008004744                HAL_RCC_GetHCLKFreq
 .text.HAL_RCC_GetPCLK1Freq
                0x0000000008004788       0x24 build/stm32h7xx_hal_rcc.o
                0x0000000008004788                HAL_RCC_GetPCLK1Freq
 .text.HAL_RCC_GetPCLK2Freq
                0x00000000080047ac       0x24 build/stm32h7xx_hal_rcc.o
                0x00000000080047ac                HAL_RCC_GetPCLK2Freq
 .text.RCCEx_PLL2_Config
                0x00000000080047d0      0x10c build/stm32h7xx_hal_rcc_ex.o
 .text.RCCEx_PLL3_Config
                0x00000000080048dc      0x10c build/stm32h7xx_hal_rcc_ex.o
 .text.HAL_RCCEx_PeriphCLKConfig
                0x00000000080049e8      0xaa8 build/stm32h7xx_hal_rcc_ex.o
                0x00000000080049e8                HAL_RCCEx_PeriphCLKConfig
 .text.HAL_RCCEx_GetD3PCLK1Freq
                0x0000000008005490       0x24 build/stm32h7xx_hal_rcc_ex.o
                0x0000000008005490                HAL_RCCEx_GetD3PCLK1Freq
 .text.HAL_RCCEx_GetPLL2ClockFreq
                0x00000000080054b4      0x1fc build/stm32h7xx_hal_rcc_ex.o
                0x00000000080054b4                HAL_RCCEx_GetPLL2ClockFreq
 .text.HAL_RCCEx_GetPLL3ClockFreq
                0x00000000080056b0      0x1fc build/stm32h7xx_hal_rcc_ex.o
                0x00000000080056b0                HAL_RCCEx_GetPLL3ClockFreq
 .text.HAL_RCCEx_GetPLL1ClockFreq
                0x00000000080058ac      0x1fc build/stm32h7xx_hal_rcc_ex.o
                0x00000000080058ac                HAL_RCCEx_GetPLL1ClockFreq
 .text.HAL_RCCEx_GetPeriphCLKFreq
                0x0000000008005aa8      0x60c build/stm32h7xx_hal_rcc_ex.o
                0x0000000008005aa8                HAL_RCCEx_GetPeriphCLKFreq
 .text.HAL_GPIO_Init
                0x00000000080060b4      0x1e0 build/stm32h7xx_hal_gpio.o
                0x00000000080060b4                HAL_GPIO_Init
 .text.HAL_GPIO_WritePin
                0x0000000008006294        0xc build/stm32h7xx_hal_gpio.o
                0x0000000008006294                HAL_GPIO_WritePin
 .text.DMA_CalcBaseAndBitshift
                0x00000000080062a0       0xb4 build/stm32h7xx_hal_dma.o
 .text.DMA_CheckFifoParam
                0x0000000008006354       0x92 build/stm32h7xx_hal_dma.o
 *fill*         0x00000000080063e6        0x2 
 .text.DMA_CalcDMAMUXChannelBaseAndMask
                0x00000000080063e8       0xb0 build/stm32h7xx_hal_dma.o
 .text.DMA_CalcDMAMUXRequestGenBaseAndMask
                0x0000000008006498       0x7c build/stm32h7xx_hal_dma.o
 .text.HAL_DMA_Init
                0x0000000008006514      0x388 build/stm32h7xx_hal_dma.o
                0x0000000008006514                HAL_DMA_Init
 .text.HAL_DMA_IRQHandler
                0x000000000800689c      0x738 build/stm32h7xx_hal_dma.o
                0x000000000800689c                HAL_DMA_IRQHandler
 .text.HAL_PWREx_ConfigSupply
                0x0000000008006fd4       0x54 build/stm32h7xx_hal_pwr_ex.o
                0x0000000008006fd4                HAL_PWREx_ConfigSupply
 .text.HAL_PWREx_EnableUSBVoltageDetector
                0x0000000008007028       0x10 build/stm32h7xx_hal_pwr_ex.o
                0x0000000008007028                HAL_PWREx_EnableUSBVoltageDetector
 .text.HAL_NVIC_SetPriorityGrouping
                0x0000000008007038       0x24 build/stm32h7xx_hal_cortex.o
                0x0000000008007038                HAL_NVIC_SetPriorityGrouping
 .text.HAL_NVIC_SetPriority
                0x000000000800705c       0x64 build/stm32h7xx_hal_cortex.o
                0x000000000800705c                HAL_NVIC_SetPriority
 .text.HAL_NVIC_EnableIRQ
                0x00000000080070c0       0x1c build/stm32h7xx_hal_cortex.o
                0x00000000080070c0                HAL_NVIC_EnableIRQ
 .text.HAL_SYSTICK_Config
                0x00000000080070dc       0x2c build/stm32h7xx_hal_cortex.o
                0x00000000080070dc                HAL_SYSTICK_Config
 .text.HAL_InitTick
                0x0000000008007108       0x50 build/stm32h7xx_hal.o
                0x0000000008007108                HAL_InitTick
 .text.HAL_Init
                0x0000000008007158       0x5c build/stm32h7xx_hal.o
                0x0000000008007158                HAL_Init
 .text.HAL_IncTick
                0x00000000080071b4       0x18 build/stm32h7xx_hal.o
                0x00000000080071b4                HAL_IncTick
 .text.HAL_GetTick
                0x00000000080071cc        0xc build/stm32h7xx_hal.o
                0x00000000080071cc                HAL_GetTick
 .text.HAL_Delay
                0x00000000080071d8       0x28 build/stm32h7xx_hal.o
                0x00000000080071d8                HAL_Delay
 .text.HAL_SYSCFG_AnalogSwitchConfig
                0x0000000008007200       0x14 build/stm32h7xx_hal.o
                0x0000000008007200                HAL_SYSCFG_AnalogSwitchConfig
 .text.HAL_I2C_Init
                0x0000000008007214       0xbc build/stm32h7xx_hal_i2c.o
                0x0000000008007214                HAL_I2C_Init
 .text.HAL_I2C_EV_IRQHandler
                0x00000000080072d0       0x10 build/stm32h7xx_hal_i2c.o
                0x00000000080072d0                HAL_I2C_EV_IRQHandler
 .text.HAL_I2CEx_ConfigAnalogFilter
                0x00000000080072e0       0x5c build/stm32h7xx_hal_i2c_ex.o
                0x00000000080072e0                HAL_I2CEx_ConfigAnalogFilter
 .text.HAL_I2CEx_ConfigDigitalFilter
                0x000000000800733c       0x58 build/stm32h7xx_hal_i2c_ex.o
                0x000000000800733c                HAL_I2CEx_ConfigDigitalFilter
 .text.HAL_ADC_ConfigChannel
                0x0000000008007394      0x6a8 build/stm32h7xx_hal_adc.o
                0x0000000008007394                HAL_ADC_ConfigChannel
 .text.ADC_ConfigureBoostMode
                0x0000000008007a3c      0x134 build/stm32h7xx_hal_adc.o
                0x0000000008007a3c                ADC_ConfigureBoostMode
 .text.HAL_ADC_Init
                0x0000000008007b70      0x2e0 build/stm32h7xx_hal_adc.o
                0x0000000008007b70                HAL_ADC_Init
 .text.HAL_ADCEx_MultiModeConfigChannel
                0x0000000008007e50      0x164 build/stm32h7xx_hal_adc_ex.o
                0x0000000008007e50                HAL_ADCEx_MultiModeConfigChannel
 .text.FDCAN_CalcultateRamBlockAddresses
                0x0000000008007fb4      0x1d8 build/stm32h7xx_hal_fdcan.o
 .text.HAL_FDCAN_Init
                0x000000000800818c      0x294 build/stm32h7xx_hal_fdcan.o
                0x000000000800818c                HAL_FDCAN_Init
 .text.HAL_RNG_Init
                0x0000000008008420       0xdc build/stm32h7xx_hal_rng.o
                0x0000000008008420                HAL_RNG_Init
 .text.SDMMC_GetCmdError
                0x00000000080084fc       0x3c build/stm32h7xx_ll_sdmmc.o
 .text.SDMMC_Init
                0x0000000008008538       0x34 build/stm32h7xx_ll_sdmmc.o
                0x0000000008008538                SDMMC_Init
 .text.SDMMC_ReadFIFO
                0x000000000800856c        0x6 build/stm32h7xx_ll_sdmmc.o
                0x000000000800856c                SDMMC_ReadFIFO
 .text.SDMMC_WriteFIFO
                0x0000000008008572        0xa build/stm32h7xx_ll_sdmmc.o
                0x0000000008008572                SDMMC_WriteFIFO
 .text.SDMMC_PowerState_ON
                0x000000000800857c        0xc build/stm32h7xx_ll_sdmmc.o
                0x000000000800857c                SDMMC_PowerState_ON
 .text.SDMMC_GetPowerState
                0x0000000008008588        0x8 build/stm32h7xx_ll_sdmmc.o
                0x0000000008008588                SDMMC_GetPowerState
 .text.SDMMC_SendCommand
                0x0000000008008590       0x24 build/stm32h7xx_ll_sdmmc.o
                0x0000000008008590                SDMMC_SendCommand
 .text.SDMMC_GetCommandResponse
                0x00000000080085b4        0x6 build/stm32h7xx_ll_sdmmc.o
                0x00000000080085b4                SDMMC_GetCommandResponse
 .text.SDMMC_GetResponse
                0x00000000080085ba        0x6 build/stm32h7xx_ll_sdmmc.o
                0x00000000080085ba                SDMMC_GetResponse
 .text.SDMMC_ConfigData
                0x00000000080085c0       0x24 build/stm32h7xx_ll_sdmmc.o
                0x00000000080085c0                SDMMC_ConfigData
 .text.SDMMC_CmdGoIdleState
                0x00000000080085e4       0x26 build/stm32h7xx_ll_sdmmc.o
                0x00000000080085e4                SDMMC_CmdGoIdleState
 *fill*         0x000000000800860a        0x2 
 .text.SDMMC_GetCmdResp1
                0x000000000800860c      0x160 build/stm32h7xx_ll_sdmmc.o
                0x000000000800860c                SDMMC_GetCmdResp1
 .text.SDMMC_CmdBlockLength
                0x000000000800876c       0x32 build/stm32h7xx_ll_sdmmc.o
                0x000000000800876c                SDMMC_CmdBlockLength
 .text.SDMMC_CmdReadSingleBlock
                0x000000000800879e       0x32 build/stm32h7xx_ll_sdmmc.o
                0x000000000800879e                SDMMC_CmdReadSingleBlock
 .text.SDMMC_CmdReadMultiBlock
                0x00000000080087d0       0x32 build/stm32h7xx_ll_sdmmc.o
                0x00000000080087d0                SDMMC_CmdReadMultiBlock
 .text.SDMMC_CmdWriteSingleBlock
                0x0000000008008802       0x32 build/stm32h7xx_ll_sdmmc.o
                0x0000000008008802                SDMMC_CmdWriteSingleBlock
 .text.SDMMC_CmdWriteMultiBlock
                0x0000000008008834       0x32 build/stm32h7xx_ll_sdmmc.o
                0x0000000008008834                SDMMC_CmdWriteMultiBlock
 *fill*         0x0000000008008866        0x2 
 .text.SDMMC_CmdStopTransfer
                0x0000000008008868       0x58 build/stm32h7xx_ll_sdmmc.o
                0x0000000008008868                SDMMC_CmdStopTransfer
 .text.SDMMC_CmdSelDesel
                0x00000000080088c0       0x32 build/stm32h7xx_ll_sdmmc.o
                0x00000000080088c0                SDMMC_CmdSelDesel
 .text.SDMMC_CmdAppCommand
                0x00000000080088f2       0x32 build/stm32h7xx_ll_sdmmc.o
                0x00000000080088f2                SDMMC_CmdAppCommand
 .text.SDMMC_CmdBusWidth
                0x0000000008008924       0x32 build/stm32h7xx_ll_sdmmc.o
                0x0000000008008924                SDMMC_CmdBusWidth
 .text.SDMMC_CmdSendSCR
                0x0000000008008956       0x32 build/stm32h7xx_ll_sdmmc.o
                0x0000000008008956                SDMMC_CmdSendSCR
 .text.SDMMC_CmdSendStatus
                0x0000000008008988       0x32 build/stm32h7xx_ll_sdmmc.o
                0x0000000008008988                SDMMC_CmdSendStatus
 .text.SDMMC_CmdStatusRegister
                0x00000000080089ba       0x32 build/stm32h7xx_ll_sdmmc.o
                0x00000000080089ba                SDMMC_CmdStatusRegister
 .text.SDMMC_GetCmdResp2
                0x00000000080089ec       0x60 build/stm32h7xx_ll_sdmmc.o
                0x00000000080089ec                SDMMC_GetCmdResp2
 .text.SDMMC_CmdSendCID
                0x0000000008008a4c       0x2c build/stm32h7xx_ll_sdmmc.o
                0x0000000008008a4c                SDMMC_CmdSendCID
 .text.SDMMC_CmdSendCSD
                0x0000000008008a78       0x2c build/stm32h7xx_ll_sdmmc.o
                0x0000000008008a78                SDMMC_CmdSendCSD
 .text.SDMMC_GetCmdResp3
                0x0000000008008aa4       0x50 build/stm32h7xx_ll_sdmmc.o
                0x0000000008008aa4                SDMMC_GetCmdResp3
 .text.SDMMC_CmdAppOperCommand
                0x0000000008008af4       0x2c build/stm32h7xx_ll_sdmmc.o
                0x0000000008008af4                SDMMC_CmdAppOperCommand
 .text.SDMMC_GetCmdResp6
                0x0000000008008b20       0xa4 build/stm32h7xx_ll_sdmmc.o
                0x0000000008008b20                SDMMC_GetCmdResp6
 .text.SDMMC_CmdSetRelAdd
                0x0000000008008bc4       0x32 build/stm32h7xx_ll_sdmmc.o
                0x0000000008008bc4                SDMMC_CmdSetRelAdd
 *fill*         0x0000000008008bf6        0x2 
 .text.SDMMC_GetCmdResp7
                0x0000000008008bf8       0x64 build/stm32h7xx_ll_sdmmc.o
                0x0000000008008bf8                SDMMC_GetCmdResp7
 .text.SDMMC_CmdOperCond
                0x0000000008008c5c       0x30 build/stm32h7xx_ll_sdmmc.o
                0x0000000008008c5c                SDMMC_CmdOperCond
 .text.SD_PowerON
                0x0000000008008c8c       0xc4 build/stm32h7xx_hal_sd.o
 .text.SD_Read_IT
                0x0000000008008d50       0x3a build/stm32h7xx_hal_sd.o
 .text.SD_Write_IT
                0x0000000008008d8a       0x4a build/stm32h7xx_hal_sd.o
 .text.SD_SendSDStatus
                0x0000000008008dd4      0x108 build/stm32h7xx_hal_sd.o
 .text.SD_FindSCR
                0x0000000008008edc      0x108 build/stm32h7xx_hal_sd.o
 .text.SD_WideBus_Enable
                0x0000000008008fe4       0x4e build/stm32h7xx_hal_sd.o
 .text.SD_WideBus_Disable
                0x0000000008009032       0x4e build/stm32h7xx_hal_sd.o
 .text.SD_SendStatus
                0x0000000008009080       0x2c build/stm32h7xx_hal_sd.o
 .text.HAL_SD_ReadBlocks_DMA
                0x00000000080090ac       0xe0 build/stm32h7xx_hal_sd.o
                0x00000000080090ac                HAL_SD_ReadBlocks_DMA
 .text.HAL_SD_WriteBlocks_DMA
                0x000000000800918c       0xe0 build/stm32h7xx_hal_sd.o
                0x000000000800918c                HAL_SD_WriteBlocks_DMA
 .text.HAL_SD_ErrorCallback
                0x000000000800926c        0x2 build/stm32h7xx_hal_sd.o
                0x000000000800926c                HAL_SD_ErrorCallback
 *fill*         0x000000000800926e        0x2 
 .text.HAL_SD_GetCardCSD
                0x0000000008009270      0x1bc build/stm32h7xx_hal_sd.o
                0x0000000008009270                HAL_SD_GetCardCSD
 .text.SD_InitCard
                0x000000000800942c       0xfc build/stm32h7xx_hal_sd.o
 .text.HAL_SD_InitCard
                0x0000000008009528       0xcc build/stm32h7xx_hal_sd.o
                0x0000000008009528                HAL_SD_InitCard
 .text.HAL_SD_GetCardStatus
                0x00000000080095f4       0xd0 build/stm32h7xx_hal_sd.o
                0x00000000080095f4                HAL_SD_GetCardStatus
 .text.HAL_SD_GetCardInfo
                0x00000000080096c4       0x24 build/stm32h7xx_hal_sd.o
                0x00000000080096c4                HAL_SD_GetCardInfo
 .text.HAL_SD_ConfigWideBusOperation
                0x00000000080096e8      0x158 build/stm32h7xx_hal_sd.o
                0x00000000080096e8                HAL_SD_ConfigWideBusOperation
 .text.HAL_SD_GetCardState
                0x0000000008009840       0x22 build/stm32h7xx_hal_sd.o
                0x0000000008009840                HAL_SD_GetCardState
 .text.HAL_SD_Init
                0x0000000008009862       0xba build/stm32h7xx_hal_sd.o
                0x0000000008009862                HAL_SD_Init
 .text.HAL_SDEx_Read_DMADoubleBuf0CpltCallback
                0x000000000800991c        0x2 build/stm32h7xx_hal_sd.o
                0x000000000800991c                HAL_SDEx_Read_DMADoubleBuf0CpltCallback
 .text.HAL_SDEx_Read_DMADoubleBuf1CpltCallback
                0x000000000800991e        0x2 build/stm32h7xx_hal_sd.o
                0x000000000800991e                HAL_SDEx_Read_DMADoubleBuf1CpltCallback
 .text.HAL_SDEx_Write_DMADoubleBuf0CpltCallback
                0x0000000008009920        0x2 build/stm32h7xx_hal_sd.o
                0x0000000008009920                HAL_SDEx_Write_DMADoubleBuf0CpltCallback
 .text.HAL_SDEx_Write_DMADoubleBuf1CpltCallback
                0x0000000008009922        0x2 build/stm32h7xx_hal_sd.o
                0x0000000008009922                HAL_SDEx_Write_DMADoubleBuf1CpltCallback
 .text.HAL_SD_IRQHandler
                0x0000000008009924      0x22c build/stm32h7xx_hal_sd.o
                0x0000000008009924                HAL_SD_IRQHandler
 .text.SPI_GetPacketSize
                0x0000000008009b50       0x10 build/stm32h7xx_hal_spi.o
 .text.HAL_SPI_Init
                0x0000000008009b60      0x190 build/stm32h7xx_hal_spi.o
                0x0000000008009b60                HAL_SPI_Init
 .text.TIM_OC1_SetConfig
                0x0000000008009cf0       0xa4 build/stm32h7xx_hal_tim.o
 .text.TIM_OC3_SetConfig
                0x0000000008009d94       0x94 build/stm32h7xx_hal_tim.o
 .text.TIM_OC4_SetConfig
                0x0000000008009e28       0x74 build/stm32h7xx_hal_tim.o
 .text.TIM_OC5_SetConfig
                0x0000000008009e9c       0x74 build/stm32h7xx_hal_tim.o
 .text.TIM_OC6_SetConfig
                0x0000000008009f10       0x74 build/stm32h7xx_hal_tim.o
 .text.HAL_TIM_PeriodElapsedCallback
                0x0000000008009f84        0x2 build/stm32h7xx_hal_tim.o
                0x0000000008009f84                HAL_TIM_PeriodElapsedCallback
 .text.HAL_TIM_OC_DelayElapsedCallback
                0x0000000008009f86        0x2 build/stm32h7xx_hal_tim.o
                0x0000000008009f86                HAL_TIM_OC_DelayElapsedCallback
 .text.HAL_TIM_IC_CaptureCallback
                0x0000000008009f88        0x2 build/stm32h7xx_hal_tim.o
                0x0000000008009f88                HAL_TIM_IC_CaptureCallback
 .text.HAL_TIM_PWM_PulseFinishedCallback
                0x0000000008009f8a        0x2 build/stm32h7xx_hal_tim.o
                0x0000000008009f8a                HAL_TIM_PWM_PulseFinishedCallback
 .text.HAL_TIM_TriggerCallback
                0x0000000008009f8c        0x2 build/stm32h7xx_hal_tim.o
                0x0000000008009f8c                HAL_TIM_TriggerCallback
 .text.HAL_TIM_IRQHandler
                0x0000000008009f8e      0x19a build/stm32h7xx_hal_tim.o
                0x0000000008009f8e                HAL_TIM_IRQHandler
 .text.TIM_Base_SetConfig
                0x000000000800a128      0x11c build/stm32h7xx_hal_tim.o
                0x000000000800a128                TIM_Base_SetConfig
 .text.HAL_TIM_Base_Init
                0x000000000800a244       0x60 build/stm32h7xx_hal_tim.o
                0x000000000800a244                HAL_TIM_Base_Init
 .text.HAL_TIM_PWM_Init
                0x000000000800a2a4       0x60 build/stm32h7xx_hal_tim.o
                0x000000000800a2a4                HAL_TIM_PWM_Init
 .text.TIM_OC2_SetConfig
                0x000000000800a304       0x94 build/stm32h7xx_hal_tim.o
                0x000000000800a304                TIM_OC2_SetConfig
 .text.HAL_TIM_PWM_ConfigChannel
                0x000000000800a398      0x13a build/stm32h7xx_hal_tim.o
                0x000000000800a398                HAL_TIM_PWM_ConfigChannel
 *fill*         0x000000000800a4d2        0x2 
 .text.HAL_TIMEx_MasterConfigSynchronization
                0x000000000800a4d4       0xb0 build/stm32h7xx_hal_tim_ex.o
                0x000000000800a4d4                HAL_TIMEx_MasterConfigSynchronization
 .text.HAL_TIMEx_CommutCallback
                0x000000000800a584        0x2 build/stm32h7xx_hal_tim_ex.o
                0x000000000800a584                HAL_TIMEx_CommutCallback
 .text.HAL_TIMEx_BreakCallback
                0x000000000800a586        0x2 build/stm32h7xx_hal_tim_ex.o
                0x000000000800a586                HAL_TIMEx_BreakCallback
 .text.HAL_TIMEx_Break2Callback
                0x000000000800a588        0x2 build/stm32h7xx_hal_tim_ex.o
                0x000000000800a588                HAL_TIMEx_Break2Callback
 *fill*         0x000000000800a58a        0x2 
 .text.UART_EndRxTransfer
                0x000000000800a58c       0x58 build/stm32h7xx_hal_uart.o
 .text.UART_SetConfig
                0x000000000800a5e4      0x6c8 build/stm32h7xx_hal_uart.o
                0x000000000800a5e4                UART_SetConfig
 .text.UART_AdvFeatureConfig
                0x000000000800acac       0xca build/stm32h7xx_hal_uart.o
                0x000000000800acac                UART_AdvFeatureConfig
 .text.UART_WaitOnFlagUntilTimeout
                0x000000000800ad76       0x96 build/stm32h7xx_hal_uart.o
                0x000000000800ad76                UART_WaitOnFlagUntilTimeout
 .text.UART_CheckIdleState
                0x000000000800ae0c       0xca build/stm32h7xx_hal_uart.o
                0x000000000800ae0c                UART_CheckIdleState
 .text.HAL_UART_Init
                0x000000000800aed6       0x66 build/stm32h7xx_hal_uart.o
                0x000000000800aed6                HAL_UART_Init
 .text.UARTEx_SetNbDataToProcess
                0x000000000800af3c       0x4c build/stm32h7xx_hal_uart_ex.o
 .text.HAL_UARTEx_DisableFifoMode
                0x000000000800af88       0x3e build/stm32h7xx_hal_uart_ex.o
                0x000000000800af88                HAL_UARTEx_DisableFifoMode
 .text.HAL_UARTEx_SetTxFifoThreshold
                0x000000000800afc6       0x4a build/stm32h7xx_hal_uart_ex.o
                0x000000000800afc6                HAL_UARTEx_SetTxFifoThreshold
 .text.HAL_UARTEx_SetRxFifoThreshold
                0x000000000800b010       0x4a build/stm32h7xx_hal_uart_ex.o
                0x000000000800b010                HAL_UARTEx_SetRxFifoThreshold
 *fill*         0x000000000800b05a        0x2 
 .text.SystemInit
                0x000000000800b05c       0xac build/system_stm32h7xx.o
                0x000000000800b05c                SystemInit
 .text.FATFS_LinkDriverEx
                0x000000000800b108       0x48 build/ff_gen_drv.o
                0x000000000800b108                FATFS_LinkDriverEx
 .text.FATFS_LinkDriver
                0x000000000800b150        0xa build/ff_gen_drv.o
                0x000000000800b150                FATFS_LinkDriver
 .text.USBD_Init
                0x000000000800b15a       0x2e build/usbd_core.o
                0x000000000800b15a                USBD_Init
 .text.USBD_RegisterClass
                0x000000000800b188       0x34 build/usbd_core.o
                0x000000000800b188                USBD_RegisterClass
 .text.USBD_Start
                0x000000000800b1bc        0x8 build/usbd_core.o
                0x000000000800b1bc                USBD_Start
 .text.USBD_SetClassConfig
                0x000000000800b1c4       0x12 build/usbd_core.o
                0x000000000800b1c4                USBD_SetClassConfig
 .text.USBD_ClrClassConfig
                0x000000000800b1d6       0x12 build/usbd_core.o
                0x000000000800b1d6                USBD_ClrClassConfig
 .text.USBD_LL_SetupStage
                0x000000000800b1e8       0x58 build/usbd_core.o
                0x000000000800b1e8                USBD_LL_SetupStage
 .text.USBD_LL_Reset
                0x000000000800b240       0x64 build/usbd_core.o
                0x000000000800b240                USBD_LL_Reset
 .text.USBD_LL_SetSpeed
                0x000000000800b2a4        0x6 build/usbd_core.o
                0x000000000800b2a4                USBD_LL_SetSpeed
 .text.USBD_LL_Suspend
                0x000000000800b2aa       0x1e build/usbd_core.o
                0x000000000800b2aa                USBD_LL_Suspend
 .text.USBD_LL_Resume
                0x000000000800b2c8       0x1a build/usbd_core.o
                0x000000000800b2c8                USBD_LL_Resume
 .text.USBD_LL_SOF
                0x000000000800b2e2       0x22 build/usbd_core.o
                0x000000000800b2e2                USBD_LL_SOF
 .text.USBD_LL_IsoINIncomplete
                0x000000000800b304       0x2e build/usbd_core.o
                0x000000000800b304                USBD_LL_IsoINIncomplete
 .text.USBD_LL_IsoOUTIncomplete
                0x000000000800b332       0x2e build/usbd_core.o
                0x000000000800b332                USBD_LL_IsoOUTIncomplete
 .text.USBD_LL_DevConnected
                0x000000000800b360        0x4 build/usbd_core.o
                0x000000000800b360                USBD_LL_DevConnected
 .text.USBD_LL_DevDisconnected
                0x000000000800b364       0x20 build/usbd_core.o
                0x000000000800b364                USBD_LL_DevDisconnected
 .text.USBD_CoreFindIF
                0x000000000800b384        0x4 build/usbd_core.o
                0x000000000800b384                USBD_CoreFindIF
 .text.USBD_CoreFindEP
                0x000000000800b388        0x4 build/usbd_core.o
                0x000000000800b388                USBD_CoreFindEP
 .text.USBD_LL_DataOutStage
                0x000000000800b38c       0xd2 build/usbd_core.o
                0x000000000800b38c                USBD_LL_DataOutStage
 .text.USBD_LL_DataInStage
                0x000000000800b45e       0xdc build/usbd_core.o
                0x000000000800b45e                USBD_LL_DataInStage
 .text.USBD_GetNextDesc
                0x000000000800b53a        0xe build/usbd_core.o
                0x000000000800b53a                USBD_GetNextDesc
 .text.USBD_GetEpDesc
                0x000000000800b548       0x3e build/usbd_core.o
                0x000000000800b548                USBD_GetEpDesc
 .text.USBD_GetLen
                0x000000000800b586       0x12 build/usbd_ctlreq.o
 .text.USBD_ParseSetupRequest
                0x000000000800b598       0x28 build/usbd_ctlreq.o
                0x000000000800b598                USBD_ParseSetupRequest
 .text.USBD_CtlError
                0x000000000800b5c0       0x14 build/usbd_ctlreq.o
                0x000000000800b5c0                USBD_CtlError
 .text.USBD_GetDescriptor
                0x000000000800b5d4      0x1ac build/usbd_ctlreq.o
 .text.USBD_SetAddress
                0x000000000800b780       0x50 build/usbd_ctlreq.o
 .text.USBD_SetConfig
                0x000000000800b7d0       0xcc build/usbd_ctlreq.o
 .text.USBD_GetConfig
                0x000000000800b89c       0x40 build/usbd_ctlreq.o
 .text.USBD_GetStatus
                0x000000000800b8dc       0x38 build/usbd_ctlreq.o
 .text.USBD_SetFeature
                0x000000000800b914       0x2a build/usbd_ctlreq.o
 .text.USBD_ClrFeature
                0x000000000800b93e       0x26 build/usbd_ctlreq.o
 .text.USBD_StdDevReq
                0x000000000800b964       0x76 build/usbd_ctlreq.o
                0x000000000800b964                USBD_StdDevReq
 .text.USBD_StdItfReq
                0x000000000800b9da       0x8c build/usbd_ctlreq.o
                0x000000000800b9da                USBD_StdItfReq
 .text.USBD_StdEPReq
                0x000000000800ba66      0x264 build/usbd_ctlreq.o
                0x000000000800ba66                USBD_StdEPReq
 .text.USBD_GetString
                0x000000000800bcca       0x36 build/usbd_ctlreq.o
                0x000000000800bcca                USBD_GetString
 .text.USBD_CtlSendData
                0x000000000800bd00       0x1a build/usbd_ioreq.o
                0x000000000800bd00                USBD_CtlSendData
 .text.USBD_CtlContinueSendData
                0x000000000800bd1a       0x10 build/usbd_ioreq.o
                0x000000000800bd1a                USBD_CtlContinueSendData
 .text.USBD_CtlPrepareRx
                0x000000000800bd2a       0x1e build/usbd_ioreq.o
                0x000000000800bd2a                USBD_CtlPrepareRx
 .text.USBD_CtlContinueRx
                0x000000000800bd48       0x10 build/usbd_ioreq.o
                0x000000000800bd48                USBD_CtlContinueRx
 .text.USBD_CtlSendStatus
                0x000000000800bd58       0x16 build/usbd_ioreq.o
                0x000000000800bd58                USBD_CtlSendStatus
 .text.USBD_CtlReceiveStatus
                0x000000000800bd6e       0x16 build/usbd_ioreq.o
                0x000000000800bd6e                USBD_CtlReceiveStatus
 .text.USBD_CDC_EP0_RxReady
                0x000000000800bd84       0x40 build/usbd_cdc.o
 .text.USBD_CDC_GetDeviceQualifierDescriptor
                0x000000000800bdc4        0xc build/usbd_cdc.o
                0x000000000800bdc4                USBD_CDC_GetDeviceQualifierDescriptor
 .text.USBD_CDC_GetOtherSpeedCfgDesc
                0x000000000800bdd0       0x48 build/usbd_cdc.o
 .text.USBD_CDC_GetFSCfgDesc
                0x000000000800be18       0x48 build/usbd_cdc.o
 .text.USBD_CDC_GetHSCfgDesc
                0x000000000800be60       0x48 build/usbd_cdc.o
 .text.USBD_CDC_DataOut
                0x000000000800bea8       0x38 build/usbd_cdc.o
 .text.USBD_CDC_DataIn
                0x000000000800bee0       0x7c build/usbd_cdc.o
 .text.USBD_CDC_Setup
                0x000000000800bf5c      0x11a build/usbd_cdc.o
 .text.USBD_CDC_DeInit
                0x000000000800c076       0x64 build/usbd_cdc.o
 .text.USBD_CDC_Init
                0x000000000800c0da       0xee build/usbd_cdc.o
 .text.USBD_CDC_RegisterInterface
                0x000000000800c1c8       0x16 build/usbd_cdc.o
                0x000000000800c1c8                USBD_CDC_RegisterInterface
 .text.USBD_CDC_SetTxBuffer
                0x000000000800c1de       0x1c build/usbd_cdc.o
                0x000000000800c1de                USBD_CDC_SetTxBuffer
 .text.USBD_CDC_SetRxBuffer
                0x000000000800c1fa       0x18 build/usbd_cdc.o
                0x000000000800c1fa                USBD_CDC_SetRxBuffer
 .text.USBD_CDC_TransmitPacket
                0x000000000800c212       0x3a build/usbd_cdc.o
                0x000000000800c212                USBD_CDC_TransmitPacket
 .text.USBD_CDC_ReceivePacket
                0x000000000800c24c       0x38 build/usbd_cdc.o
                0x000000000800c24c                USBD_CDC_ReceivePacket
 .text.Reset_Handler
                0x000000000800c284       0x50 build/startup_stm32h723xx.o
                0x000000000800c284                Reset_Handler
 .text.Default_Handler
                0x000000000800c2d4        0x2 build/startup_stm32h723xx.o
                0x000000000800c2d4                RTC_Alarm_IRQHandler
                0x000000000800c2d4                EXTI2_IRQHandler
                0x000000000800c2d4                TIM8_CC_IRQHandler
                0x000000000800c2d4                UART8_IRQHandler
                0x000000000800c2d4                SPI4_IRQHandler
                0x000000000800c2d4                FDCAN3_IT0_IRQHandler
                0x000000000800c2d4                TIM1_CC_IRQHandler
                0x000000000800c2d4                BDMA_Channel6_IRQHandler
                0x000000000800c2d4                DMA2_Stream5_IRQHandler
                0x000000000800c2d4                CORDIC_IRQHandler
                0x000000000800c2d4                BDMA_Channel1_IRQHandler
                0x000000000800c2d4                TAMP_STAMP_IRQHandler
                0x000000000800c2d4                EXTI3_IRQHandler
                0x000000000800c2d4                LPTIM4_IRQHandler
                0x000000000800c2d4                TIM8_TRG_COM_TIM14_IRQHandler
                0x000000000800c2d4                LPTIM2_IRQHandler
                0x000000000800c2d4                DFSDM1_FLT1_IRQHandler
                0x000000000800c2d4                DMAMUX2_OVR_IRQHandler
                0x000000000800c2d4                TIM8_UP_TIM13_IRQHandler
                0x000000000800c2d4                I2C3_ER_IRQHandler
                0x000000000800c2d4                DFSDM1_FLT2_IRQHandler
                0x000000000800c2d4                I2C5_EV_IRQHandler
                0x000000000800c2d4                USART10_IRQHandler
                0x000000000800c2d4                MDMA_IRQHandler
                0x000000000800c2d4                LPTIM3_IRQHandler
                0x000000000800c2d4                HSEM1_IRQHandler
                0x000000000800c2d4                EXTI0_IRQHandler
                0x000000000800c2d4                FPU_IRQHandler
                0x000000000800c2d4                OTG_HS_WKUP_IRQHandler
                0x000000000800c2d4                FDCAN1_IT1_IRQHandler
                0x000000000800c2d4                LTDC_ER_IRQHandler
                0x000000000800c2d4                DMA2_Stream2_IRQHandler
                0x000000000800c2d4                SPI1_IRQHandler
                0x000000000800c2d4                OCTOSPI1_IRQHandler
                0x000000000800c2d4                TIM6_DAC_IRQHandler
                0x000000000800c2d4                DMA2_Stream3_IRQHandler
                0x000000000800c2d4                OCTOSPI2_IRQHandler
                0x000000000800c2d4                DFSDM1_FLT3_IRQHandler
                0x000000000800c2d4                TIM23_IRQHandler
                0x000000000800c2d4                USART6_IRQHandler
                0x000000000800c2d4                TIM17_IRQHandler
                0x000000000800c2d4                USART3_IRQHandler
                0x000000000800c2d4                BDMA_Channel7_IRQHandler
                0x000000000800c2d4                LPTIM5_IRQHandler
                0x000000000800c2d4                UART5_IRQHandler
                0x000000000800c2d4                ADC3_IRQHandler
                0x000000000800c2d4                DMA2_Stream0_IRQHandler
                0x000000000800c2d4                BDMA_Channel2_IRQHandler
                0x000000000800c2d4                I2C1_EV_IRQHandler
                0x000000000800c2d4                DMA1_Stream6_IRQHandler
                0x000000000800c2d4                DMAMUX1_OVR_IRQHandler
                0x000000000800c2d4                TIM16_IRQHandler
                0x000000000800c2d4                UART4_IRQHandler
                0x000000000800c2d4                BDMA_Channel5_IRQHandler
                0x000000000800c2d4                TIM3_IRQHandler
                0x000000000800c2d4                RCC_IRQHandler
                0x000000000800c2d4                UART9_IRQHandler
                0x000000000800c2d4                TIM8_BRK_TIM12_IRQHandler
                0x000000000800c2d4                TIM1_TRG_COM_IRQHandler
                0x000000000800c2d4                Default_Handler
                0x000000000800c2d4                ECC_IRQHandler
                0x000000000800c2d4                FMAC_IRQHandler
                0x000000000800c2d4                CEC_IRQHandler
                0x000000000800c2d4                EXTI15_10_IRQHandler
                0x000000000800c2d4                BDMA_Channel0_IRQHandler
                0x000000000800c2d4                ADC_IRQHandler
                0x000000000800c2d4                I2C5_ER_IRQHandler
                0x000000000800c2d4                DMA1_Stream7_IRQHandler
                0x000000000800c2d4                SPI5_IRQHandler
                0x000000000800c2d4                TIM7_IRQHandler
                0x000000000800c2d4                FDCAN3_IT1_IRQHandler
                0x000000000800c2d4                SDMMC1_IRQHandler
                0x000000000800c2d4                TIM5_IRQHandler
                0x000000000800c2d4                TIM15_IRQHandler
                0x000000000800c2d4                PVD_AVD_IRQHandler
                0x000000000800c2d4                I2C3_EV_IRQHandler
                0x000000000800c2d4                EXTI9_5_IRQHandler
                0x000000000800c2d4                RTC_WKUP_IRQHandler
                0x000000000800c2d4                LTDC_IRQHandler
                0x000000000800c2d4                ETH_WKUP_IRQHandler
                0x000000000800c2d4                SPDIF_RX_IRQHandler
                0x000000000800c2d4                SPI2_IRQHandler
                0x000000000800c2d4                OTG_HS_EP1_IN_IRQHandler
                0x000000000800c2d4                TIM24_IRQHandler
                0x000000000800c2d4                CRS_IRQHandler
                0x000000000800c2d4                EXTI4_IRQHandler
                0x000000000800c2d4                RNG_IRQHandler
                0x000000000800c2d4                FDCAN2_IT1_IRQHandler
                0x000000000800c2d4                ETH_IRQHandler
                0x000000000800c2d4                TIM1_UP_IRQHandler
                0x000000000800c2d4                BDMA_Channel4_IRQHandler
                0x000000000800c2d4                OTG_HS_EP1_OUT_IRQHandler
                0x000000000800c2d4                WWDG_IRQHandler
                0x000000000800c2d4                SPI6_IRQHandler
                0x000000000800c2d4                MDIOS_IRQHandler
                0x000000000800c2d4                I2C4_EV_IRQHandler
                0x000000000800c2d4                FDCAN2_IT0_IRQHandler
                0x000000000800c2d4                LPUART1_IRQHandler
                0x000000000800c2d4                FDCAN1_IT0_IRQHandler
                0x000000000800c2d4                TIM2_IRQHandler
                0x000000000800c2d4                DMA2D_IRQHandler
                0x000000000800c2d4                TIM1_BRK_IRQHandler
                0x000000000800c2d4                EXTI1_IRQHandler
                0x000000000800c2d4                BDMA_Channel3_IRQHandler
                0x000000000800c2d4                DTS_IRQHandler
                0x000000000800c2d4                UART7_IRQHandler
                0x000000000800c2d4                MDIOS_WKUP_IRQHandler
                0x000000000800c2d4                USART2_IRQHandler
                0x000000000800c2d4                DFSDM1_FLT0_IRQHandler
                0x000000000800c2d4                SAI4_IRQHandler
                0x000000000800c2d4                I2C2_ER_IRQHandler
                0x000000000800c2d4                DMA2_Stream1_IRQHandler
                0x000000000800c2d4                FLASH_IRQHandler
                0x000000000800c2d4                DMA2_Stream4_IRQHandler
                0x000000000800c2d4                USART1_IRQHandler
                0x000000000800c2d4                SPI3_IRQHandler
                0x000000000800c2d4                WAKEUP_PIN_IRQHandler
                0x000000000800c2d4                I2C1_ER_IRQHandler
                0x000000000800c2d4                FMC_IRQHandler
                0x000000000800c2d4                FDCAN_CAL_IRQHandler
                0x000000000800c2d4                SWPMI1_IRQHandler
                0x000000000800c2d4                COMP1_IRQHandler
                0x000000000800c2d4                LPTIM1_IRQHandler
                0x000000000800c2d4                DCMI_PSSI_IRQHandler
                0x000000000800c2d4                I2C4_ER_IRQHandler
                0x000000000800c2d4                DMA2_Stream6_IRQHandler
                0x000000000800c2d4                SAI1_IRQHandler
 *fill*         0x000000000800c2d6        0x2 
 .text.__libc_init_array
                0x000000000800c2d8       0x48 /nix/store/9w2nhnv8b84a8yg8jsii47ikl60bz16p-gcc-arm-embedded-9.3.1/bin/../lib/gcc/arm-none-eabi/9.3.1/../../../../arm-none-eabi/lib/thumb/v7e-m+dp/hard/libc_nano.a(lib_a-init.o)
                0x000000000800c2d8                __libc_init_array
 .text.memcpy   0x000000000800c320       0x1c /nix/store/9w2nhnv8b84a8yg8jsii47ikl60bz16p-gcc-arm-embedded-9.3.1/bin/../lib/gcc/arm-none-eabi/9.3.1/../../../../arm-none-eabi/lib/thumb/v7e-m+dp/hard/libc_nano.a(lib_a-memcpy-stub.o)
                0x000000000800c320                memcpy
 .text.memset   0x000000000800c33c       0x10 /nix/store/9w2nhnv8b84a8yg8jsii47ikl60bz16p-gcc-arm-embedded-9.3.1/bin/../lib/gcc/arm-none-eabi/9.3.1/../../../../arm-none-eabi/lib/thumb/v7e-m+dp/hard/libc_nano.a(lib_a-memset.o)
                0x000000000800c33c                memset
 *(.glue_7)
 .glue_7        0x000000000800c34c        0x0 linker stubs
 *(.glue_7t)
 .glue_7t       0x000000000800c34c        0x0 linker stubs
 *(.eh_frame)
 .eh_frame      0x000000000800c34c        0x0 /nix/store/9w2nhnv8b84a8yg8jsii47ikl60bz16p-gcc-arm-embedded-9.3.1/bin/../lib/gcc/arm-none-eabi/9.3.1/thumb/v7e-m+dp/hard/crtbegin.o
 *(.init)
 .init          0x000000000800c34c        0x4 /nix/store/9w2nhnv8b84a8yg8jsii47ikl60bz16p-gcc-arm-embedded-9.3.1/bin/../lib/gcc/arm-none-eabi/9.3.1/thumb/v7e-m+dp/hard/crti.o
                0x000000000800c34c                _init
 .init          0x000000000800c350        0x8 /nix/store/9w2nhnv8b84a8yg8jsii47ikl60bz16p-gcc-arm-embedded-9.3.1/bin/../lib/gcc/arm-none-eabi/9.3.1/thumb/v7e-m+dp/hard/crtn.o
 *(.fini)
 .fini          0x000000000800c358        0x4 /nix/store/9w2nhnv8b84a8yg8jsii47ikl60bz16p-gcc-arm-embedded-9.3.1/bin/../lib/gcc/arm-none-eabi/9.3.1/thumb/v7e-m+dp/hard/crti.o
                0x000000000800c358                _fini
 .fini          0x000000000800c35c        0x8 /nix/store/9w2nhnv8b84a8yg8jsii47ikl60bz16p-gcc-arm-embedded-9.3.1/bin/../lib/gcc/arm-none-eabi/9.3.1/thumb/v7e-m+dp/hard/crtn.o
                0x000000000800c364                . = ALIGN (0x4)
                0x000000000800c364                _etext = .

.vfp11_veneer   0x000000000800c364        0x0
 .vfp11_veneer  0x000000000800c364        0x0 linker stubs

.v4_bx          0x000000000800c364        0x0
 .v4_bx         0x000000000800c364        0x0 linker stubs

.iplt           0x000000000800c364        0x0
 .iplt          0x000000000800c364        0x0 /nix/store/9w2nhnv8b84a8yg8jsii47ikl60bz16p-gcc-arm-embedded-9.3.1/bin/../lib/gcc/arm-none-eabi/9.3.1/thumb/v7e-m+dp/hard/crtbegin.o

.rodata         0x000000000800c364       0xe4
                0x000000000800c364                . = ALIGN (0x4)
 *(.rodata)
 .rodata        0x000000000800c364       0x4c build/stm32h7xx_hal_fdcan.o
 *(.rodata*)
 .rodata.main.str1.4
                0x000000000800c3b0        0x8 build/main.o
 .rodata.SD_Driver
                0x000000000800c3b8       0x14 build/sd_diskio.o
                0x000000000800c3b8                SD_Driver
 .rodata.USBD_HS_ProductStrDescriptor.str1.4
                0x000000000800c3cc       0x19 build/usbd_desc.o
 *fill*         0x000000000800c3e5        0x3 
 .rodata.USBD_HS_ManufacturerStrDescriptor.str1.4
                0x000000000800c3e8        0x4 build/usbd_desc.o
 .rodata.USBD_HS_ConfigStrDescriptor.str1.4
                0x000000000800c3ec        0xb build/usbd_desc.o
 *fill*         0x000000000800c3f7        0x1 
 .rodata.USBD_HS_InterfaceStrDescriptor.str1.4
                0x000000000800c3f8        0xe build/usbd_desc.o
 *fill*         0x000000000800c406        0x2 
 .rodata.flagBitshiftOffset.13400
                0x000000000800c408        0x8 build/stm32h7xx_hal_dma.o
 .rodata.UARTPrescTable
                0x000000000800c410       0x18 build/stm32h7xx_hal_uart.o
                0x000000000800c410                UARTPrescTable
 .rodata.denominator.13371
                0x000000000800c428        0x8 build/stm32h7xx_hal_uart_ex.o
 .rodata.numerator.13370
                0x000000000800c430        0x8 build/stm32h7xx_hal_uart_ex.o
 .rodata.D1CorePrescTable
                0x000000000800c438       0x10 build/system_stm32h7xx.o
                0x000000000800c438                D1CorePrescTable
                0x000000000800c448                . = ALIGN (0x4)

.ARM.extab
 *(.ARM.extab* .gnu.linkonce.armextab.*)

.ARM            0x000000000800c448        0x8
                0x000000000800c448                __exidx_start = .
 *(.ARM.exidx*)
 .ARM.exidx     0x000000000800c448        0x8 /nix/store/9w2nhnv8b84a8yg8jsii47ikl60bz16p-gcc-arm-embedded-9.3.1/bin/../lib/gcc/arm-none-eabi/9.3.1/thumb/v7e-m+dp/hard/libgcc.a(_udivmoddi4.o)
                0x000000000800c450                __exidx_end = .

.rel.dyn        0x000000000800c450        0x0
 .rel.iplt      0x000000000800c450        0x0 /nix/store/9w2nhnv8b84a8yg8jsii47ikl60bz16p-gcc-arm-embedded-9.3.1/bin/../lib/gcc/arm-none-eabi/9.3.1/thumb/v7e-m+dp/hard/crtbegin.o

.preinit_array  0x000000000800c450        0x0
                0x000000000800c450                PROVIDE (__preinit_array_start = .)
 *(.preinit_array*)
                0x000000000800c450                PROVIDE (__preinit_array_end = .)

.init_array     0x000000000800c450        0x4
                0x000000000800c450                PROVIDE (__init_array_start = .)
 *(SORT_BY_NAME(.init_array.*))
 *(.init_array*)
 .init_array    0x000000000800c450        0x4 /nix/store/9w2nhnv8b84a8yg8jsii47ikl60bz16p-gcc-arm-embedded-9.3.1/bin/../lib/gcc/arm-none-eabi/9.3.1/thumb/v7e-m+dp/hard/crtbegin.o
                0x000000000800c454                PROVIDE (__init_array_end = .)

.fini_array     0x000000000800c454        0x4
                [!provide]                        PROVIDE (__fini_array_start = .)
 *(SORT_BY_NAME(.fini_array.*))
 *(.fini_array*)
 .fini_array    0x000000000800c454        0x4 /nix/store/9w2nhnv8b84a8yg8jsii47ikl60bz16p-gcc-arm-embedded-9.3.1/bin/../lib/gcc/arm-none-eabi/9.3.1/thumb/v7e-m+dp/hard/crtbegin.o
                [!provide]                        PROVIDE (__fini_array_end = .)
                0x000000000800c458                _sidata = LOADADDR (.data)

.data           0x0000000020000000      0x104 load address 0x000000000800c458
                0x0000000020000000                . = ALIGN (0x4)
                0x0000000020000000                _sdata = .
 *(.data)
 *(.data*)
 .data.Stat     0x0000000020000000        0x1 build/sd_diskio.o
 *fill*         0x0000000020000001        0x3 
 .data.HS_Desc  0x0000000020000004       0x20 build/usbd_desc.o
                0x0000000020000004                HS_Desc
 .data.USBD_HS_DeviceDesc
                0x0000000020000024       0x12 build/usbd_desc.o
                0x0000000020000024                USBD_HS_DeviceDesc
 *fill*         0x0000000020000036        0x2 
 .data.USBD_LangIDDesc
                0x0000000020000038        0x4 build/usbd_desc.o
                0x0000000020000038                USBD_LangIDDesc
 .data.USBD_StringSerial
                0x000000002000003c       0x1a build/usbd_desc.o
                0x000000002000003c                USBD_StringSerial
 *fill*         0x0000000020000056        0x2 
 .data.USBD_Interface_fops_HS
                0x0000000020000058       0x14 build/usbd_cdc_if.o
                0x0000000020000058                USBD_Interface_fops_HS
 .data.uwTickFreq
                0x000000002000006c        0x1 build/stm32h7xx_hal.o
                0x000000002000006c                uwTickFreq
 *fill*         0x000000002000006d        0x3 
 .data.uwTickPrio
                0x0000000020000070        0x4 build/stm32h7xx_hal.o
                0x0000000020000070                uwTickPrio
 .data.SystemCoreClock
                0x0000000020000074        0x4 build/system_stm32h7xx.o
                0x0000000020000074                SystemCoreClock
 .data.SystemD2Clock
                0x0000000020000078        0x4 build/system_stm32h7xx.o
                0x0000000020000078                SystemD2Clock
 .data.USBD_CDC
                0x000000002000007c       0x38 build/usbd_cdc.o
                0x000000002000007c                USBD_CDC
 .data.USBD_CDC_CfgDesc
                0x00000000200000b4       0x43 build/usbd_cdc.o
 *fill*         0x00000000200000f7        0x1 
 .data.USBD_CDC_DeviceQualifierDesc
                0x00000000200000f8        0xa build/usbd_cdc.o
                0x0000000020000104                . = ALIGN (0x4)
 *fill*         0x0000000020000102        0x2 
                0x0000000020000104                _edata = .

.igot.plt       0x0000000020000104        0x0 load address 0x000000000800c55c
 .igot.plt      0x0000000020000104        0x0 /nix/store/9w2nhnv8b84a8yg8jsii47ikl60bz16p-gcc-arm-embedded-9.3.1/bin/../lib/gcc/arm-none-eabi/9.3.1/thumb/v7e-m+dp/hard/crtbegin.o
                0x0000000020000104                . = ALIGN (0x4)

.bss            0x0000000020000108     0x4738 load address 0x000000000800c55c
                0x0000000020000108                _sbss = .
                0x0000000020000108                __bss_start__ = _sbss
 *(.bss)
 .bss           0x0000000020000108       0x1c /nix/store/9w2nhnv8b84a8yg8jsii47ikl60bz16p-gcc-arm-embedded-9.3.1/bin/../lib/gcc/arm-none-eabi/9.3.1/thumb/v7e-m+dp/hard/crtbegin.o
 *(.bss*)
 .bss.ReadStatus
                0x0000000020000124        0x4 build/sd_diskio.o
 .bss.WriteStatus
                0x0000000020000128        0x4 build/sd_diskio.o
 .bss.mem.15205
                0x000000002000012c      0x220 build/usbd_conf.o
 .bss.disk      0x000000002000034c        0xc build/ff_gen_drv.o
                0x000000002000034c                disk
 .bss.cfgidx.15142
                0x0000000020000358        0x1 build/usbd_ctlreq.o
 *(COMMON)
 *fill*         0x0000000020000359        0x7 
 COMMON         0x0000000020000360      0xa84 build/main.o
                0x0000000020000360                x
                0x0000000020000380                hspi2
                0x0000000020000408                htim4
                0x0000000020000454                hdma_tim5_ch4
                0x00000000200004cc                hi2c2
                0x0000000020000520                hfdcan3
                0x00000000200005c0                hdma_adc3
                0x0000000020000638                htim5
                0x0000000020000684                htim3
                0x00000000200006d0                hspi3
                0x0000000020000758                hsd2
                0x00000000200007d4                hadc1
                0x0000000020000844                hdma_tim3_ch1
                0x00000000200008bc                LED_Color_Data
                0x00000000200008e8                hadc3
                0x0000000020000958                htim13
                0x00000000200009a4                hdma_adc1
                0x0000000020000a1c                hdma_tim4_ch3
                0x0000000020000a94                hdma_tim3_ch2
                0x0000000020000b0c                hrng
                0x0000000020000b20                huart6
                0x0000000020000bb4                huart4
                0x0000000020000c48                hspi1
                0x0000000020000cd0                htim2
                0x0000000020000d1c                htim14
                0x0000000020000d68                DMA_data
                0x0000000020000d6a                read_Data
                0x0000000020000d6c                hdma_tim2_ch3
 COMMON         0x0000000020000de4     0x2070 build/fatfs.o
                0x0000000020000de4                retSD
                0x0000000020000de8                SDPath
                0x0000000020000dec                SDFile
                0x0000000020001e1c                SDFatFS
 COMMON         0x0000000020002e54      0x2dc build/usb_device.o
                0x0000000020002e54                hUsbDeviceHS
 COMMON         0x0000000020003130      0x200 build/usbd_desc.o
                0x0000000020003130                USBD_StrDesc
 COMMON         0x0000000020003330     0x1000 build/usbd_cdc_if.o
                0x0000000020003330                UserRxBufferHS
                0x0000000020003b30                UserTxBufferHS
 COMMON         0x0000000020004330      0x50c build/usbd_conf.o
                0x0000000020004330                hpcd_USB_OTG_HS
 COMMON         0x000000002000483c        0x4 build/stm32h7xx_hal.o
                0x000000002000483c                uwTick
                0x0000000020004840                . = ALIGN (0x4)
                0x0000000020004840                _ebss = .
                0x0000000020004840                __bss_end__ = _ebss

._user_heap_stack
                0x0000000020004840      0xc00 load address 0x000000000800c55c
                0x0000000020004840                . = ALIGN (0x8)
                [!provide]                        PROVIDE (end = .)
                0x0000000020004840                PROVIDE (_end = .)
                0x0000000020004c40                . = (. + _Min_Heap_Size)
 *fill*         0x0000000020004840      0x400 
                0x0000000020005440                . = (. + _Min_Stack_Size)
 *fill*         0x0000000020004c40      0x800 
                0x0000000020005440                . = ALIGN (0x8)

/DISCARD/
 libc.a(*)
 libm.a(*)
 libgcc.a(*)
OUTPUT(build/AvioNEXT.elf elf32-littlearm)
LOAD linker stubs
LOAD /nix/store/9w2nhnv8b84a8yg8jsii47ikl60bz16p-gcc-arm-embedded-9.3.1/bin/../lib/gcc/arm-none-eabi/9.3.1/../../../../arm-none-eabi/lib/thumb/v7e-m+dp/hard/libc.a
LOAD /nix/store/9w2nhnv8b84a8yg8jsii47ikl60bz16p-gcc-arm-embedded-9.3.1/bin/../lib/gcc/arm-none-eabi/9.3.1/../../../../arm-none-eabi/lib/thumb/v7e-m+dp/hard/libm.a
LOAD /nix/store/9w2nhnv8b84a8yg8jsii47ikl60bz16p-gcc-arm-embedded-9.3.1/bin/../lib/gcc/arm-none-eabi/9.3.1/thumb/v7e-m+dp/hard/libgcc.a

.ARM.attributes
                0x0000000000000000       0x2e
 .ARM.attributes
                0x0000000000000000       0x1e /nix/store/9w2nhnv8b84a8yg8jsii47ikl60bz16p-gcc-arm-embedded-9.3.1/bin/../lib/gcc/arm-none-eabi/9.3.1/thumb/v7e-m+dp/hard/crti.o
 .ARM.attributes
                0x000000000000001e       0x32 /nix/store/9w2nhnv8b84a8yg8jsii47ikl60bz16p-gcc-arm-embedded-9.3.1/bin/../lib/gcc/arm-none-eabi/9.3.1/thumb/v7e-m+dp/hard/crtbegin.o
 .ARM.attributes
                0x0000000000000050       0x32 build/main.o
 .ARM.attributes
                0x0000000000000082       0x32 build/stm32h7xx_it.o
 .ARM.attributes
                0x00000000000000b4       0x32 build/stm32h7xx_hal_msp.o
 .ARM.attributes
                0x00000000000000e6       0x32 build/fatfs.o
 .ARM.attributes
                0x0000000000000118       0x32 build/bsp_driver_sd.o
 .ARM.attributes
                0x000000000000014a       0x32 build/sd_diskio.o
 .ARM.attributes
                0x000000000000017c       0x32 build/usb_device.o
 .ARM.attributes
                0x00000000000001ae       0x32 build/usbd_desc.o
 .ARM.attributes
                0x00000000000001e0       0x32 build/usbd_cdc_if.o
 .ARM.attributes
                0x0000000000000212       0x32 build/usbd_conf.o
 .ARM.attributes
                0x0000000000000244       0x32 build/stm32h7xx_hal_pcd.o
 .ARM.attributes
                0x0000000000000276       0x32 build/stm32h7xx_hal_pcd_ex.o
 .ARM.attributes
                0x00000000000002a8       0x32 build/stm32h7xx_ll_usb.o
 .ARM.attributes
                0x00000000000002da       0x32 build/stm32h7xx_hal_rcc.o
 .ARM.attributes
                0x000000000000030c       0x32 build/stm32h7xx_hal_rcc_ex.o
 .ARM.attributes
                0x000000000000033e       0x32 build/stm32h7xx_hal_gpio.o
 .ARM.attributes
                0x0000000000000370       0x32 build/stm32h7xx_hal_dma.o
 .ARM.attributes
                0x00000000000003a2       0x32 build/stm32h7xx_hal_pwr_ex.o
 .ARM.attributes
                0x00000000000003d4       0x32 build/stm32h7xx_hal_cortex.o
 .ARM.attributes
                0x0000000000000406       0x32 build/stm32h7xx_hal.o
 .ARM.attributes
                0x0000000000000438       0x32 build/stm32h7xx_hal_i2c.o
 .ARM.attributes
                0x000000000000046a       0x32 build/stm32h7xx_hal_i2c_ex.o
 .ARM.attributes
                0x000000000000049c       0x32 build/stm32h7xx_hal_adc.o
 .ARM.attributes
                0x00000000000004ce       0x32 build/stm32h7xx_hal_adc_ex.o
 .ARM.attributes
                0x0000000000000500       0x32 build/stm32h7xx_hal_fdcan.o
 .ARM.attributes
                0x0000000000000532       0x32 build/stm32h7xx_hal_rng.o
 .ARM.attributes
                0x0000000000000564       0x32 build/stm32h7xx_ll_sdmmc.o
 .ARM.attributes
                0x0000000000000596       0x32 build/stm32h7xx_hal_sd.o
 .ARM.attributes
                0x00000000000005c8       0x32 build/stm32h7xx_hal_spi.o
 .ARM.attributes
                0x00000000000005fa       0x32 build/stm32h7xx_hal_tim.o
 .ARM.attributes
                0x000000000000062c       0x32 build/stm32h7xx_hal_tim_ex.o
 .ARM.attributes
                0x000000000000065e       0x32 build/stm32h7xx_hal_uart.o
 .ARM.attributes
                0x0000000000000690       0x32 build/stm32h7xx_hal_uart_ex.o
 .ARM.attributes
                0x00000000000006c2       0x32 build/system_stm32h7xx.o
 .ARM.attributes
                0x00000000000006f4       0x32 build/ff_gen_drv.o
 .ARM.attributes
                0x0000000000000726       0x32 build/usbd_core.o
 .ARM.attributes
                0x0000000000000758       0x32 build/usbd_ctlreq.o
 .ARM.attributes
                0x000000000000078a       0x32 build/usbd_ioreq.o
 .ARM.attributes
                0x00000000000007bc       0x32 build/usbd_cdc.o
 .ARM.attributes
                0x00000000000007ee       0x21 build/startup_stm32h723xx.o
 .ARM.attributes
                0x000000000000080f       0x32 /nix/store/9w2nhnv8b84a8yg8jsii47ikl60bz16p-gcc-arm-embedded-9.3.1/bin/../lib/gcc/arm-none-eabi/9.3.1/../../../../arm-none-eabi/lib/thumb/v7e-m+dp/hard/libc_nano.a(lib_a-init.o)
 .ARM.attributes
                0x0000000000000841       0x32 /nix/store/9w2nhnv8b84a8yg8jsii47ikl60bz16p-gcc-arm-embedded-9.3.1/bin/../lib/gcc/arm-none-eabi/9.3.1/../../../../arm-none-eabi/lib/thumb/v7e-m+dp/hard/libc_nano.a(lib_a-memcpy-stub.o)
 .ARM.attributes
                0x0000000000000873       0x32 /nix/store/9w2nhnv8b84a8yg8jsii47ikl60bz16p-gcc-arm-embedded-9.3.1/bin/../lib/gcc/arm-none-eabi/9.3.1/../../../../arm-none-eabi/lib/thumb/v7e-m+dp/hard/libc_nano.a(lib_a-memset.o)
 .ARM.attributes
                0x00000000000008a5       0x1e /nix/store/9w2nhnv8b84a8yg8jsii47ikl60bz16p-gcc-arm-embedded-9.3.1/bin/../lib/gcc/arm-none-eabi/9.3.1/thumb/v7e-m+dp/hard/libgcc.a(_aeabi_uldivmod.o)
 .ARM.attributes
                0x00000000000008c3       0x32 /nix/store/9w2nhnv8b84a8yg8jsii47ikl60bz16p-gcc-arm-embedded-9.3.1/bin/../lib/gcc/arm-none-eabi/9.3.1/thumb/v7e-m+dp/hard/libgcc.a(_udivmoddi4.o)
 .ARM.attributes
                0x00000000000008f5       0x1e /nix/store/9w2nhnv8b84a8yg8jsii47ikl60bz16p-gcc-arm-embedded-9.3.1/bin/../lib/gcc/arm-none-eabi/9.3.1/thumb/v7e-m+dp/hard/libgcc.a(_dvmd_tls.o)
 .ARM.attributes
                0x0000000000000913       0x1e /nix/store/9w2nhnv8b84a8yg8jsii47ikl60bz16p-gcc-arm-embedded-9.3.1/bin/../lib/gcc/arm-none-eabi/9.3.1/thumb/v7e-m+dp/hard/crtn.o

.comment        0x0000000000000000       0x4c
 .comment       0x0000000000000000       0x4c build/main.o
                                         0x4d (size before relaxing)
 .comment       0x000000000000004c       0x4d build/stm32h7xx_it.o
 .comment       0x000000000000004c       0x4d build/stm32h7xx_hal_msp.o
 .comment       0x000000000000004c       0x4d build/fatfs.o
 .comment       0x000000000000004c       0x4d build/bsp_driver_sd.o
 .comment       0x000000000000004c       0x4d build/sd_diskio.o
 .comment       0x000000000000004c       0x4d build/usb_device.o
 .comment       0x000000000000004c       0x4d build/usbd_desc.o
 .comment       0x000000000000004c       0x4d build/usbd_cdc_if.o
 .comment       0x000000000000004c       0x4d build/usbd_conf.o
 .comment       0x000000000000004c       0x4d build/stm32h7xx_hal_pcd.o
 .comment       0x000000000000004c       0x4d build/stm32h7xx_hal_pcd_ex.o
 .comment       0x000000000000004c       0x4d build/stm32h7xx_ll_usb.o
 .comment       0x000000000000004c       0x4d build/stm32h7xx_hal_rcc.o
 .comment       0x000000000000004c       0x4d build/stm32h7xx_hal_rcc_ex.o
 .comment       0x000000000000004c       0x4d build/stm32h7xx_hal_gpio.o
 .comment       0x000000000000004c       0x4d build/stm32h7xx_hal_dma.o
 .comment       0x000000000000004c       0x4d build/stm32h7xx_hal_pwr_ex.o
 .comment       0x000000000000004c       0x4d build/stm32h7xx_hal_cortex.o
 .comment       0x000000000000004c       0x4d build/stm32h7xx_hal.o
 .comment       0x000000000000004c       0x4d build/stm32h7xx_hal_i2c.o
 .comment       0x000000000000004c       0x4d build/stm32h7xx_hal_i2c_ex.o
 .comment       0x000000000000004c       0x4d build/stm32h7xx_hal_adc.o
 .comment       0x000000000000004c       0x4d build/stm32h7xx_hal_adc_ex.o
 .comment       0x000000000000004c       0x4d build/stm32h7xx_hal_fdcan.o
 .comment       0x000000000000004c       0x4d build/stm32h7xx_hal_rng.o
 .comment       0x000000000000004c       0x4d build/stm32h7xx_ll_sdmmc.o
 .comment       0x000000000000004c       0x4d build/stm32h7xx_hal_sd.o
 .comment       0x000000000000004c       0x4d build/stm32h7xx_hal_spi.o
 .comment       0x000000000000004c       0x4d build/stm32h7xx_hal_tim.o
 .comment       0x000000000000004c       0x4d build/stm32h7xx_hal_tim_ex.o
 .comment       0x000000000000004c       0x4d build/stm32h7xx_hal_uart.o
 .comment       0x000000000000004c       0x4d build/stm32h7xx_hal_uart_ex.o
 .comment       0x000000000000004c       0x4d build/system_stm32h7xx.o
 .comment       0x000000000000004c       0x4d build/ff_gen_drv.o
 .comment       0x000000000000004c       0x4d build/usbd_core.o
 .comment       0x000000000000004c       0x4d build/usbd_ctlreq.o
 .comment       0x000000000000004c       0x4d build/usbd_ioreq.o
 .comment       0x000000000000004c       0x4d build/usbd_cdc.o

.debug_info     0x0000000000000000    0x66350
 .debug_info    0x0000000000000000     0x6751 build/main.o
 .debug_info    0x0000000000006751     0x247e build/stm32h7xx_it.o
 .debug_info    0x0000000000008bcf     0x4ee0 build/stm32h7xx_hal_msp.o
 .debug_info    0x000000000000daaf     0x1187 build/fatfs.o
 .debug_info    0x000000000000ec36     0x1672 build/bsp_driver_sd.o
 .debug_info    0x00000000000102a8     0x1357 build/sd_diskio.o
 .debug_info    0x00000000000115ff     0x142c build/usb_device.o
 .debug_info    0x0000000000012a2b     0x1281 build/usbd_desc.o
 .debug_info    0x0000000000013cac     0x1689 build/usbd_cdc_if.o
 .debug_info    0x0000000000015335     0x35f3 build/usbd_conf.o
 .debug_info    0x0000000000018928     0x28e0 build/stm32h7xx_hal_pcd.o
 .debug_info    0x000000000001b208     0x16b0 build/stm32h7xx_hal_pcd_ex.o
 .debug_info    0x000000000001c8b8     0x2dc9 build/stm32h7xx_ll_usb.o
 .debug_info    0x000000000001f681     0x1dd6 build/stm32h7xx_hal_rcc.o
 .debug_info    0x0000000000021457     0x27e2 build/stm32h7xx_hal_rcc_ex.o
 .debug_info    0x0000000000023c39     0x1ab0 build/stm32h7xx_hal_gpio.o
 .debug_info    0x00000000000256e9     0x1b60 build/stm32h7xx_hal_dma.o
 .debug_info    0x0000000000027249     0x1d0d build/stm32h7xx_hal_pwr_ex.o
 .debug_info    0x0000000000028f56     0x20a3 build/stm32h7xx_hal_cortex.o
 .debug_info    0x000000000002aff9     0x2596 build/stm32h7xx_hal.o
 .debug_info    0x000000000002d58f     0x519b build/stm32h7xx_hal_i2c.o
 .debug_info    0x000000000003272a     0x1b88 build/stm32h7xx_hal_i2c_ex.o
 .debug_info    0x00000000000342b2     0x4a8a build/stm32h7xx_hal_adc.o
 .debug_info    0x0000000000038d3c     0x4a19 build/stm32h7xx_hal_adc_ex.o
 .debug_info    0x000000000003d755     0x4392 build/stm32h7xx_hal_fdcan.o
 .debug_info    0x0000000000041ae7     0x122b build/stm32h7xx_hal_rng.o
 .debug_info    0x0000000000042d12     0x2888 build/stm32h7xx_ll_sdmmc.o
 .debug_info    0x000000000004559a     0x32f7 build/stm32h7xx_hal_sd.o
 .debug_info    0x0000000000048891     0x2888 build/stm32h7xx_hal_spi.o
 .debug_info    0x000000000004b119     0x4eb0 build/stm32h7xx_hal_tim.o
 .debug_info    0x000000000004ffc9     0x2d0e build/stm32h7xx_hal_tim_ex.o
 .debug_info    0x0000000000052cd7     0x754d build/stm32h7xx_hal_uart.o
 .debug_info    0x000000000005a224     0x1ef5 build/stm32h7xx_hal_uart_ex.o
 .debug_info    0x000000000005c119     0x1837 build/system_stm32h7xx.o
 .debug_info    0x000000000005d950     0x1031 build/ff_gen_drv.o
 .debug_info    0x000000000005e981     0x1f24 build/usbd_core.o
 .debug_info    0x00000000000608a5     0x209d build/usbd_ctlreq.o
 .debug_info    0x0000000000062942     0x1544 build/usbd_ioreq.o
 .debug_info    0x0000000000063e86     0x24a8 build/usbd_cdc.o
 .debug_info    0x000000000006632e       0x22 build/startup_stm32h723xx.o

.debug_abbrev   0x0000000000000000     0x8835
 .debug_abbrev  0x0000000000000000      0x50c build/main.o
 .debug_abbrev  0x000000000000050c      0x289 build/stm32h7xx_it.o